control::connection::routing::sniffed_domain_routing_tests::handoff_process_fields_decode_and_fail_closed: test
control::connection::routing::sniffed_domain_routing_tests::udp_direct_mark_preserves_rule_and_clears_override: test
control::connection::routing::sniffed_domain_routing_tests::udp_domain_modes_reroute_only_eligible_handoffs: test
control::connection::routing::sniffed_domain_routing_tests::udp_domain_modes_select_routing_identity: test
control::connection::routing::sniffed_domain_routing_tests::udp_domain_reroute_preserves_reserved_and_final_decisions: test
dns::routing::tests::request::invalid_sip_conditions_fail_router_construction: test
dns::routing::tests::request::legacy_rules_are_converted: test
dns::routing::tests::request::negated_and_positive_conditions_are_anded: test
dns::routing::tests::request::negated_qname_matches_complement: test
dns::routing::tests::request::negated_qtype_matches_complement: test
dns::routing::tests::request::negated_sip_matches_only_known_addresses_outside_its_networks: test
dns::routing::tests::request::negation_preserves_semantics: test
dns::routing::tests::request::qname_matchers_preserve_semantics: test
dns::routing::tests::request::qtype_and_combined_conditions_preserve_semantics: test
dns::routing::tests::request::qtype_only_condition_preserves_semantics: test
dns::routing::tests::request::request_actions_and_fallback_preserve_semantics: test
dns::routing::tests::request::request_rules_remain_first_match: test
dns::routing::tests::request::sip_matches_hosts_and_mixed_family_cidrs: test
dns::routing::tests::request::unknown_source_never_matches_positive_or_negated_sip: test
dns::routing::tests::response::cidr_match_preserves_requery_and_fallback: test
dns::routing::tests::response::fixed_ttl_lookup_preserves_exact_domain_semantics: test
dns::routing::tests::response::response_rules_remain_first_match: test
dns::routing::tests::response::response_sip_condition_is_rejected: test
dns::routing::tests::response::upstream_match_preserves_first_match_and_fallback: test
ebpf::real::routing::tests::four_mode_golden_policies: test
ebpf::real::routing::tests::large_prefix_fact_policy: test
ebpf::real::routing::tests::lazy_fact_cache_ipv6_host_overlap_and_default_prefix: test
ebpf::real::routing::tests::lazy_fact_cache_null_zero_mac_presence_and_invalid_family: test
ebpf::real::routing::tests::lazy_fact_cache_short_circuit_reuse_and_alternating_inputs: test
ebpf::real::routing::tests::predicate_bits_and_capacity_limits: test
ebpf::real::routing::tests::publication_failure_recovery_and_frozen_root: test
ebpf::real::routing::tests::readiness::fact_readiness_failure_joins_preserve_full_decisions: test
ebpf::real::routing::tests::readiness::fact_readiness_independent_bitmap_states: test
routing::fingerprint::tests::normalized_process_name_is_a_no_op_after_compilation: test
routing::fingerprint::tests::port_ranges_are_encoded_as_ordered_lists: test
routing::fingerprint::tests::semantic_encoder_frames_strings_and_lists: test
routing::fingerprint::tests::semantic_encoder_keeps_action_metadata_and_geo_distinct: test
routing::fingerprint::tests::semantic_encoder_preserves_domain_class_tags_and_registry_order: test
routing::fingerprint::tests::semantic_encoder_uses_stored_ip_nets_and_mac_values: test
routing::geo::scan_tests::a_duplicate_category_code_warns_and_keeps_the_last_block: test
routing::geo::scan_tests::attr_expansion_matches_tool_scan_on_real_dat: test
routing::geo::scan_tests::attr_filter_selects_only_carrying_entries: test
routing::geo::scan_tests::decodes_entry_attributes: test
routing::geo::scan_tests::find_mirrors_routing_match_semantics: test
routing::geo::scan_tests::fingerprints_track_only_selected_asset_bytes_and_state: test
routing::geo::scan_tests::geo_length_guard_rejects_a_wrapping_length: test
routing::geo::scan_tests::geoip_code_expanding_to_nothing_warns_like_geosite: test
routing::geo::scan_tests::geoip_lookup_is_longest_prefix: test
routing::geo::scan_tests::missing_geo_asset_warns_only_when_required: test
routing::geo::scan_tests::mixed_plain_and_attr_references_share_one_index: test
routing::geo::scan_tests::negated_traffic_geo_codes_are_captured_and_compiled: test
routing::geo::scan_tests::no_attr_code_behavior_unchanged: test
routing::geo::scan_tests::unknown_attr_and_multi_at_expand_to_zero: test
routing::golden::reference_matches_independent_goldens: test
routing::tests::bare_ip_in_dip_sip_parses_as_host_route: test
routing::tests::domain_bitmap_covers_full_regex_and_negative_compound_conditions: test
routing::tests::negation::test_negated_dip: test
routing::tests::negation::test_negated_domain_full_keyword_regex: test
routing::tests::negation::test_negated_domain_suffix: test
routing::tests::negation::test_negated_dport: test
routing::tests::negation::test_negated_dscp: test
routing::tests::negation::test_negated_geoip_private: test
routing::tests::negation::test_negated_ipversion: test
routing::tests::negation::test_negated_l4proto: test
routing::tests::negation::test_negated_mac: test
routing::tests::negation::test_negated_only_rule_counts_as_conditioned: test
routing::tests::negation::test_negated_pname: test
routing::tests::negation::test_negated_sip: test
routing::tests::negation::test_negated_sport: test
routing::tests::negation::test_production_rule_sip_and_not_dport: test
routing::tests::router_clone_shares_compiled_state: test
routing::tests::test_combined_conditions_and_semantics: test
routing::tests::test_domain_bitmap_does_not_claim_default_as_match: test
routing::tests::test_domain_exact_route: test
routing::tests::test_domain_glob_route: test
routing::tests::test_domain_keyword_route: test
routing::tests::test_domain_regex_route: test
routing::tests::test_domain_suffix_route: test
routing::tests::test_dscp_route: test
routing::tests::test_empty_router: test
routing::tests::test_geoip_private_route: test
routing::tests::test_geosite_cn_route: test
routing::tests::test_geosite_matcher_semantics: test
routing::tests::test_geosite_route: test
routing::tests::test_glob_to_regex: test
routing::tests::test_ip_cidr_route: test
routing::tests::test_ip_version_route: test
routing::tests::test_mac_and_process_name_combined: test
routing::tests::test_mac_route_matching: test
routing::tests::test_mark_propagation: test
routing::tests::test_mixed_family_ip_route: test
routing::tests::test_must_flag_on_outbound: test
routing::tests::test_must_flag_on_rule: test
routing::tests::test_normalize_mac: test
routing::tests::test_port_range: test
routing::tests::test_port_route: test
routing::tests::test_priority_ordering: test
routing::tests::test_process_name_route_matching: test
routing::tests::test_protocol_route: test
routing::tests::test_route_with_must: test
routing::tests::test_sniffed_domain_miss_falls_through_to_ip_rule: test
routing::tests::test_source_ip_route: test
routing::tests::test_source_port_route: test
routing::tests::test_trie_empty: test
routing::tests::test_trie_ipv4_exact: test
routing::tests::test_trie_ipv4_multi_prefix: test
routing::tests::test_trie_ipv4_prefix: test
routing::tests::test_trie_ipv4_wrong_family_rejected: test
routing::tests::test_trie_ipv6_exact: test
routing::tests::test_trie_ipv6_prefix: test
routing::tests::test_trie_mixed_families: test

111 tests, 0 benchmarks
