| engine | protocol | cold(s) | hot p50(s) | hot p95(s) | bw(Mbps) | cpu(cores) | rss(MB) |
| --- | --- | --- | --- | --- | --- | --- | --- |
| honk | direct | 0.002368 | - | - | 9406 | 0.00 | 45 |
| honk | hy2 | 0.004114 | 0.001512 | 0.003186 | 3135 | 0.31 | 42 |
| honk | hy2/udp | 0.000424 | - | - | 1101(86.5%) | 0.49 | - |
| honk | tuic | 0.004001 | 0.001867 | 0.003444 | 3561 | 0.35 | 44 |
| honk | tuic/udp | 0.000334 | - | - | 989(69.9%) | 0.55 | - |
| honk | ss2022 | 0.003343 | 0.002171 | 0.003136 | 9396 | 0.30 | 47 |
| honk | ss2022/udp | 0.000280 | - | - | 2078(69.1%) | 0.76 | - |
| honk | trojan | 0.006695 | 0.000657 | 0.007191 | 9380 | 0.35 | 47 |
| honk | trojan/udp | 0.000128 | - | - | 1773(78.4%) | 0.73 | - |
| honk | anytls-sb | 0.003662 | 0.002187 | 0.002789 | 9394 | 0.40 | 47 |
| honk | anytls-sb/udp | 0.000200 | - | - | 1600(79.4%) | 0.56 | - |
| honk | anytls-go | 0.003510 | 0.001820 | 0.002242 | 9387 | 0.44 | 46 |
| honk | anytls-go/udp | 0.000269 | - | - | 1726(78.4%) | 0.59 | - |
| dae | direct | 0.002888 | - | - | 9405 | 0.00 | 47 |
| dae | hy2 | 0.006111 | 0.000863 | 0.000983 | 3762 | 0.70 | 63 |
| dae | hy2/udp | 0.000440 | - | - | 1056(87.1%) | 0.70 | - |
| dae | tuic | 0.007983 | 0.001115 | 0.001507 | 3306 | 0.65 | 59 |
| dae | tuic/udp | 0.000771 | - | - | 1147(86.0%) | 0.76 | - |
| dae | ss2022 | 0.003933 | 0.002225 | 0.002869 | 9399 | 0.36 | 62 |
| dae | ss2022/udp | 0.000197 | - | - | 2908(56.9%) | 1.27 | - |
| dae | trojan | 0.009316 | 0.005301 | 0.008632 | 9390 | 0.43 | 60 |
| dae | trojan/udp | 0.000193 | - | - | 3142(59.6%) | 1.12 | - |
| dae | anytls-sb | 0.008087 | 0.001730 | 0.004468 | 9381 | 0.22 | 63 |
| dae | anytls-sb/udp | 0.000228 | - | - | 1550(80.3%) | 0.63 | - |
| dae | anytls-go | 0.007700 | 0.001282 | 0.002598 | 9380 | 0.24 | 63 |
| dae | anytls-go/udp | 0.000204 | - | - | 1656(79.1%) | 0.30 | - |
| sing-box | direct | 0.008004 | - | - | 9400 | 0.40 | 63 |
| sing-box | hy2 | 0.009475 | 0.000954 | 0.001372 | 2860 | 0.62 | 66 |
| sing-box | hy2/udp | 0.000491 | - | - | 0(-) | 1.03 | - |
| sing-box | tuic | 0.014772 | 0.001336 | 0.002075 | 3265 | 0.75 | 72 |
| sing-box | tuic/udp | 0.000305 | - | - | 1027(87.4%) | 1.41 | - |
| sing-box | ss2022 | 0.003659 | 0.001591 | 0.003761 | 9389 | 0.48 | 71 |
| sing-box | ss2022/udp | 0.000178 | - | - | 2963(55.9%) | 1.41 | - |
| sing-box | trojan | 0.009684 | 0.004174 | 0.005904 | 9383 | 0.65 | 71 |
| sing-box | trojan/udp | 0.000201 | - | - | 3426(55.4%) | 1.51 | - |
| sing-box | anytls-sb | 0.007268 | 0.001328 | 0.001695 | 9388 | 0.71 | 73 |
| sing-box | anytls-sb/udp | 0.000164 | - | - | 1398(81.1%) | 1.17 | - |
| sing-box | anytls-go | 0.009646 | 0.001307 | 0.001932 | 9376 | 0.87 | 76 |
| sing-box | anytls-go/udp | 0.000187 | - | - | 1327(82.6%) | 1.18 | - |

## loaded latency stability (200 samples, 250ms cadence)
| engine | protocol | load(Mbps) | p50(ms) | p95(ms) | p99(ms) | max(ms) | failures |
| --- | --- | --- | --- | --- | --- | --- | --- |
| honk | direct | 9408 | 3.284 | 4.040 | 5.335 | 1007.208 | 0/200 |
| honk | hy2 | 3048 | 1.797 | 2.239 | 2.623 | 2.868 | 3/200 |
| honk | tuic | 3645 | 1.843 | 2.130 | 2.560 | 2.894 | 0/200 |
| honk | ss2022 | 9402 | 2.868 | 7.369 | 13.012 | 15.906 | 0/200 |
| honk | trojan | 9389 | 2.062 | 5.497 | 8.842 | 10.256 | 0/200 |
| honk | anytls-sb | 9388 | 2.567 | 8.609 | 15.587 | 20.091 | 0/200 |
| honk | anytls-go | 9354 | 2.496 | 12.660 | 17.358 | 23.054 | 0/200 |
| dae | direct | 9404 | 2.761 | 3.780 | 4.260 | 4.501 | 0/200 |
| dae | hy2 | 3509 | 1.466 | 2.086 | 3.413 | 13.956 | 0/200 |
| dae | tuic | 3436 | 1.807 | 2.035 | 2.378 | 3.012 | 2/200 |
| dae | ss2022 | 9402 | 3.589 | 8.266 | 10.356 | 11.732 | 0/200 |
| dae | trojan | 9380 | 5.491 | 11.818 | 22.010 | 45.234 | 0/200 |
| dae | anytls-sb | 9378 | 2.546 | 10.662 | 14.092 | 14.591 | 1/200 |
| dae | anytls-go | 9386 | 2.199 | 5.161 | 8.523 | 15.687 | 0/200 |
| sing-box | direct | 9407 | 2.416 | 3.014 | 3.543 | 1034.084 | 0/200 |
| sing-box | hy2 | 2672 | 8.913 | 20.916 | 25.597 | 30.111 | 0/200 |
| sing-box | tuic | 3288 | 1.856 | 2.294 | 2.699 | 3.050 | 0/200 |
| sing-box | ss2022 | 9396 | 3.547 | 7.961 | 11.641 | 42.763 | 0/200 |
| sing-box | trojan | 9364 | 5.433 | 11.841 | 17.291 | 19.717 | 0/200 |
| sing-box | anytls-sb | 9363 | 2.393 | 7.450 | 12.844 | 19.851 | 0/200 |
| sing-box | anytls-go | 9370 | 2.380 | 7.423 | 15.281 | 17.170 | 0/200 |
