ZIGCC_TARGET=x86_64-linux-musl CC_x86_64_unknown_linux_musl=/root/code/honk-cse-bench/ci/zigcc CXX_x86_64_unknown_linux_musl=/root/code/honk-cse-bench/ci/zigcxx CARGO_TARGET_X86_64_UNKNOWN_LINUX_MUSL_LINKER=/root/code/honk-cse-bench/ci/zigcc CARGO_TARGET_X86_64_UNKNOWN_LINUX_MUSL_RUSTFLAGS="-C link-self-contained=no" BINDGEN_EXTRA_CLANG_ARGS="$(/root/code/honk-cse-bench/ci/zig-bindgen-env x86_64-linux-musl)" cargo build --release -p honk-core --features "ebpf,native-api" --target x86_64-unknown-linux-musl
   Compiling cfg-if v1.0.4
   Compiling typenum v1.20.1
   Compiling libc v0.2.189
   Compiling bytes v1.12.1
   Compiling rand_core v0.10.1
   Compiling log v0.4.34
   Compiling getrandom v0.4.3
   Compiling memchr v2.8.3
   Compiling pin-project-lite v0.2.17
   Compiling smallvec v1.15.2
   Compiling once_cell v1.21.4
   Compiling scopeguard v1.2.0
   Compiling itoa v1.0.18
   Compiling parking_lot_core v0.9.12
   Compiling lock_api v0.4.14
   Compiling futures-core v0.3.34
   Compiling tracing-core v0.1.36
   Compiling thiserror v2.0.21
   Compiling futures-sink v0.3.34
   Compiling foldhash v0.2.0
   Compiling serde_core v1.0.229
   Compiling cmov v0.5.4
   Compiling slab v0.4.12
   Compiling http v1.5.0
   Compiling zerofrom v0.1.8
   Compiling ctutils v0.4.2
   Compiling hybrid-array v0.4.14
   Compiling cpufeatures v0.3.0
   Compiling stable_deref_trait v1.2.1
   Compiling subtle v2.6.1
   Compiling yoke v0.8.3
   Compiling tracing v0.1.44
   Compiling futures-channel v0.3.34
   Compiling futures-io v0.3.34
   Compiling futures-task v0.3.34
   Compiling equivalent v1.0.2
   Compiling hashbrown v0.17.1
   Compiling socket2 v0.6.5
   Compiling errno v0.3.14
   Compiling parking_lot v0.12.5
   Compiling signal-hook-registry v1.4.8
   Compiling mio v1.2.2
   Compiling crypto-common v0.2.2
   Compiling block-buffer v0.12.1
   Compiling inout v0.2.2
   Compiling futures-util v0.3.34
   Compiling zerovec v0.11.8
   Compiling aws-lc-sys v0.44.0
   Compiling tokio v1.53.1
   Compiling zeroize v1.9.0
   Compiling bitflags v2.13.1
   Compiling rustls-pki-types v1.15.1
   Compiling ring v0.17.14
   Compiling cipher v0.5.2
   Compiling httparse v1.10.1
   Compiling tinystr v0.8.4
   Compiling generic-array v0.14.7
   Compiling getrandom v0.2.17
   Compiling serde v1.0.229
   Compiling writeable v0.6.4
   Compiling const-oid v0.10.2
   Compiling percent-encoding v2.3.2
   Compiling litemap v0.8.3
   Compiling untrusted v0.9.0
   Compiling digest v0.11.3
   Compiling icu_locale_core v2.3.0
   Compiling potential_utf v0.1.6
   Compiling zerotrie v0.2.5
   Compiling indexmap v2.14.0
   Compiling utf8_iter v1.0.4
   Compiling icu_normalizer_data v2.3.0
   Compiling icu_collections v2.3.0
   Compiling icu_properties_data v2.3.0
   Compiling crc32fast v1.5.1
   Compiling icu_provider v2.3.1
   Compiling http-body v1.1.0
   Compiling crypto-common v0.1.7
   Compiling block-buffer v0.10.4
   Compiling chacha20 v0.10.2
   Compiling tower-service v0.3.3
   Compiling getrandom v0.3.4
   Compiling bindgen v0.72.1
   Compiling digest v0.10.7
   Compiling zerocopy v0.8.56
   Compiling icu_properties v2.3.0
   Compiling icu_normalizer v2.3.0
   Compiling form_urlencoded v1.2.2
   Compiling zmij v1.0.23
   Compiling openssl-probe v0.2.1
   Compiling atomic-waker v1.1.2
   Compiling rustls-native-certs v0.8.4
   Compiling libm v0.2.16
   Compiling object v0.39.1
   Compiling serde_json v1.0.151
   Compiling portable-atomic v1.15.0
   Compiling num-traits v0.2.19
   Compiling rand v0.10.3
   Compiling universal-hash v0.6.1
   Compiling idna_adapter v1.2.2
   Compiling aho-corasick v1.1.5
   Compiling cpufeatures v0.2.17
   Compiling tower-layer v0.3.3
   Compiling regex-syntax v0.8.11
   Compiling httpdate v1.0.3
   Compiling base64 v0.23.1
   Compiling try-lock v0.2.5
   Compiling ipnet v2.12.2
   Compiling data-encoding v2.11.1
   Compiling ppv-lite86 v0.2.21
   Compiling regex-automata v0.4.18
   Compiling want v0.3.1
   Compiling idna v1.1.0
   Compiling rand_core v0.9.5
   Compiling boring-sys v5.2.0 (https://github.com/Glassyiris/boring-sys?rev=3beb573b65ecaa69b7eefe3c2fecd074b97facd2#3beb573b)
   Compiling quinn-udp v0.5.16 (https://github.com/Glassyiris/quinn?rev=b29ded20#b29ded20)
   Compiling sync_wrapper v1.0.2
   Compiling siphasher v1.0.3
   Compiling tinyvec_macros v0.1.1
   Compiling ryu v1.0.23
   Compiling cpubits v0.1.1
   Compiling fastbloom v0.17.0
   Compiling tinyvec v1.12.0
   Compiling wincode v0.5.5
   Compiling memoffset v0.9.1
   Compiling aya-ebpf-cty v0.3.0
   Compiling rand_chacha v0.9.0
   Compiling url v2.5.8
   Compiling hyper v1.11.1
   Compiling tokio-util v0.7.19
   Compiling http-body-util v0.1.5
   Compiling quinn v0.11.12 (https://github.com/Glassyiris/quinn?rev=b29ded20#b29ded20)
   Compiling rand_pcg v0.10.2
   Compiling utf8parse v0.2.2
   Compiling winnow v1.0.4
   Compiling foreign-types-shared v0.3.1
   Compiling mime v0.3.17
   Compiling rustc-hash v2.1.3
   Compiling assert_matches v1.5.0
   Compiling lru-slab v0.1.2
   Compiling sha1_smol v1.0.1
   Compiling alloc-no-stdlib v3.0.0
   Compiling alloc-stdlib v0.3.0
   Compiling toml_parser v1.1.3+spec-1.1.0
   Compiling uuid v1.26.1
   Compiling foreign-types v0.5.0
   Compiling anstyle-parse v1.0.0
   Compiling libmimalloc-sys v0.1.49
   Compiling hyper-util v0.1.21
   Compiling aya-obj v0.3.0
   Compiling aya-ebpf-bindings v0.2.0
   Compiling rand v0.9.5
   Compiling polyval v0.7.3
   Compiling tower v0.5.3
   Compiling sha1 v0.10.7
   Compiling aya v0.14.0
   Compiling sha1 v0.11.0
   Compiling toml_datetime v1.1.1+spec-1.1.0
   Compiling serde_spanned v1.1.1
   Compiling serde_path_to_error v0.1.20
   Compiling aead v0.6.1
   Compiling keccak v0.2.2
   Compiling is_terminal_polyfill v1.70.2
   Compiling iana-time-zone v0.1.65
   Compiling colorchoice v1.0.5
   Compiling unsafe-libyaml v0.2.11
   Compiling toml_writer v1.1.2+spec-1.1.0
   Compiling anstyle v1.0.14
   Compiling sponge-cursor v0.1.0
   Compiling anstyle-query v1.1.5
   Compiling anstream v1.0.0
   Compiling toml v1.1.6+spec-1.1.0
   Compiling serde_yaml v0.9.34+deprecated
   Compiling chrono v0.4.45
   Compiling crossbeam-utils v0.8.22
   Compiling num_enum v0.7.6
   Compiling network-types v0.2.0
   Compiling blake3 v1.8.7
   Compiling nix v0.29.0
   Compiling tungstenite v0.30.0
   Compiling tungstenite v0.29.0
   Compiling ghash v0.6.0
   Compiling libsqlite3-sys v0.38.2
   Compiling brotli-decompressor v6.0.0
   Compiling mime_guess v2.0.5
   Compiling aes v0.9.3
   Compiling regex v1.13.1
   Compiling poly1305 v0.9.1
   Compiling futures-executor v0.3.34
   Compiling hmac v0.13.0
   Compiling ctr v0.10.1
   Compiling anyhow v1.0.104
   Compiling cty v0.2.2
   Compiling unicase v2.9.0
   Compiling lazy_static v1.5.0
   Compiling arrayvec v0.7.8
   Compiling bumpalo v3.20.3
   Compiling constant_time_eq v0.4.2
   Compiling clap_lex v1.1.0
   Compiling zlib-rs v0.6.7
   Compiling simd-adler32 v0.3.10
   Compiling strsim v0.11.1
   Compiling glob v0.3.4
   Compiling fastrand v2.5.0
   Compiling fnv v1.0.7
   Compiling h2 v0.4.19
   Compiling h3 v0.0.8
   Compiling honk-config v0.0.1-alpha (/root/code/honk-cse-bench/crates/honk-config)
   Compiling clap_builder v4.6.7
   Compiling flate2 v1.1.9
   Compiling zopfli v0.8.3
   Compiling sharded-slab v0.1.7
   Compiling aes-gcm v0.11.1
   Compiling hkdf v0.13.0
   Compiling nix v0.31.3
   Compiling futures v0.3.34
   Compiling brotli v9.0.0
   Compiling chacha20poly1305 v0.11.0
   Compiling tokio-tungstenite v0.29.0
   Compiling honk-ebpf-common v0.0.1-alpha (/root/code/honk-cse-bench/crates/honk-ebpf-common)
   Compiling tokio-tungstenite v0.30.0
   Compiling aya-log-common v0.2.0
   Compiling sha3 v0.12.0
   Compiling shake v0.1.0
   Compiling tower-http v0.6.11
   Compiling axum-core v0.5.6
   Compiling serde_urlencoded v0.7.1
   Compiling matchers v0.2.0
   Compiling sha2 v0.10.9
   Compiling hmac v0.12.1
   Compiling tracing-serde v0.2.0
   Compiling sha2 v0.11.0
   Compiling md-5 v0.11.0
   Compiling honk-core v0.0.1-alpha (/root/code/honk-cse-bench/crates/honk-core)
   Compiling webpki-root-certs v1.0.9
   Compiling hashlink v0.12.1
   Compiling lru v0.18.5
   Compiling nom v8.0.0
   Compiling tracing-log v0.2.0
   Compiling thread_local v1.1.10
   Compiling fallible-streaming-iterator v0.1.9
   Compiling fallible-iterator v0.3.0
   Compiling hashbrown v0.14.5
   Compiling nu-ansi-term v0.50.3
   Compiling base64 v0.22.1
   Compiling matchit v0.8.4
   Compiling http-range-header v0.4.2
   Compiling typed-path v0.12.3
   Compiling dashmap v6.2.1
   Compiling tower-http v0.7.1
   Compiling axum v0.8.9
   Compiling rusqlite v0.40.2
   Compiling zip v8.6.0
   Compiling libsystemd v0.7.2
   Compiling tracing-subscriber v0.3.23
   Compiling aya-log v0.3.0
   Compiling mimalloc v0.1.52
   Compiling clap v4.6.7
   Compiling honk-nfqueue v0.0.1-alpha (/root/code/honk-cse-bench/crates/honk-nfqueue)
   Compiling aws-lc-rs v1.18.0
   Compiling rustls v0.23.43
   Compiling rustls-webpki v0.103.15
   Compiling rustls-platform-verifier v0.7.1
   Compiling tokio-rustls v0.26.6
   Compiling quinn-proto v0.11.19 (https://github.com/Glassyiris/quinn?rev=b29ded20#b29ded20)
   Compiling hyper-rustls v0.27.9
   Compiling reqwest v0.13.5
warning: honk-core@0.0.1-alpha: eBPF object at /root/code/honk-cse-bench/crates/honk-core/../honk-ebpf/target/bpfel-unknown-none/release/honk-ebpf has stale sources or toolchain — rebuilding with nightly-2026-07-20
warning: honk-core@0.0.1-alpha: Building eBPF object with nightly-2026-07-20...
warning: honk-core@0.0.1-alpha: eBPF object embedded (1815760 bytes)
   Compiling h3-quinn v0.0.10
   Compiling boring v5.2.0
   Compiling tokio-boring v5.2.0
   Compiling honk-outbound v0.0.1-alpha (/root/code/honk-cse-bench/crates/honk-outbound)
warning: linker stderr: unable to open library directory '/root/.herdr/worktrees/honk/feat-native-api/target/x86_64-unknown-linux-musl/release/build/boring-sys-4d6d4ccd677c90a7/out/build/lib': FileNotFound
         warning: unable to open library directory '/root/.herdr/worktrees/honk/feat-native-api/target/x86_64-unknown-linux-musl/release/build/boring-sys-4d6d4ccd677c90a7/out/build/crypto': FileNotFound
  |
  = note: `#[warn(linker_messages)]` on by default

warning: `honk-core` (bin "honk-core") generated 1 warning
    Finished `release` profile [optimized] target(s) in 5m 11s
Binary: target/x86_64-unknown-linux-musl/release/honk-core
