AbcIperf5203 [service] — ready — up 1h2m — pid 821185
ready=true persist=false detached=false
iperf3: error - unable to receive cookie at server: Transport endpoint is not connected
-----------------------------------------------------------
Server listening on 5203 (test #1)
-----------------------------------------------------------
iperf3: error - unable to receive cookie at server: Transport endpoint is not connected
-----------------------------------------------------------
Server listening on 5203 (test #2)
-----------------------------------------------------------
-----------------------------------------------------------
Server listening on 5203 (test #3)
-----------------------------------------------------------
Accepted connection from 10.10.10.70, port 36014
[  5] local 10.10.10.70 port 5203 connected to 10.10.10.70 port 36028
[ ID] Interval           Transfer     Bitrate         Retr  Cwnd
[  5]   0.00-1.00   sec  1.06 GBytes  9.06 Gbits/sec    1   2.75 MBytes       
[  5]   1.00-2.00   sec  1.09 GBytes  9.39 Gbits/sec    0   2.75 MBytes       
[  5]   2.00-3.00   sec  1.09 GBytes  9.40 Gbits/sec    0   2.75 MBytes       
[  5]   3.00-4.00   sec  1.09 GBytes  9.40 Gbits/sec    0   2.75 MBytes       
[  5]   4.00-5.00   sec  1.10 GBytes  9.40 Gbits/sec    0   2.75 MBytes       
[  5]   5.00-6.00   sec  1.09 GBytes  9.35 Gbits/sec    1   2.75 MBytes       
[  5]   6.00-7.00   sec  1.10 GBytes  9.41 Gbits/sec    0   2.75 MBytes       
[  5]   7.00-8.00   sec  1.09 GBytes  9.40 Gbits/sec    0   2.75 MBytes       
[  5]   8.00-8.04   sec  41.8 MBytes  9.34 Gbits/sec    0   2.75 MBytes       
- - - - - - - - - - - - - - - - - - - - - - - - -
[ ID] Interval           Transfer     Bitrate         Retr
[  5]   0.00-8.04   sec  8.75 GBytes  9.35 Gbits/sec    2            sender
-----------------------------------------------------------
Server listening on 5203 (test #4)
-----------------------------------------------------------
Accepted connection from 10.10.10.70, port 49548
[  5] local 10.10.10.70 port 5203 connected to 10.10.10.70 port 49554
[ ID] Interval           Transfer     Bitrate         Retr  Cwnd
[  5]   0.00-1.00   sec  1.06 GBytes  9.08 Gbits/sec    0   1.62 MBytes       
[  5]   1.00-2.00   sec  1.10 GBytes  9.41 Gbits/sec    0   1.62 MBytes       
[  5]   2.00-3.00   sec  1.09 GBytes  9.39 Gbits/sec    0   1.62 MBytes       
[  5]   3.00-4.00   sec  1.09 GBytes  9.40 Gbits/sec    0   2.56 MBytes       
[  5]   4.00-5.00   sec  1.10 GBytes  9.42 Gbits/sec    0   2.56 MBytes       
[  5]   5.00-6.00   sec  1.10 GBytes  9.41 Gbits/sec    0   2.56 MBytes       
[  5]   6.00-7.00   sec  1.10 GBytes  9.41 Gbits/sec    0   2.56 MBytes       
[  5]   7.00-8.00   sec  1.09 GBytes  9.40 Gbits/sec    0   2.56 MBytes       
[  5]   8.00-8.04   sec  46.2 MBytes  9.47 Gbits/sec    0   2.56 MBytes       
- - - - - - - - - - - - - - - - - - - - - - - - -
[ ID] Interval           Transfer     Bitrate         Retr
[  5]   0.00-8.04   sec  8.77 GBytes  9.37 Gbits/sec    0            sender
-----------------------------------------------------------
Server listening on 5203 (test #5)
-----------------------------------------------------------
Accepted connection from 10.10.10.70, port 52086
[  5] local 10.10.10.70 port 5203 connected to 10.10.10.70 port 52092
[ ID] Interval           Transfer     Bitrate         Retr  Cwnd
[  5]   0.00-1.00   sec  1.05 GBytes  9.03 Gbits/sec    1   2.56 MBytes       
[  5]   1.00-2.00   sec  1.10 GBytes  9.42 Gbits/sec    0   2.56 MBytes       
[  5]   2.00-3.00   sec  1.09 GBytes  9.40 Gbits/sec    0   2.56 MBytes       
[  5]   3.00-4.00   sec  1.10 GBytes  9.41 Gbits/sec    0   2.56 MBytes       
[  5]   4.00-5.00   sec  1.09 GBytes  9.39 Gbits/sec    0   2.56 MBytes       
[  5]   5.00-6.00   sec  1.09 GBytes  9.41 Gbits/sec    0   2.56 MBytes       
[  5]   6.00-7.00   sec  1.09 GBytes  9.40 Gbits/sec    0   2.56 MBytes       
[  5]   7.00-8.00   sec  1.10 GBytes  9.41 Gbits/sec    0   2.56 MBytes       
[  5]   8.00-8.04   sec  43.1 MBytes  9.30 Gbits/sec    0   2.56 MBytes       
- - - - - - - - - - - - - - - - - - - - - - - - -
[ ID] Interval           Transfer     Bitrate         Retr
[  5]   0.00-8.04   sec  8.76 GBytes  9.36 Gbits/sec    1            sender
-----------------------------------------------------------
Server listening on 5203 (test #6)
-----------------------------------------------------------
Accepted connection from 10.10.10.70, port 39736
[  5] local 10.10.10.70 port 5203 connected to 10.10.10.70 port 39738
[ ID] Interval           Transfer     Bitrate         Retr  Cwnd
[  5]   0.00-1.00   sec  1.04 GBytes  8.96 Gbits/sec    4   1.81 MBytes       
[  5]   1.00-2.00   sec  1.10 GBytes  9.41 Gbits/sec    0   1.81 MBytes       
[  5]   2.00-3.00   sec  1.10 GBytes  9.41 Gbits/sec    0   1.81 MBytes       
[  5]   3.00-4.00   sec  1.09 GBytes  9.40 Gbits/sec    0   1.81 MBytes       
[  5]   4.00-5.00   sec  1.10 GBytes  9.41 Gbits/sec    0   1.81 MBytes       
[  5]   5.00-6.00   sec  1.09 GBytes  9.41 Gbits/sec    0   1.81 MBytes       
[  5]   6.00-7.00   sec  1.09 GBytes  9.40 Gbits/sec    0   1.81 MBytes       
[  5]   7.00-8.00   sec  1.09 GBytes  9.40 Gbits/sec    0   1.81 MBytes       
[  5]   8.00-9.00   sec  1.09 GBytes  9.40 Gbits/sec    0   1.81 MBytes       
[  5]   9.00-10.00  sec  1.09 GBytes  9.41 Gbits/sec    0   1.81 MBytes       
[  5]  10.00-11.00  sec  1.10 GBytes  9.41 Gbits/sec    0   1.81 MBytes       
[  5]  11.00-12.00  sec  1.09 GBytes  9.39 Gbits/sec    0   1.81 MBytes       
[  5]  12.00-13.00  sec  1.10 GBytes  9.41 Gbits/sec    0   1.81 MBytes       
[  5]  13.00-14.00  sec  1.09 GBytes  9.40 Gbits/sec    0   1.81 MBytes       
[  5]  14.00-15.00  sec  1.10 GBytes  9.41 Gbits/sec    0   1.81 MBytes       
[  5]  15.00-16.00  sec  1.10 GBytes  9.41 Gbits/sec    0   1.81 MBytes       
[  5]  16.00-17.00  sec  1.10 GBytes  9.41 Gbits/sec    0   1.81 MBytes       
[  5]  17.00-18.00  sec  1.09 GBytes  9.39 Gbits/sec    0   1.81 MBytes       
[  5]  18.00-19.00  sec  1.09 GBytes  9.37 Gbits/sec    1   1.81 MBytes       
[  5]  19.00-20.00  sec  1.10 GBytes  9.41 Gbits/sec    0   1.81 MBytes       
[  5]  20.00-21.00  sec  1.09 GBytes  9.38 Gbits/sec    0   1.81 MBytes       
[  5]  21.00-22.00  sec  1.10 GBytes  9.40 Gbits/sec    0   1.81 MBytes       
[  5]  22.00-23.00  sec  1.09 GBytes  9.40 Gbits/sec    0   1.81 MBytes       
[  5]  23.00-24.00  sec  1.09 GBytes  9.40 Gbits/sec    0   1.81 MBytes       
[  5]  24.00-25.00  sec  1.09 GBytes  9.40 Gbits/sec    0   1.81 MBytes       
[  5]  25.00-26.00  sec  1.09 GBytes  9.40 Gbits/sec    0   1.81 MBytes       
[  5]  26.00-27.00  sec  1.10 GBytes  9.40 Gbits/sec    0   1.81 MBytes       
[  5]  27.00-28.00  sec  1.10 GBytes  9.42 Gbits/sec    0   1.81 MBytes       
[  5]  28.00-29.00  sec  1.09 GBytes  9.38 Gbits/sec    0   1.81 MBytes       
[  5]  29.00-30.00  sec  1.09 GBytes  9.40 Gbits/sec    0   1.81 MBytes       
[  5]  30.00-31.00  sec  1.10 GBytes  9.41 Gbits/sec    0   1.81 MBytes       
[  5]  31.00-32.00  sec  1.09 GBytes  9.40 Gbits/sec    0   1.81 MBytes       
[  5]  32.00-33.00  sec  1.10 GBytes  9.41 Gbits/sec    0   1.81 MBytes       
[  5]  33.00-34.00  sec  1.09 GBytes  9.39 Gbits/sec    0   1.81 MBytes       
[  5]  34.00-35.00  sec  1.09 GBytes  9.41 Gbits/sec    0   1.81 MBytes       
[  5]  35.00-36.00  sec  1.10 GBytes  9.41 Gbits/sec    0   1.81 MBytes       
[  5]  36.00-37.00  sec  1.09 GBytes  9.41 Gbits/sec    0   1.81 MBytes       
[  5]  37.00-38.00  sec  1.09 GBytes  9.39 Gbits/sec    0   1.81 MBytes       
[  5]  38.00-39.00  sec  1.10 GBytes  9.41 Gbits/sec    0   1.81 MBytes       
[  5]  39.00-40.00  sec  1.10 GBytes  9.41 Gbits/sec    0   1.81 MBytes       
[  5]  40.00-41.00  sec  1.09 GBytes  9.40 Gbits/sec    0   1.81 MBytes       
[  5]  41.00-42.00  sec  1.09 GBytes  9.41 Gbits/sec    0   1.81 MBytes       
[  5]  42.00-43.00  sec  1.09 GBytes  9.40 Gbits/sec    0   1.81 MBytes       
[  5]  43.00-44.00  sec  1.10 GBytes  9.40 Gbits/sec    0   1.81 MBytes       
[  5]  44.00-45.00  sec  1.09 GBytes  9.39 Gbits/sec    0   1.81 MBytes       
[  5]  45.00-46.00  sec  1.10 GBytes  9.42 Gbits/sec    0   1.81 MBytes       
[  5]  46.00-47.00  sec  1.10 GBytes  9.41 Gbits/sec    0   1.81 MBytes       
[  5]  47.00-48.00  sec  1.09 GBytes  9.40 Gbits/sec    0   1.81 MBytes       
[  5]  48.00-49.00  sec  1.10 GBytes  9.42 Gbits/sec    0   1.81 MBytes       
[  5]  49.00-50.00  sec  1.09 GBytes  9.39 Gbits/sec    0   1.81 MBytes       
[  5]  50.00-51.00  sec  1.10 GBytes  9.42 Gbits/sec    0   1.81 MBytes       
[  5]  51.00-52.00  sec  1.09 GBytes  9.40 Gbits/sec    0   1.81 MBytes       
[  5]  52.00-53.00  sec  1.10 GBytes  9.41 Gbits/sec    0   1.81 MBytes       
[  5]  53.00-54.00  sec  1.09 GBytes  9.41 Gbits/sec    0   1.81 MBytes       
[  5]  54.00-55.00  sec  1.09 GBytes  9.40 Gbits/sec    0   1.81 MBytes       
[  5]  55.00-56.00  sec  1.09 GBytes  9.41 Gbits/sec    0   1.81 MBytes       
[  5]  56.00-57.00  sec  1.10 GBytes  9.41 Gbits/sec    0   1.81 MBytes       
[  5]  57.00-57.04  sec  44.6 MBytes  9.47 Gbits/sec    0   1.81 MBytes       
- - - - - - - - - - - - - - - - - - - - - - - - -
[ ID] Interval           Transfer     Bitrate         Retr
[  5]   0.00-57.04  sec  62.4 GBytes  9.40 Gbits/sec    5            sender
-----------------------------------------------------------
Server listening on 5203 (test #7)
-----------------------------------------------------------
Accepted connection from 10.10.10.70, port 59414
[  5] local 10.10.10.70 port 5203 connected to 10.10.10.70 port 46154
[ ID] Interval           Transfer     Bitrate         Total Datagrams
[  5]   0.00-1.00   sec   798 MBytes  6.69 Gbits/sec  697691  
[  5]   1.00-2.00   sec   802 MBytes  6.73 Gbits/sec  700710  
[  5]   2.00-3.00   sec   798 MBytes  6.69 Gbits/sec  697138  
[  5]   3.00-4.00   sec   805 MBytes  6.75 Gbits/sec  703520  
[  5]   4.00-5.00   sec   816 MBytes  6.85 Gbits/sec  713411  
[  5]   5.00-6.00   sec   807 MBytes  6.77 Gbits/sec  705223  
[  5]   6.00-7.00   sec   806 MBytes  6.76 Gbits/sec  704482  
[  5]   7.00-8.00   sec   809 MBytes  6.79 Gbits/sec  707093  
[  5]   8.00-8.04   sec  31.3 MBytes  6.64 Gbits/sec  27379  
- - - - - - - - - - - - - - - - - - - - - - - - -
[ ID] Interval           Transfer     Bitrate         Jitter    Lost/Total Datagrams
[  5]   0.00-8.04   sec  6.32 GBytes  6.75 Gbits/sec  0.000 ms  0/5656647 (0%)  sender
-----------------------------------------------------------
Server listening on 5203 (test #8)
-----------------------------------------------------------
Accepted connection from 10.10.10.70, port 41618
[  5] local 10.10.10.70 port 5203 connected to 10.10.10.70 port 41632
[ ID] Interval           Transfer     Bitrate         Retr  Cwnd
[  5]   0.00-1.00   sec  1.10 GBytes  9.43 Gbits/sec    0   1.62 MBytes       
[  5]   1.00-2.00   sec  1.09 GBytes  9.38 Gbits/sec    1   1.62 MBytes       
[  5]   2.00-3.00   sec  1.10 GBytes  9.41 Gbits/sec    0   1.62 MBytes       
[  5]   3.00-4.00   sec  1.09 GBytes  9.41 Gbits/sec    0   1.62 MBytes       
[  5]   4.00-5.00   sec  1.09 GBytes  9.40 Gbits/sec    0   1.62 MBytes       
[  5]   5.00-6.00   sec  1.09 GBytes  9.40 Gbits/sec    0   1.62 MBytes       
[  5]   6.00-7.00   sec  1.10 GBytes  9.42 Gbits/sec    0   1.62 MBytes       
[  5]   7.00-8.00   sec  1.09 GBytes  9.39 Gbits/sec    0   1.62 MBytes       
- - - - - - - - - - - - - - - - - - - - - - - - -
[ ID] Interval           Transfer     Bitrate         Retr
[  5]   0.00-8.00   sec  8.76 GBytes  9.40 Gbits/sec    1            sender
-----------------------------------------------------------
Server listening on 5203 (test #9)
-----------------------------------------------------------
Accepted connection from 10.10.10.70, port 50248
[  5] local 10.10.10.70 port 5203 connected to 10.10.10.70 port 50264
[ ID] Interval           Transfer     Bitrate         Retr  Cwnd
[  5]   0.00-1.00   sec  1.10 GBytes  9.45 Gbits/sec    0   2.00 MBytes       
[  5]   1.00-2.00   sec  1.09 GBytes  9.38 Gbits/sec    0   2.00 MBytes       
[  5]   2.00-3.00   sec  1.10 GBytes  9.41 Gbits/sec    0   3.06 MBytes       
[  5]   3.00-4.00   sec  1.09 GBytes  9.40 Gbits/sec    0   3.06 MBytes       
[  5]   4.00-5.00   sec  1.10 GBytes  9.41 Gbits/sec    0   3.06 MBytes       
[  5]   5.00-6.00   sec  1.09 GBytes  9.40 Gbits/sec    0   3.06 MBytes       
[  5]   6.00-7.00   sec  1.09 GBytes  9.37 Gbits/sec    1   3.06 MBytes       
[  5]   7.00-8.00   sec  1.09 GBytes  9.40 Gbits/sec    0   3.06 MBytes       
[  5]   8.00-8.00   sec  3.12 MBytes  13.1 Gbits/sec    0   3.06 MBytes       
- - - - - - - - - - - - - - - - - - - - - - - - -
[ ID] Interval           Transfer     Bitrate         Retr
[  5]   0.00-8.00   sec  8.76 GBytes  9.41 Gbits/sec    1            sender
-----------------------------------------------------------
Server listening on 5203 (test #10)
-----------------------------------------------------------
Accepted connection from 10.10.10.70, port 32850
[  5] local 10.10.10.70 port 5203 connected to 10.10.10.70 port 32858
[ ID] Interval           Transfer     Bitrate         Retr  Cwnd
[  5]   0.00-1.00   sec  1.10 GBytes  9.42 Gbits/sec    0   2.06 MBytes       
[  5]   1.00-2.00   sec  1.10 GBytes  9.41 Gbits/sec    0   2.06 MBytes       
[  5]   2.00-3.00   sec  1.10 GBytes  9.41 Gbits/sec    0   2.06 MBytes       
[  5]   3.00-4.00   sec  1.09 GBytes  9.40 Gbits/sec    0   2.06 MBytes       
[  5]   4.00-5.00   sec  1.10 GBytes  9.41 Gbits/sec    0   2.06 MBytes       
[  5]   5.00-6.00   sec  1.09 GBytes  9.40 Gbits/sec    0   2.06 MBytes       
[  5]   6.00-7.00   sec  1.10 GBytes  9.41 Gbits/sec    0   2.06 MBytes       
[  5]   7.00-8.00   sec  1.09 GBytes  9.40 Gbits/sec    0   2.06 MBytes       
[  5]   8.00-8.00   sec  1.62 MBytes  7.56 Gbits/sec    0   2.06 MBytes       
- - - - - - - - - - - - - - - - - - - - - - - - -
[ ID] Interval           Transfer     Bitrate         Retr
[  5]   0.00-8.00   sec  8.76 GBytes  9.41 Gbits/sec    0            sender
-----------------------------------------------------------
Server listening on 5203 (test #11)
-----------------------------------------------------------
Accepted connection from 10.10.10.70, port 55430
[  5] local 10.10.10.70 port 5203 connected to 10.10.10.70 port 55438
[ ID] Interval           Transfer     Bitrate         Retr  Cwnd
[  5]   0.00-1.00   sec  1.10 GBytes  9.45 Gbits/sec    0   1.69 MBytes       
[  5]   1.00-2.00   sec  1.09 GBytes  9.40 Gbits/sec    0   1.69 MBytes       
[  5]   2.00-3.00   sec  1.09 GBytes  9.40 Gbits/sec    0   2.56 MBytes       
[  5]   3.00-4.00   sec  1.10 GBytes  9.41 Gbits/sec    0   2.56 MBytes       
[  5]   4.00-5.00   sec  1.10 GBytes  9.41 Gbits/sec    0   2.56 MBytes       
[  5]   5.00-6.00   sec  1.09 GBytes  9.40 Gbits/sec    0   2.56 MBytes       
[  5]   6.00-7.00   sec  1.09 GBytes  9.40 Gbits/sec    0   2.56 MBytes       
[  5]   7.00-8.00   sec  1.09 GBytes  9.40 Gbits/sec    0   2.56 MBytes       
[  5]   8.00-9.00   sec  1.09 GBytes  9.40 Gbits/sec    0   2.56 MBytes       
[  5]   9.00-10.00  sec  1.10 GBytes  9.42 Gbits/sec    0   2.56 MBytes       
[  5]  10.00-11.00  sec  1.10 GBytes  9.41 Gbits/sec    0   2.56 MBytes       
[  5]  11.00-12.00  sec  1.09 GBytes  9.39 Gbits/sec    0   2.56 MBytes       
[  5]  12.00-13.00  sec  1.09 GBytes  9.40 Gbits/sec    0   2.56 MBytes       
[  5]  13.00-14.00  sec  1.10 GBytes  9.41 Gbits/sec    0   2.56 MBytes       
[  5]  14.00-15.00  sec  1.09 GBytes  9.39 Gbits/sec    0   2.56 MBytes       
[  5]  15.00-16.00  sec  1.10 GBytes  9.41 Gbits/sec    0   2.56 MBytes       
[  5]  16.00-17.00  sec  1.10 GBytes  9.42 Gbits/sec    0   2.56 MBytes       
[  5]  17.00-18.00  sec  1.09 GBytes  9.40 Gbits/sec    0   2.56 MBytes       
[  5]  18.00-19.00  sec  1.09 GBytes  9.39 Gbits/sec    0   2.56 MBytes       
[  5]  19.00-20.00  sec  1.09 GBytes  9.40 Gbits/sec    0   2.56 MBytes       
[  5]  20.00-21.00  sec  1.09 GBytes  9.37 Gbits/sec    1   2.56 MBytes       
[  5]  21.00-22.00  sec  1.09 GBytes  9.40 Gbits/sec    0   2.56 MBytes       
[  5]  22.00-23.00  sec  1.09 GBytes  9.40 Gbits/sec    0   2.56 MBytes       
[  5]  23.00-24.00  sec  1.09 GBytes  9.39 Gbits/sec    0   2.56 MBytes       
[  5]  24.00-25.00  sec  1.10 GBytes  9.42 Gbits/sec    0   2.56 MBytes       
[  5]  25.00-26.00  sec  1.09 GBytes  9.40 Gbits/sec    0   2.56 MBytes       
[  5]  26.00-27.00  sec  1.10 GBytes  9.41 Gbits/sec    0   2.56 MBytes       
[  5]  27.00-28.00  sec  1.09 GBytes  9.40 Gbits/sec    0   2.56 MBytes       
[  5]  28.00-29.00  sec  1.09 GBytes  9.40 Gbits/sec    0   2.56 MBytes       
[  5]  29.00-30.00  sec  1.10 GBytes  9.40 Gbits/sec    0   2.56 MBytes       
[  5]  30.00-31.00  sec  1.09 GBytes  9.40 Gbits/sec    0   2.56 MBytes       
[  5]  31.00-32.00  sec  1.09 GBytes  9.36 Gbits/sec    1   2.56 MBytes       
[  5]  32.00-33.00  sec  1.09 GBytes  9.40 Gbits/sec    0   2.56 MBytes       
[  5]  33.00-34.00  sec  1.09 GBytes  9.39 Gbits/sec    0   2.56 MBytes       
[  5]  34.00-35.00  sec  1.09 GBytes  9.39 Gbits/sec    0   2.56 MBytes       
[  5]  35.00-36.00  sec  1.09 GBytes  9.37 Gbits/sec    1   2.56 MBytes       
[  5]  36.00-37.00  sec  1.10 GBytes  9.41 Gbits/sec    0   2.56 MBytes       
[  5]  37.00-38.00  sec  1.10 GBytes  9.41 Gbits/sec    0   2.56 MBytes       
[  5]  38.00-39.00  sec  1.09 GBytes  9.39 Gbits/sec    0   2.56 MBytes       
[  5]  39.00-40.00  sec  1.10 GBytes  9.42 Gbits/sec    0   2.56 MBytes       
[  5]  40.00-41.00  sec  1.09 GBytes  9.41 Gbits/sec    0   2.56 MBytes       
[  5]  41.00-42.00  sec  1.09 GBytes  9.40 Gbits/sec    0   2.56 MBytes       
[  5]  42.00-43.00  sec  1.09 GBytes  9.40 Gbits/sec    0   2.56 MBytes       
[  5]  43.00-44.00  sec  1.10 GBytes  9.41 Gbits/sec    0   2.56 MBytes       
[  5]  44.00-45.00  sec  1.09 GBytes  9.38 Gbits/sec    1   1.75 MBytes       
[  5]  45.00-46.00  sec  1.09 GBytes  9.39 Gbits/sec    0   1.75 MBytes       
[  5]  46.00-47.00  sec  1.10 GBytes  9.41 Gbits/sec    0   1.75 MBytes       
[  5]  47.00-48.00  sec  1.10 GBytes  9.42 Gbits/sec    0   1.75 MBytes       
[  5]  48.00-49.00  sec  1.10 GBytes  9.41 Gbits/sec    0   1.75 MBytes       
[  5]  49.00-50.00  sec  1.10 GBytes  9.40 Gbits/sec    0   1.75 MBytes       
[  5]  50.00-51.00  sec  1.10 GBytes  9.41 Gbits/sec    0   1.75 MBytes       
[  5]  51.00-52.00  sec  1.09 GBytes  9.40 Gbits/sec    0   1.75 MBytes       
[  5]  52.00-53.00  sec  1.09 GBytes  9.40 Gbits/sec    0   1.75 MBytes       
[  5]  53.00-54.00  sec  1.09 GBytes  9.41 Gbits/sec    0   1.75 MBytes       
[  5]  54.00-55.00  sec  1.09 GBytes  9.40 Gbits/sec    0   1.75 MBytes       
[  5]  55.00-56.00  sec  1.10 GBytes  9.40 Gbits/sec    0   1.75 MBytes       
[  5]  56.00-57.00  sec  1.09 GBytes  9.39 Gbits/sec    0   1.75 MBytes       
[  5]  57.00-57.00  sec  2.75 MBytes  14.3 Gbits/sec    0   1.75 MBytes       
- - - - - - - - - - - - - - - - - - - - - - - - -
[ ID] Interval           Transfer     Bitrate         Retr
[  5]   0.00-57.00  sec  62.4 GBytes  9.40 Gbits/sec    4            sender
-----------------------------------------------------------
Server listening on 5203 (test #12)
-----------------------------------------------------------
Accepted connection from 10.10.10.70, port 53600
[  5] local 10.10.10.70 port 5203 connected to 10.10.10.70 port 55248
[ ID] Interval           Transfer     Bitrate         Total Datagrams
[  5]   0.00-1.00   sec   797 MBytes  6.68 Gbits/sec  696543  
[  5]   1.00-2.00   sec   807 MBytes  6.77 Gbits/sec  704744  
[  5]   2.00-3.00   sec   803 MBytes  6.74 Gbits/sec  701827  
[  5]   3.00-4.00   sec   815 MBytes  6.84 Gbits/sec  712028  
[  5]   4.00-5.00   sec   801 MBytes  6.72 Gbits/sec  699897  
[  5]   5.00-6.00   sec   807 MBytes  6.77 Gbits/sec  704903  
[  5]   6.00-7.00   sec   809 MBytes  6.78 Gbits/sec  706653  
[  5]   7.00-8.00   sec   806 MBytes  6.76 Gbits/sec  704567  
[  5]   8.00-8.00   sec  1.19 MBytes  6.99 Gbits/sec  1039  
- - - - - - - - - - - - - - - - - - - - - - - - -
[ ID] Interval           Transfer     Bitrate         Jitter    Lost/Total Datagrams
[  5]   0.00-8.00   sec  6.29 GBytes  6.76 Gbits/sec  0.000 ms  0/5632201 (0%)  sender
-----------------------------------------------------------
Server listening on 5203 (test #13)
-----------------------------------------------------------
Accepted connection from 10.10.10.70, port 39346
[  5] local 10.10.10.70 port 5203 connected to 10.10.10.70 port 39354
[ ID] Interval           Transfer     Bitrate         Retr  Cwnd
[  5]   0.00-1.00   sec  1.10 GBytes  9.40 Gbits/sec    0   2.37 MBytes       
[  5]   1.00-2.00   sec  1.09 GBytes  9.37 Gbits/sec    0   2.37 MBytes       
[  5]   2.00-3.00   sec  1.09 GBytes  9.36 Gbits/sec    0   2.37 MBytes       
[  5]   3.00-4.00   sec  1.10 GBytes  9.42 Gbits/sec    0   2.37 MBytes       
[  5]   4.00-5.00   sec  1.09 GBytes  9.40 Gbits/sec    0   2.37 MBytes       
[  5]   5.00-6.00   sec  1.09 GBytes  9.39 Gbits/sec    0   2.37 MBytes       
[  5]   6.00-7.00   sec  1.09 GBytes  9.40 Gbits/sec    0   2.37 MBytes       
[  5]   7.00-8.00   sec  1.09 GBytes  9.39 Gbits/sec    0   2.37 MBytes       
[  5]   8.00-8.00   sec  2.12 MBytes  16.6 Gbits/sec    0   2.37 MBytes       
- - - - - - - - - - - - - - - - - - - - - - - - -
[ ID] Interval           Transfer     Bitrate         Retr
[  5]   0.00-8.00   sec  8.75 GBytes  9.39 Gbits/sec    0            sender
-----------------------------------------------------------
Server listening on 5203 (test #14)
-----------------------------------------------------------
Accepted connection from 10.10.10.70, port 42060
[  5] local 10.10.10.70 port 5203 connected to 10.10.10.70 port 42062
[ ID] Interval           Transfer     Bitrate         Retr  Cwnd
[  5]   0.00-1.00   sec  1.09 GBytes  9.37 Gbits/sec    0   1.69 MBytes       
[  5]   1.00-2.00   sec  1.09 GBytes  9.38 Gbits/sec    1   2.81 MBytes       
[  5]   2.00-3.00   sec  1.09 GBytes  9.39 Gbits/sec    0   2.81 MBytes       
[  5]   3.00-4.00   sec  1.10 GBytes  9.42 Gbits/sec    0   2.81 MBytes       
[  5]   4.00-5.00   sec  1.09 GBytes  9.40 Gbits/sec    0   2.81 MBytes       
[  5]   5.00-6.00   sec  1.09 GBytes  9.40 Gbits/sec    0   2.81 MBytes       
[  5]   6.00-7.00   sec  1.10 GBytes  9.42 Gbits/sec    0   2.81 MBytes       
[  5]   7.00-8.00   sec  1.09 GBytes  9.39 Gbits/sec    0   2.81 MBytes       
- - - - - - - - - - - - - - - - - - - - - - - - -
[ ID] Interval           Transfer     Bitrate         Retr
[  5]   0.00-8.00   sec  8.75 GBytes  9.40 Gbits/sec    1            sender
-----------------------------------------------------------
Server listening on 5203 (test #15)
-----------------------------------------------------------
Accepted connection from 10.10.10.70, port 44878
[  5] local 10.10.10.70 port 5203 connected to 10.10.10.70 port 44890
[ ID] Interval           Transfer     Bitrate         Retr  Cwnd
[  5]   0.00-1.00   sec  1.10 GBytes  9.45 Gbits/sec    0   2.75 MBytes       
[  5]   1.00-2.00   sec  1.09 GBytes  9.40 Gbits/sec    0   2.75 MBytes       
[  5]   2.00-3.00   sec  1.09 GBytes  9.40 Gbits/sec    0   2.75 MBytes       
[  5]   3.00-4.00   sec  1.09 GBytes  9.40 Gbits/sec    0   2.75 MBytes       
[  5]   4.00-5.00   sec  1.09 GBytes  9.40 Gbits/sec    0   2.75 MBytes       
[  5]   5.00-6.00   sec  1.09 GBytes  9.39 Gbits/sec    0   2.75 MBytes       
[  5]   6.00-7.00   sec  1.09 GBytes  9.40 Gbits/sec    0   2.75 MBytes       
[  5]   7.00-8.00   sec  1.09 GBytes  9.39 Gbits/sec    0   2.75 MBytes       
[  5]   8.00-8.00   sec  3.62 MBytes  18.2 Gbits/sec    0   2.75 MBytes       
- - - - - - - - - - - - - - - - - - - - - - - - -
[ ID] Interval           Transfer     Bitrate         Retr
[  5]   0.00-8.00   sec  8.76 GBytes  9.41 Gbits/sec    0            sender
-----------------------------------------------------------
Server listening on 5203 (test #16)
-----------------------------------------------------------
Accepted connection from 10.10.10.70, port 36468
[  5] local 10.10.10.70 port 5203 connected to 10.10.10.70 port 36478
[ ID] Interval           Transfer     Bitrate         Retr  Cwnd
[  5]   0.00-1.00   sec  1.10 GBytes  9.43 Gbits/sec    0   1.94 MBytes       
[  5]   1.00-2.00   sec  1.10 GBytes  9.41 Gbits/sec    0   1.94 MBytes       
[  5]   2.00-3.00   sec  1.09 GBytes  9.40 Gbits/sec    0   1.94 MBytes       
[  5]   3.00-4.00   sec  1.09 GBytes  9.41 Gbits/sec    0   1.94 MBytes       
[  5]   4.00-5.00   sec  1.09 GBytes  9.41 Gbits/sec    0   1.94 MBytes       
[  5]   5.00-6.00   sec  1.09 GBytes  9.40 Gbits/sec    0   1.94 MBytes       
[  5]   6.00-7.00   sec  1.09 GBytes  9.38 Gbits/sec    1   1.94 MBytes       
[  5]   7.00-8.00   sec  1.09 GBytes  9.39 Gbits/sec    0   1.94 MBytes       
[  5]   8.00-9.00   sec  1.09 GBytes  9.39 Gbits/sec    0   1.94 MBytes       
[  5]   9.00-10.00  sec  1.09 GBytes  9.41 Gbits/sec    0   1.94 MBytes       
[  5]  10.00-11.00  sec  1.09 GBytes  9.40 Gbits/sec    0   1.94 MBytes       
[  5]  11.00-12.00  sec  1.09 GBytes  9.40 Gbits/sec    0   1.94 MBytes       
[  5]  12.00-13.00  sec  1.09 GBytes  9.41 Gbits/sec    0   1.94 MBytes       
[  5]  13.00-14.00  sec  1.09 GBytes  9.39 Gbits/sec    0   1.94 MBytes       
[  5]  14.00-15.00  sec  1.10 GBytes  9.41 Gbits/sec    0   1.94 MBytes       
[  5]  15.00-16.00  sec  1.09 GBytes  9.39 Gbits/sec    0   1.94 MBytes       
[  5]  16.00-17.00  sec  1.10 GBytes  9.42 Gbits/sec    0   1.94 MBytes       
[  5]  17.00-18.00  sec  1.09 GBytes  9.38 Gbits/sec    0   1.94 MBytes       
[  5]  18.00-19.00  sec  1.09 GBytes  9.40 Gbits/sec    0   1.94 MBytes       
[  5]  19.00-20.00  sec  1.09 GBytes  9.38 Gbits/sec    0   1.94 MBytes       
[  5]  20.00-21.00  sec  1.09 GBytes  9.39 Gbits/sec    0   1.94 MBytes       
[  5]  21.00-22.00  sec  1.09 GBytes  9.41 Gbits/sec    0   1.94 MBytes       
[  5]  22.00-23.00  sec  1.09 GBytes  9.37 Gbits/sec    1   1.94 MBytes       
[  5]  23.00-24.00  sec  1.09 GBytes  9.39 Gbits/sec    0   1.94 MBytes       
[  5]  24.00-25.00  sec  1.09 GBytes  9.39 Gbits/sec    0   1.94 MBytes       
[  5]  25.00-26.00  sec  1.09 GBytes  9.37 Gbits/sec    0   1.94 MBytes       
[  5]  26.00-27.00  sec  1.10 GBytes  9.41 Gbits/sec    0   1.94 MBytes       
[  5]  27.00-28.00  sec  1.09 GBytes  9.40 Gbits/sec    0   1.94 MBytes       
[  5]  28.00-29.00  sec  1.09 GBytes  9.40 Gbits/sec    0   1.94 MBytes       
[  5]  29.00-30.00  sec  1.09 GBytes  9.40 Gbits/sec    0   1.94 MBytes       
[  5]  30.00-31.00  sec  1.09 GBytes  9.38 Gbits/sec    0   1.94 MBytes       
[  5]  31.00-32.00  sec  1.09 GBytes  9.39 Gbits/sec    0   1.94 MBytes       
[  5]  32.00-33.00  sec  1.10 GBytes  9.41 Gbits/sec    0   1.94 MBytes       
[  5]  33.00-34.00  sec  1.09 GBytes  9.39 Gbits/sec    0   1.94 MBytes       
[  5]  34.00-35.00  sec  1.09 GBytes  9.39 Gbits/sec    0   1.94 MBytes       
[  5]  35.00-36.00  sec  1.09 GBytes  9.40 Gbits/sec    0   1.94 MBytes       
[  5]  36.00-37.00  sec  1.09 GBytes  9.38 Gbits/sec    1   1.94 MBytes       
[  5]  37.00-38.00  sec  1.09 GBytes  9.37 Gbits/sec    1   1.94 MBytes       
[  5]  38.00-39.00  sec  1.09 GBytes  9.39 Gbits/sec    0   1.94 MBytes       
[  5]  39.00-40.00  sec  1.09 GBytes  9.39 Gbits/sec    0   1.94 MBytes       
[  5]  40.00-41.00  sec  1.10 GBytes  9.41 Gbits/sec    0   1.94 MBytes       
[  5]  41.00-42.00  sec  1.09 GBytes  9.37 Gbits/sec    0   1.94 MBytes       
[  5]  42.00-43.00  sec  1.10 GBytes  9.41 Gbits/sec    0   1.94 MBytes       
[  5]  43.00-44.00  sec  1.09 GBytes  9.40 Gbits/sec    0   1.94 MBytes       
[  5]  44.00-45.00  sec  1.09 GBytes  9.40 Gbits/sec    0   1.94 MBytes       
[  5]  45.00-46.00  sec  1.09 GBytes  9.37 Gbits/sec    0   1.94 MBytes       
[  5]  46.00-47.00  sec  1.09 GBytes  9.40 Gbits/sec    0   1.94 MBytes       
[  5]  47.00-48.00  sec  1.10 GBytes  9.41 Gbits/sec    0   1.94 MBytes       
[  5]  48.00-49.00  sec  1.09 GBytes  9.39 Gbits/sec    0   1.94 MBytes       
[  5]  49.00-50.00  sec  1.09 GBytes  9.40 Gbits/sec    0   1.94 MBytes       
[  5]  50.00-51.00  sec  1.09 GBytes  9.38 Gbits/sec    0   1.94 MBytes       
[  5]  51.00-52.00  sec  1.09 GBytes  9.38 Gbits/sec    0   1.94 MBytes       
[  5]  52.00-53.00  sec  1.09 GBytes  9.40 Gbits/sec    0   1.94 MBytes       
[  5]  53.00-54.00  sec  1.09 GBytes  9.40 Gbits/sec    0   1.94 MBytes       
[  5]  54.00-55.00  sec  1.09 GBytes  9.40 Gbits/sec    0   1.94 MBytes       
[  5]  55.00-56.00  sec  1.09 GBytes  9.38 Gbits/sec    0   1.94 MBytes       
[  5]  56.00-57.00  sec  1.09 GBytes  9.39 Gbits/sec    0   1.94 MBytes       
[  5]  57.00-57.00  sec  4.62 MBytes  18.7 Gbits/sec    0   1.94 MBytes       
- - - - - - - - - - - - - - - - - - - - - - - - -
[ ID] Interval           Transfer     Bitrate         Retr
[  5]   0.00-57.00  sec  62.4 GBytes  9.40 Gbits/sec    4            sender
-----------------------------------------------------------
Server listening on 5203 (test #17)
-----------------------------------------------------------
Accepted connection from 10.10.10.70, port 48294
[  5] local 10.10.10.70 port 5203 connected to 10.10.10.70 port 49760
[ ID] Interval           Transfer     Bitrate         Total Datagrams
[  5]   0.00-1.00   sec   794 MBytes  6.66 Gbits/sec  694082  
[  5]   1.00-2.00   sec   803 MBytes  6.74 Gbits/sec  701624  
[  5]   2.00-3.00   sec   804 MBytes  6.74 Gbits/sec  702633  
[  5]   3.00-4.00   sec   798 MBytes  6.70 Gbits/sec  697384  
[  5]   4.00-5.00   sec   803 MBytes  6.74 Gbits/sec  702034  
[  5]   5.00-6.00   sec   803 MBytes  6.74 Gbits/sec  701802  
[  5]   6.00-7.00   sec   811 MBytes  6.80 Gbits/sec  708573  
[  5]   7.00-8.00   sec   799 MBytes  6.70 Gbits/sec  698224  
[  5]   8.00-8.00   sec   382 KBytes  6.66 Gbits/sec  326  
- - - - - - - - - - - - - - - - - - - - - - - - -
[ ID] Interval           Transfer     Bitrate         Jitter    Lost/Total Datagrams
[  5]   0.00-8.00   sec  6.27 GBytes  6.73 Gbits/sec  0.000 ms  0/5606682 (0%)  sender