AbcIperf5204 [service] — ready — up 1h2m — pid 821189
ready=true persist=false detached=false
iperf3: error - unable to receive cookie at server: Transport endpoint is not connected
-----------------------------------------------------------
Server listening on 5204 (test #1)
-----------------------------------------------------------
iperf3: error - unable to receive cookie at server: Transport endpoint is not connected
-----------------------------------------------------------
Server listening on 5204 (test #2)
-----------------------------------------------------------
-----------------------------------------------------------
Server listening on 5204 (test #3)
-----------------------------------------------------------
Accepted connection from 10.10.10.70, port 33488
[  5] local 10.10.10.70 port 5204 connected to 10.10.10.70 port 33498
[ ID] Interval           Transfer     Bitrate         Retr  Cwnd
[  5]   0.00-1.00   sec  1.05 GBytes  8.99 Gbits/sec    1   1023 KBytes       
[  5]   1.00-2.00   sec  1.09 GBytes  9.39 Gbits/sec    0   1023 KBytes       
[  5]   2.00-3.00   sec  1.09 GBytes  9.41 Gbits/sec    0   1023 KBytes       
[  5]   3.00-4.00   sec  1.09 GBytes  9.40 Gbits/sec    0   1023 KBytes       
[  5]   4.00-5.00   sec  1.09 GBytes  9.40 Gbits/sec    0   1023 KBytes       
[  5]   5.00-6.00   sec  1.09 GBytes  9.40 Gbits/sec    0   1023 KBytes       
[  5]   6.00-7.00   sec  1.09 GBytes  9.39 Gbits/sec    0   1023 KBytes       
[  5]   7.00-8.00   sec  1.09 GBytes  9.40 Gbits/sec    0   1023 KBytes       
[  5]   8.00-8.04   sec  40.2 MBytes  9.39 Gbits/sec    0   1023 KBytes       
- - - - - - - - - - - - - - - - - - - - - - - - -
[ ID] Interval           Transfer     Bitrate         Retr
[  5]   0.00-8.04   sec  8.75 GBytes  9.35 Gbits/sec    1            sender
-----------------------------------------------------------
Server listening on 5204 (test #4)
-----------------------------------------------------------
Accepted connection from 10.10.10.70, port 52394
[  5] local 10.10.10.70 port 5204 connected to 10.10.10.70 port 52396
[ ID] Interval           Transfer     Bitrate         Retr  Cwnd
[  5]   0.00-1.00   sec  1.04 GBytes  8.92 Gbits/sec    2   1.56 MBytes       
[  5]   1.00-2.00   sec  1.10 GBytes  9.41 Gbits/sec    0   1.56 MBytes       
[  5]   2.00-3.00   sec  1.09 GBytes  9.41 Gbits/sec    0   1.56 MBytes       
[  5]   3.00-4.00   sec  1.09 GBytes  9.39 Gbits/sec    0   1.56 MBytes       
[  5]   4.00-5.00   sec  1.09 GBytes  9.39 Gbits/sec    0   1.56 MBytes       
[  5]   5.00-6.00   sec  1.09 GBytes  9.40 Gbits/sec    0   1.56 MBytes       
[  5]   6.00-7.00   sec  1.09 GBytes  9.39 Gbits/sec    0   1.56 MBytes       
[  5]   7.00-8.00   sec  1.09 GBytes  9.39 Gbits/sec    0   1.56 MBytes       
[  5]   8.00-8.04   sec  41.9 MBytes  9.75 Gbits/sec    0   1.56 MBytes       
- - - - - - - - - - - - - - - - - - - - - - - - -
[ ID] Interval           Transfer     Bitrate         Retr
[  5]   0.00-8.04   sec  8.74 GBytes  9.34 Gbits/sec    2            sender
-----------------------------------------------------------
Server listening on 5204 (test #5)
-----------------------------------------------------------
Accepted connection from 10.10.10.70, port 53326
[  5] local 10.10.10.70 port 5204 connected to 10.10.10.70 port 53332
[ ID] Interval           Transfer     Bitrate         Retr  Cwnd
[  5]   0.00-1.00   sec  1.06 GBytes  9.07 Gbits/sec    0   1.19 MBytes       
[  5]   1.00-2.00   sec  1.09 GBytes  9.38 Gbits/sec    0   1.19 MBytes       
[  5]   2.00-3.00   sec  1.09 GBytes  9.39 Gbits/sec    0   1.19 MBytes       
[  5]   3.00-4.00   sec  1.09 GBytes  9.40 Gbits/sec    0   1.19 MBytes       
[  5]   4.00-5.00   sec  1.09 GBytes  9.40 Gbits/sec    0   1.19 MBytes       
[  5]   5.00-6.00   sec  1.09 GBytes  9.36 Gbits/sec    0   1.19 MBytes       
[  5]   6.00-7.00   sec  1.09 GBytes  9.40 Gbits/sec    0   1.19 MBytes       
[  5]   7.00-8.00   sec  1.09 GBytes  9.39 Gbits/sec    0   1.19 MBytes       
[  5]   8.00-8.04   sec  39.8 MBytes  9.35 Gbits/sec    0   1.19 MBytes       
- - - - - - - - - - - - - - - - - - - - - - - - -
[ ID] Interval           Transfer     Bitrate         Retr
[  5]   0.00-8.04   sec  8.75 GBytes  9.35 Gbits/sec    0            sender
-----------------------------------------------------------
Server listening on 5204 (test #6)
-----------------------------------------------------------
Accepted connection from 10.10.10.70, port 44600
[  5] local 10.10.10.70 port 5204 connected to 10.10.10.70 port 44616
[ ID] Interval           Transfer     Bitrate         Retr  Cwnd
[  5]   0.00-1.00   sec  1.06 GBytes  9.08 Gbits/sec    1   1023 KBytes       
[  5]   1.00-2.00   sec  1.09 GBytes  9.40 Gbits/sec    0   1023 KBytes       
[  5]   2.00-3.00   sec  1.09 GBytes  9.39 Gbits/sec    0   1023 KBytes       
[  5]   3.00-4.00   sec  1.09 GBytes  9.39 Gbits/sec    0   1023 KBytes       
[  5]   4.00-5.00   sec  1.08 GBytes  9.25 Gbits/sec    1   1023 KBytes       
[  5]   5.00-6.00   sec  1.09 GBytes  9.38 Gbits/sec    0   1023 KBytes       
[  5]   6.00-7.00   sec  1.09 GBytes  9.39 Gbits/sec    0   1023 KBytes       
[  5]   7.00-8.00   sec  1.09 GBytes  9.40 Gbits/sec    0   1023 KBytes       
[  5]   8.00-9.00   sec  1.09 GBytes  9.40 Gbits/sec    0   1023 KBytes       
[  5]   9.00-10.00  sec  1.09 GBytes  9.39 Gbits/sec    0   1023 KBytes       
[  5]  10.00-11.00  sec  1.09 GBytes  9.39 Gbits/sec    0   1023 KBytes       
[  5]  11.00-12.00  sec  1.09 GBytes  9.40 Gbits/sec    0   1023 KBytes       
[  5]  12.00-13.00  sec  1.09 GBytes  9.39 Gbits/sec    0   1023 KBytes       
[  5]  13.00-14.00  sec  1.09 GBytes  9.38 Gbits/sec    0   1023 KBytes       
[  5]  14.00-15.00  sec  1.09 GBytes  9.39 Gbits/sec    0   1023 KBytes       
[  5]  15.00-16.00  sec  1.09 GBytes  9.34 Gbits/sec    0   1023 KBytes       
[  5]  16.00-17.00  sec  1.09 GBytes  9.37 Gbits/sec    0   1023 KBytes       
[  5]  17.00-18.00  sec  1.10 GBytes  9.42 Gbits/sec    0   1023 KBytes       
[  5]  18.00-19.00  sec  1.09 GBytes  9.41 Gbits/sec    0   1023 KBytes       
[  5]  19.00-20.00  sec  1.09 GBytes  9.39 Gbits/sec    0   1023 KBytes       
[  5]  20.00-21.00  sec  1.09 GBytes  9.40 Gbits/sec    0   1023 KBytes       
[  5]  21.00-22.00  sec  1.09 GBytes  9.41 Gbits/sec    0   1023 KBytes       
[  5]  22.00-23.00  sec  1.09 GBytes  9.38 Gbits/sec    0   1023 KBytes       
[  5]  23.00-24.00  sec  1.09 GBytes  9.39 Gbits/sec    0   1023 KBytes       
[  5]  24.00-25.00  sec  1.09 GBytes  9.40 Gbits/sec    0   1023 KBytes       
[  5]  25.00-26.00  sec  1.09 GBytes  9.40 Gbits/sec    0   1023 KBytes       
[  5]  26.00-27.00  sec  1.09 GBytes  9.39 Gbits/sec    0   1023 KBytes       
[  5]  27.00-28.00  sec  1.09 GBytes  9.40 Gbits/sec    0   1023 KBytes       
[  5]  28.00-29.00  sec  1.09 GBytes  9.38 Gbits/sec    0   1023 KBytes       
[  5]  29.00-30.00  sec  1.09 GBytes  9.39 Gbits/sec    0   1023 KBytes       
[  5]  30.00-31.00  sec  1.09 GBytes  9.37 Gbits/sec    0   1023 KBytes       
[  5]  31.00-32.00  sec  1.09 GBytes  9.40 Gbits/sec    0   1023 KBytes       
[  5]  32.00-33.00  sec  1.09 GBytes  9.37 Gbits/sec    0   1023 KBytes       
[  5]  33.00-34.00  sec  1.10 GBytes  9.42 Gbits/sec    0   1023 KBytes       
[  5]  34.00-35.00  sec  1.09 GBytes  9.37 Gbits/sec    0   1023 KBytes       
[  5]  35.00-36.00  sec  1.09 GBytes  9.37 Gbits/sec    0   1023 KBytes       
[  5]  36.00-37.00  sec  1.10 GBytes  9.41 Gbits/sec    0   1023 KBytes       
[  5]  37.00-38.00  sec  1.09 GBytes  9.38 Gbits/sec    1   1023 KBytes       
[  5]  38.00-39.00  sec  1.09 GBytes  9.40 Gbits/sec    0   1023 KBytes       
[  5]  39.00-40.00  sec  1.09 GBytes  9.38 Gbits/sec    0   1023 KBytes       
[  5]  40.00-41.00  sec  1.09 GBytes  9.38 Gbits/sec    1   1023 KBytes       
[  5]  41.00-42.00  sec  1.09 GBytes  9.40 Gbits/sec    0   1023 KBytes       
[  5]  42.00-43.00  sec  1.09 GBytes  9.41 Gbits/sec    0   1023 KBytes       
[  5]  43.00-44.00  sec  1.09 GBytes  9.39 Gbits/sec    0   1023 KBytes       
[  5]  44.00-45.00  sec  1.09 GBytes  9.39 Gbits/sec    0   1023 KBytes       
[  5]  45.00-46.00  sec  1.10 GBytes  9.41 Gbits/sec    0   1023 KBytes       
[  5]  46.00-47.00  sec  1.09 GBytes  9.40 Gbits/sec    0   1023 KBytes       
[  5]  47.00-48.00  sec  1.09 GBytes  9.39 Gbits/sec    0   1023 KBytes       
[  5]  48.00-49.00  sec  1.09 GBytes  9.40 Gbits/sec    0   1023 KBytes       
[  5]  49.00-50.00  sec  1.09 GBytes  9.38 Gbits/sec    0   1023 KBytes       
[  5]  50.00-51.00  sec  1.09 GBytes  9.37 Gbits/sec    0   1023 KBytes       
[  5]  51.00-52.00  sec  1.09 GBytes  9.38 Gbits/sec    0   1023 KBytes       
[  5]  52.00-53.00  sec  1.09 GBytes  9.40 Gbits/sec    0   1023 KBytes       
[  5]  53.00-54.00  sec  1.09 GBytes  9.38 Gbits/sec    0   1023 KBytes       
[  5]  54.00-55.00  sec  1.09 GBytes  9.40 Gbits/sec    0   1023 KBytes       
[  5]  55.00-56.00  sec  1.09 GBytes  9.39 Gbits/sec    0   1023 KBytes       
[  5]  56.00-57.00  sec  1.10 GBytes  9.41 Gbits/sec    0   1023 KBytes       
[  5]  57.00-57.03  sec  36.6 MBytes  9.05 Gbits/sec    0   1023 KBytes       
- - - - - - - - - - - - - - - - - - - - - - - - -
[ ID] Interval           Transfer     Bitrate         Retr
[  5]   0.00-57.03  sec  62.3 GBytes  9.38 Gbits/sec    4            sender
-----------------------------------------------------------
Server listening on 5204 (test #7)
-----------------------------------------------------------
Accepted connection from 10.10.10.70, port 52912
[  5] local 10.10.10.70 port 5204 connected to 10.10.10.70 port 40678
[ ID] Interval           Transfer     Bitrate         Total Datagrams
[  5]   0.00-1.00   sec   969 MBytes  8.12 Gbits/sec  846588  
[  5]   1.00-2.00   sec   977 MBytes  8.20 Gbits/sec  853695  
[  5]   2.00-3.00   sec   980 MBytes  8.22 Gbits/sec  856128  
[  5]   3.00-4.00   sec   979 MBytes  8.21 Gbits/sec  855700  
[  5]   4.00-5.00   sec   979 MBytes  8.21 Gbits/sec  855717  
[  5]   5.00-6.00   sec   981 MBytes  8.23 Gbits/sec  857317  
[  5]   6.00-7.00   sec   981 MBytes  8.23 Gbits/sec  857187  
[  5]   7.00-8.00   sec   976 MBytes  8.19 Gbits/sec  853171  
[  5]   8.00-8.04   sec  37.1 MBytes  8.17 Gbits/sec  32434  
- - - - - - - - - - - - - - - - - - - - - - - - -
[ ID] Interval           Transfer     Bitrate         Jitter    Lost/Total Datagrams
[  5]   0.00-8.04   sec  7.68 GBytes  8.20 Gbits/sec  0.000 ms  0/6867937 (0%)  sender
iperf3: error - unable to receive cookie at server: Transport endpoint is not connected
-----------------------------------------------------------
Server listening on 5204 (test #8)
-----------------------------------------------------------
-----------------------------------------------------------
Server listening on 5204 (test #9)
-----------------------------------------------------------
Accepted connection from 10.10.10.70, port 40088
[  5] local 10.10.10.70 port 5204 connected to 10.10.10.70 port 40092
[ ID] Interval           Transfer     Bitrate         Retr  Cwnd
[  5]   0.00-1.00   sec  1.10 GBytes  9.42 Gbits/sec    0   1023 KBytes       
[  5]   1.00-2.00   sec  1.09 GBytes  9.40 Gbits/sec    0   1023 KBytes       
[  5]   2.00-3.00   sec  1.09 GBytes  9.40 Gbits/sec    0   1023 KBytes       
[  5]   3.00-4.00   sec  1.09 GBytes  9.38 Gbits/sec    0   1023 KBytes       
[  5]   4.00-5.00   sec  1.09 GBytes  9.38 Gbits/sec    0   1023 KBytes       
[  5]   5.00-6.00   sec  1.10 GBytes  9.41 Gbits/sec    0   1023 KBytes       
[  5]   6.00-7.00   sec  1.09 GBytes  9.40 Gbits/sec    0   1023 KBytes       
[  5]   7.00-8.00   sec  1.09 GBytes  9.40 Gbits/sec    0   1023 KBytes       
- - - - - - - - - - - - - - - - - - - - - - - - -
[ ID] Interval           Transfer     Bitrate         Retr
[  5]   0.00-8.00   sec  8.76 GBytes  9.40 Gbits/sec    0            sender
-----------------------------------------------------------
Server listening on 5204 (test #10)
-----------------------------------------------------------
Accepted connection from 10.10.10.70, port 40100
[  5] local 10.10.10.70 port 5204 connected to 10.10.10.70 port 40108
[ ID] Interval           Transfer     Bitrate         Retr  Cwnd
[  5]   0.00-1.00   sec  1.10 GBytes  9.42 Gbits/sec    0   1023 KBytes       
[  5]   1.00-2.00   sec  1.09 GBytes  9.40 Gbits/sec    0   1023 KBytes       
[  5]   2.00-3.00   sec  1.09 GBytes  9.40 Gbits/sec    0   1023 KBytes       
[  5]   3.00-4.00   sec  1.09 GBytes  9.40 Gbits/sec    0   1023 KBytes       
[  5]   4.00-5.00   sec  1.09 GBytes  9.37 Gbits/sec    0   1023 KBytes       
[  5]   5.00-6.00   sec  1.09 GBytes  9.40 Gbits/sec    0   1023 KBytes       
[  5]   6.00-7.00   sec  1.09 GBytes  9.40 Gbits/sec    0   1023 KBytes       
[  5]   7.00-8.00   sec  1.09 GBytes  9.39 Gbits/sec    0   1023 KBytes       
- - - - - - - - - - - - - - - - - - - - - - - - -
[ ID] Interval           Transfer     Bitrate         Retr
[  5]   0.00-8.00   sec  8.75 GBytes  9.40 Gbits/sec    0            sender
-----------------------------------------------------------
Server listening on 5204 (test #11)
-----------------------------------------------------------
Accepted connection from 10.10.10.70, port 57358
[  5] local 10.10.10.70 port 5204 connected to 10.10.10.70 port 57370
[ ID] Interval           Transfer     Bitrate         Retr  Cwnd
[  5]   0.00-1.00   sec  1.09 GBytes  9.40 Gbits/sec    0   1023 KBytes       
[  5]   1.00-2.00   sec  1.09 GBytes  9.40 Gbits/sec    0   1023 KBytes       
[  5]   2.00-3.00   sec  1.09 GBytes  9.36 Gbits/sec    0   1023 KBytes       
[  5]   3.00-4.00   sec  1.09 GBytes  9.36 Gbits/sec    1   1023 KBytes       
[  5]   4.00-5.00   sec  1.10 GBytes  9.41 Gbits/sec    0   1023 KBytes       
[  5]   5.00-6.00   sec  1.09 GBytes  9.39 Gbits/sec    0   1023 KBytes       
[  5]   6.00-7.00   sec  1.09 GBytes  9.39 Gbits/sec    0   1023 KBytes       
[  5]   7.00-8.00   sec  1.09 GBytes  9.40 Gbits/sec    0   1023 KBytes       
- - - - - - - - - - - - - - - - - - - - - - - - -
[ ID] Interval           Transfer     Bitrate         Retr
[  5]   0.00-8.00   sec  8.74 GBytes  9.39 Gbits/sec    1            sender
-----------------------------------------------------------
Server listening on 5204 (test #12)
-----------------------------------------------------------
Accepted connection from 10.10.10.70, port 43872
[  5] local 10.10.10.70 port 5204 connected to 10.10.10.70 port 43874
[ ID] Interval           Transfer     Bitrate         Retr  Cwnd
[  5]   0.00-1.00   sec  1.10 GBytes  9.40 Gbits/sec    0   1023 KBytes       
[  5]   1.00-2.00   sec  1.09 GBytes  9.39 Gbits/sec    0   1023 KBytes       
[  5]   2.00-3.00   sec  1.09 GBytes  9.38 Gbits/sec    0   1023 KBytes       
[  5]   3.00-4.00   sec  1.09 GBytes  9.40 Gbits/sec    0   1023 KBytes       
[  5]   4.00-5.00   sec  1.09 GBytes  9.39 Gbits/sec    0   1023 KBytes       
[  5]   5.00-6.00   sec  1.09 GBytes  9.39 Gbits/sec    0   1023 KBytes       
[  5]   6.00-7.00   sec  1.09 GBytes  9.40 Gbits/sec    0   1023 KBytes       
[  5]   7.00-8.00   sec  1.10 GBytes  9.41 Gbits/sec    0   1023 KBytes       
[  5]   8.00-9.00   sec  1.09 GBytes  9.39 Gbits/sec    0   1023 KBytes       
[  5]   9.00-10.00  sec  1.09 GBytes  9.40 Gbits/sec    0   1023 KBytes       
[  5]  10.00-11.00  sec  1.09 GBytes  9.39 Gbits/sec    0   1023 KBytes       
[  5]  11.00-12.00  sec  1.09 GBytes  9.40 Gbits/sec    0   1023 KBytes       
[  5]  12.00-13.00  sec  1.09 GBytes  9.38 Gbits/sec    0   1023 KBytes       
[  5]  13.00-14.00  sec  1.09 GBytes  9.38 Gbits/sec    0   1023 KBytes       
[  5]  14.00-15.00  sec  1.10 GBytes  9.41 Gbits/sec    0   1023 KBytes       
[  5]  15.00-16.00  sec  1.09 GBytes  9.40 Gbits/sec    0   1023 KBytes       
[  5]  16.00-17.00  sec  1.09 GBytes  9.40 Gbits/sec    0   1023 KBytes       
[  5]  17.00-18.00  sec  1.09 GBytes  9.39 Gbits/sec    0   1023 KBytes       
[  5]  18.00-19.00  sec  1.09 GBytes  9.40 Gbits/sec    0   1023 KBytes       
[  5]  19.00-20.00  sec  1.09 GBytes  9.39 Gbits/sec    0   1023 KBytes       
[  5]  20.00-21.00  sec  1.10 GBytes  9.41 Gbits/sec    0   1023 KBytes       
[  5]  21.00-22.00  sec  1.09 GBytes  9.38 Gbits/sec    0   1023 KBytes       
[  5]  22.00-23.00  sec  1.09 GBytes  9.39 Gbits/sec    0   1023 KBytes       
[  5]  23.00-24.00  sec  1.09 GBytes  9.40 Gbits/sec    0   1023 KBytes       
[  5]  24.00-25.00  sec  1.09 GBytes  9.40 Gbits/sec    0   1023 KBytes       
[  5]  25.00-26.00  sec  1.09 GBytes  9.39 Gbits/sec    0   1023 KBytes       
[  5]  26.00-27.00  sec  1.09 GBytes  9.41 Gbits/sec    0   1023 KBytes       
[  5]  27.00-28.00  sec  1.09 GBytes  9.40 Gbits/sec    0   1023 KBytes       
[  5]  28.00-29.00  sec  1.09 GBytes  9.40 Gbits/sec    0   1023 KBytes       
[  5]  29.00-30.00  sec  1.09 GBytes  9.38 Gbits/sec    0   1023 KBytes       
[  5]  30.00-31.00  sec  1.09 GBytes  9.39 Gbits/sec    0   1023 KBytes       
[  5]  31.00-32.00  sec  1.09 GBytes  9.40 Gbits/sec    0   1023 KBytes       
[  5]  32.00-33.00  sec  1.09 GBytes  9.39 Gbits/sec    0   1023 KBytes       
[  5]  33.00-34.00  sec  1.10 GBytes  9.41 Gbits/sec    0   1023 KBytes       
[  5]  34.00-35.00  sec  1.09 GBytes  9.36 Gbits/sec    0   1023 KBytes       
[  5]  35.00-36.00  sec  1.09 GBytes  9.38 Gbits/sec    0   1023 KBytes       
[  5]  36.00-37.00  sec  1.10 GBytes  9.41 Gbits/sec    0   1023 KBytes       
[  5]  37.00-38.00  sec  1.09 GBytes  9.40 Gbits/sec    0   1023 KBytes       
[  5]  38.00-39.00  sec  1.09 GBytes  9.38 Gbits/sec    0   1023 KBytes       
[  5]  39.00-40.00  sec  1.09 GBytes  9.38 Gbits/sec    0   1023 KBytes       
[  5]  40.00-41.00  sec  1.09 GBytes  9.39 Gbits/sec    0   1023 KBytes       
[  5]  41.00-42.00  sec  1.10 GBytes  9.41 Gbits/sec    0   1023 KBytes       
[  5]  42.00-43.00  sec  1.09 GBytes  9.38 Gbits/sec    0   1023 KBytes       
[  5]  43.00-44.00  sec  1.10 GBytes  9.41 Gbits/sec    0   1023 KBytes       
[  5]  44.00-45.00  sec  1.09 GBytes  9.36 Gbits/sec    1   1023 KBytes       
[  5]  45.00-46.00  sec  1.00 GBytes  8.63 Gbits/sec    0   1023 KBytes       
[  5]  46.00-47.00  sec  1.09 GBytes  9.39 Gbits/sec    0   1023 KBytes       
[  5]  47.00-48.00  sec  1.09 GBytes  9.39 Gbits/sec    0   1023 KBytes       
[  5]  48.00-49.00  sec  1.09 GBytes  9.39 Gbits/sec    0   1023 KBytes       
[  5]  49.00-50.00  sec  1.09 GBytes  9.38 Gbits/sec    0   1023 KBytes       
[  5]  50.00-51.00  sec  1.09 GBytes  9.38 Gbits/sec    0   1023 KBytes       
[  5]  51.00-52.00  sec  1.09 GBytes  9.40 Gbits/sec    0   1023 KBytes       
[  5]  52.00-53.00  sec  1.09 GBytes  9.40 Gbits/sec    0   1023 KBytes       
[  5]  53.00-54.00  sec  1.09 GBytes  9.39 Gbits/sec    0   1023 KBytes       
[  5]  54.00-55.00  sec  1.10 GBytes  9.41 Gbits/sec    0   1023 KBytes       
[  5]  55.00-56.00  sec  1.09 GBytes  9.39 Gbits/sec    0   1023 KBytes       
[  5]  56.00-57.00  sec  1.09 GBytes  9.39 Gbits/sec    0   1023 KBytes       
[  5]  57.00-57.00  sec  1.88 MBytes  10.3 Gbits/sec    0   1023 KBytes       
- - - - - - - - - - - - - - - - - - - - - - - - -
[ ID] Interval           Transfer     Bitrate         Retr
[  5]   0.00-57.00  sec  62.3 GBytes  9.38 Gbits/sec    1            sender
-----------------------------------------------------------
Server listening on 5204 (test #13)
-----------------------------------------------------------
Accepted connection from 10.10.10.70, port 48154
[  5] local 10.10.10.70 port 5204 connected to 10.10.10.70 port 58485
[ ID] Interval           Transfer     Bitrate         Total Datagrams
[  5]   0.00-1.00   sec   931 MBytes  7.80 Gbits/sec  813271  
[  5]   1.00-2.00   sec   937 MBytes  7.86 Gbits/sec  819200  
[  5]   2.00-3.00   sec   926 MBytes  7.77 Gbits/sec  809533  
[  5]   3.00-4.00   sec   935 MBytes  7.84 Gbits/sec  816953  
[  5]   4.00-5.00   sec   936 MBytes  7.85 Gbits/sec  818006  
[  5]   5.00-6.00   sec   937 MBytes  7.86 Gbits/sec  819095  
[  5]   6.00-7.00   sec   928 MBytes  7.79 Gbits/sec  811312  
[  5]   7.00-8.00   sec   940 MBytes  7.88 Gbits/sec  821459  
[  5]   8.00-8.01   sec  6.26 MBytes  7.13 Gbits/sec  5465  
- - - - - - - - - - - - - - - - - - - - - - - - -
[ ID] Interval           Transfer     Bitrate         Jitter    Lost/Total Datagrams
[  5]   0.00-8.01   sec  7.30 GBytes  7.83 Gbits/sec  0.000 ms  0/6534294 (0%)  sender
-----------------------------------------------------------
Server listening on 5204 (test #14)
-----------------------------------------------------------
Accepted connection from 10.10.10.70, port 51816
[  5] local 10.10.10.70 port 5204 connected to 10.10.10.70 port 51824
[ ID] Interval           Transfer     Bitrate         Retr  Cwnd
[  5]   0.00-1.00   sec  1.09 GBytes  9.39 Gbits/sec    0    767 KBytes       
[  5]   1.00-2.00   sec  1.09 GBytes  9.38 Gbits/sec    0    767 KBytes       
[  5]   2.00-3.00   sec  1.09 GBytes  9.39 Gbits/sec    0   1.25 MBytes       
[  5]   3.00-4.00   sec  1.09 GBytes  9.40 Gbits/sec    0   1.25 MBytes       
[  5]   4.00-5.00   sec  1.09 GBytes  9.38 Gbits/sec    0   1.25 MBytes       
[  5]   5.00-6.00   sec  1.09 GBytes  9.38 Gbits/sec    0   1.25 MBytes       
[  5]   6.00-7.00   sec  1.09 GBytes  9.39 Gbits/sec    0   1.25 MBytes       
[  5]   7.00-8.00   sec  1.09 GBytes  9.38 Gbits/sec    0   1.25 MBytes       
[  5]   8.00-8.00   sec  3.50 MBytes  16.1 Gbits/sec    0   1.25 MBytes       
- - - - - - - - - - - - - - - - - - - - - - - - -
[ ID] Interval           Transfer     Bitrate         Retr
[  5]   0.00-8.00   sec  8.75 GBytes  9.39 Gbits/sec    0            sender
-----------------------------------------------------------
Server listening on 5204 (test #15)
-----------------------------------------------------------
Accepted connection from 10.10.10.70, port 45328
[  5] local 10.10.10.70 port 5204 connected to 10.10.10.70 port 45338
[ ID] Interval           Transfer     Bitrate         Retr  Cwnd
[  5]   0.00-1.00   sec  1.10 GBytes  9.41 Gbits/sec    0   1023 KBytes       
[  5]   1.00-2.00   sec  1.09 GBytes  9.40 Gbits/sec    0   1023 KBytes       
[  5]   2.00-3.00   sec  1.09 GBytes  9.36 Gbits/sec    0   1023 KBytes       
[  5]   3.00-4.00   sec  1.09 GBytes  9.40 Gbits/sec    0   1023 KBytes       
[  5]   4.00-5.00   sec  1.09 GBytes  9.37 Gbits/sec    0   1023 KBytes       
[  5]   5.00-6.00   sec  1.09 GBytes  9.38 Gbits/sec    0   1023 KBytes       
[  5]   6.00-7.00   sec  1.09 GBytes  9.38 Gbits/sec    0   1023 KBytes       
[  5]   7.00-8.00   sec  1.09 GBytes  9.40 Gbits/sec    0   1023 KBytes       
[  5]   8.00-8.00   sec  1.88 MBytes  7.37 Gbits/sec    0   1023 KBytes       
- - - - - - - - - - - - - - - - - - - - - - - - -
[ ID] Interval           Transfer     Bitrate         Retr
[  5]   0.00-8.00   sec  8.75 GBytes  9.39 Gbits/sec    0            sender
-----------------------------------------------------------
Server listening on 5204 (test #16)
-----------------------------------------------------------
Accepted connection from 10.10.10.70, port 51156
[  5] local 10.10.10.70 port 5204 connected to 10.10.10.70 port 51162
[ ID] Interval           Transfer     Bitrate         Retr  Cwnd
[  5]   0.00-1.00   sec  1.10 GBytes  9.43 Gbits/sec    0   1.06 MBytes       
[  5]   1.00-2.00   sec  1.10 GBytes  9.41 Gbits/sec    0   1.06 MBytes       
[  5]   2.00-3.00   sec  1.09 GBytes  9.41 Gbits/sec    0   1.06 MBytes       
[  5]   3.00-4.00   sec  1.09 GBytes  9.37 Gbits/sec    0   1.06 MBytes       
[  5]   4.00-5.00   sec  1.09 GBytes  9.39 Gbits/sec    0   1.06 MBytes       
[  5]   5.00-6.00   sec  1.09 GBytes  9.39 Gbits/sec    0   1.06 MBytes       
[  5]   6.00-7.00   sec  1.09 GBytes  9.39 Gbits/sec    0   1.06 MBytes       
[  5]   7.00-8.00   sec  1.09 GBytes  9.39 Gbits/sec    0   1.06 MBytes       
[  5]   8.00-8.00   sec  1.75 MBytes  9.86 Gbits/sec    0   1.06 MBytes       
- - - - - - - - - - - - - - - - - - - - - - - - -
[ ID] Interval           Transfer     Bitrate         Retr
[  5]   0.00-8.00   sec  8.75 GBytes  9.40 Gbits/sec    0            sender
-----------------------------------------------------------
Server listening on 5204 (test #17)
-----------------------------------------------------------
Accepted connection from 10.10.10.70, port 51168
[  5] local 10.10.10.70 port 5204 connected to 10.10.10.70 port 51176
[ ID] Interval           Transfer     Bitrate         Retr  Cwnd
[  5]   0.00-1.00   sec  1.10 GBytes  9.42 Gbits/sec    0   1.12 MBytes       
[  5]   1.00-2.00   sec  1.09 GBytes  9.39 Gbits/sec    0   1.12 MBytes       
[  5]   2.00-3.00   sec  1.10 GBytes  9.40 Gbits/sec    0   1.12 MBytes       
[  5]   3.00-4.00   sec  1.09 GBytes  9.37 Gbits/sec    0   1.12 MBytes       
[  5]   4.00-5.00   sec  1.09 GBytes  9.39 Gbits/sec    0   1.12 MBytes       
[  5]   5.00-6.00   sec  1.09 GBytes  9.34 Gbits/sec    0   1.12 MBytes       
[  5]   6.00-7.00   sec  1.01 GBytes  8.68 Gbits/sec    0   1.12 MBytes       
[  5]   7.00-8.00   sec  1.06 GBytes  9.13 Gbits/sec    0   1.12 MBytes       
[  5]   8.00-9.00   sec  1.09 GBytes  9.39 Gbits/sec    0   1.12 MBytes       
[  5]   9.00-10.00  sec  1.09 GBytes  9.38 Gbits/sec    0   1.12 MBytes       
[  5]  10.00-11.00  sec  1.09 GBytes  9.40 Gbits/sec    0   1.12 MBytes       
[  5]  11.00-12.00  sec  1.09 GBytes  9.38 Gbits/sec    0   1.12 MBytes       
[  5]  12.00-13.00  sec  1.09 GBytes  9.39 Gbits/sec    0   1.12 MBytes       
[  5]  13.00-14.00  sec  1.09 GBytes  9.39 Gbits/sec    0   1.12 MBytes       
[  5]  14.00-15.00  sec  1.09 GBytes  9.39 Gbits/sec    0   1.12 MBytes       
[  5]  15.00-16.00  sec  1.09 GBytes  9.38 Gbits/sec    0   1.12 MBytes       
[  5]  16.00-17.00  sec  1.09 GBytes  9.35 Gbits/sec    0   1.12 MBytes       
[  5]  17.00-18.00  sec  1.09 GBytes  9.37 Gbits/sec    0   1.12 MBytes       
[  5]  18.00-19.00  sec  1.09 GBytes  9.35 Gbits/sec    0   1.12 MBytes       
[  5]  19.00-20.00  sec  1.09 GBytes  9.40 Gbits/sec    0   1.12 MBytes       
[  5]  20.00-21.00  sec  1.09 GBytes  9.40 Gbits/sec    0   1.12 MBytes       
[  5]  21.00-22.00  sec  1.09 GBytes  9.37 Gbits/sec    0   1.12 MBytes       
[  5]  22.00-23.00  sec  1.10 GBytes  9.41 Gbits/sec    0   1.12 MBytes       
[  5]  23.00-24.00  sec  1.09 GBytes  9.39 Gbits/sec    0   1.12 MBytes       
[  5]  24.00-25.00  sec  1.09 GBytes  9.36 Gbits/sec    0   1.12 MBytes       
[  5]  25.00-26.00  sec  1.09 GBytes  9.35 Gbits/sec    0   1.12 MBytes       
[  5]  26.00-27.00  sec  1.09 GBytes  9.40 Gbits/sec    0   1.12 MBytes       
[  5]  27.00-28.00  sec  1.09 GBytes  9.39 Gbits/sec    0   1.12 MBytes       
[  5]  28.00-29.00  sec  1.09 GBytes  9.40 Gbits/sec    0   1.12 MBytes       
[  5]  29.00-30.00  sec  1.09 GBytes  9.40 Gbits/sec    0   1.12 MBytes       
[  5]  30.00-31.00  sec  1.09 GBytes  9.36 Gbits/sec    0   1.12 MBytes       
[  5]  31.00-32.00  sec  1.09 GBytes  9.40 Gbits/sec    0   1.12 MBytes       
[  5]  32.00-33.00  sec  1.09 GBytes  9.40 Gbits/sec    0   1.12 MBytes       
[  5]  33.00-34.00  sec  1.09 GBytes  9.37 Gbits/sec    0   1.12 MBytes       
[  5]  34.00-35.00  sec  1.09 GBytes  9.39 Gbits/sec    0   1.12 MBytes       
[  5]  35.00-36.00  sec  1.09 GBytes  9.38 Gbits/sec    0   1.12 MBytes       
[  5]  36.00-37.00  sec  1.09 GBytes  9.33 Gbits/sec    0   1.12 MBytes       
[  5]  37.00-38.00  sec  1.09 GBytes  9.39 Gbits/sec    0   1.12 MBytes       
[  5]  38.00-39.00  sec  1.09 GBytes  9.35 Gbits/sec    0   1.12 MBytes       
[  5]  39.00-40.00  sec  1.09 GBytes  9.34 Gbits/sec    0   1.12 MBytes       
[  5]  40.00-41.00  sec  1.09 GBytes  9.39 Gbits/sec    0   1.12 MBytes       
[  5]  41.00-42.00  sec  1.09 GBytes  9.37 Gbits/sec    0   1.12 MBytes       
[  5]  42.00-43.00  sec  1.09 GBytes  9.38 Gbits/sec    0   1.12 MBytes       
[  5]  43.00-44.00  sec  1.09 GBytes  9.39 Gbits/sec    0   1.12 MBytes       
[  5]  44.00-45.00  sec  1.09 GBytes  9.39 Gbits/sec    0   1.12 MBytes       
[  5]  45.00-46.00  sec  1.09 GBytes  9.39 Gbits/sec    0   1.12 MBytes       
[  5]  46.00-47.00  sec  1.09 GBytes  9.35 Gbits/sec    0   1.12 MBytes       
[  5]  47.00-48.00  sec  1.09 GBytes  9.39 Gbits/sec    0   1.12 MBytes       
[  5]  48.00-49.00  sec  1.09 GBytes  9.40 Gbits/sec    0   1.12 MBytes       
[  5]  49.00-50.00  sec  1.09 GBytes  9.37 Gbits/sec    0   1.12 MBytes       
[  5]  50.00-51.00  sec  1.09 GBytes  9.39 Gbits/sec    0   1.12 MBytes       
[  5]  51.00-52.00  sec  1.09 GBytes  9.38 Gbits/sec    0   1.12 MBytes       
[  5]  52.00-53.00  sec  1.09 GBytes  9.39 Gbits/sec    0   1.12 MBytes       
[  5]  53.00-54.00  sec  1.09 GBytes  9.33 Gbits/sec    0   1.12 MBytes       
[  5]  54.00-55.00  sec  1.09 GBytes  9.37 Gbits/sec    0   1.12 MBytes       
[  5]  55.00-56.00  sec  1.09 GBytes  9.40 Gbits/sec    0   1.12 MBytes       
[  5]  56.00-57.00  sec  1.09 GBytes  9.37 Gbits/sec    0   1.12 MBytes       
[  5]  57.00-57.00  sec  2.12 MBytes  10.9 Gbits/sec    0   1.12 MBytes       
- - - - - - - - - - - - - - - - - - - - - - - - -
[ ID] Interval           Transfer     Bitrate         Retr
[  5]   0.00-57.00  sec  62.1 GBytes  9.36 Gbits/sec    0            sender
-----------------------------------------------------------
Server listening on 5204 (test #18)
-----------------------------------------------------------
Accepted connection from 10.10.10.70, port 45708
[  5] local 10.10.10.70 port 5204 connected to 10.10.10.70 port 55655
[ ID] Interval           Transfer     Bitrate         Total Datagrams
[  5]   0.00-1.00   sec   912 MBytes  7.65 Gbits/sec  796809  
[  5]   1.00-2.00   sec   919 MBytes  7.71 Gbits/sec  802905  
[  5]   2.00-3.00   sec   925 MBytes  7.76 Gbits/sec  808621  
[  5]   3.00-4.00   sec   905 MBytes  7.59 Gbits/sec  790948  
[  5]   4.00-5.00   sec   922 MBytes  7.73 Gbits/sec  805664  
[  5]   5.00-6.00   sec   917 MBytes  7.69 Gbits/sec  801112  
[  5]   6.00-7.00   sec   916 MBytes  7.68 Gbits/sec  800546  
[  5]   7.00-8.00   sec   918 MBytes  7.70 Gbits/sec  802282  
[  5]   8.00-8.00   sec   359 KBytes  8.77 Gbits/sec  306  
- - - - - - - - - - - - - - - - - - - - - - - - -
[ ID] Interval           Transfer     Bitrate         Jitter    Lost/Total Datagrams
[  5]   0.00-8.00   sec  7.16 GBytes  7.69 Gbits/sec  0.000 ms  0/6409193 (0%)  sender