AbcIperf5205 [service] — ready — up 1h2m — pid 821191
ready=true persist=false detached=false
iperf3: error - unable to receive cookie at server: Transport endpoint is not connected
-----------------------------------------------------------
Server listening on 5205 (test #1)
-----------------------------------------------------------
iperf3: error - unable to receive cookie at server: Transport endpoint is not connected
-----------------------------------------------------------
Server listening on 5205 (test #2)
-----------------------------------------------------------
-----------------------------------------------------------
Server listening on 5205 (test #3)
-----------------------------------------------------------
Accepted connection from 10.10.10.70, port 47974
[  5] local 10.10.10.70 port 5205 connected to 10.10.10.70 port 47984
[ ID] Interval           Transfer     Bitrate         Retr  Cwnd
[  5]   0.00-1.00   sec  1.06 GBytes  9.11 Gbits/sec    1   1023 KBytes       
[  5]   1.00-2.00   sec  1.09 GBytes  9.39 Gbits/sec    0   1023 KBytes       
[  5]   2.00-3.00   sec  1.09 GBytes  9.41 Gbits/sec    0   1023 KBytes       
[  5]   3.00-4.00   sec  1.09 GBytes  9.37 Gbits/sec    0   1023 KBytes       
[  5]   4.00-5.00   sec  1.09 GBytes  9.39 Gbits/sec    0   1023 KBytes       
[  5]   5.00-6.00   sec  1.09 GBytes  9.36 Gbits/sec    0   1023 KBytes       
[  5]   6.00-7.00   sec  1.09 GBytes  9.40 Gbits/sec    0   1023 KBytes       
[  5]   7.00-8.00   sec  1.09 GBytes  9.39 Gbits/sec    0   1023 KBytes       
[  5]   8.00-8.04   sec  38.9 MBytes  9.43 Gbits/sec    0   1023 KBytes       
- - - - - - - - - - - - - - - - - - - - - - - - -
[ ID] Interval           Transfer     Bitrate         Retr
[  5]   0.00-8.04   sec  8.75 GBytes  9.36 Gbits/sec    1            sender
-----------------------------------------------------------
Server listening on 5205 (test #4)
-----------------------------------------------------------
Accepted connection from 10.10.10.70, port 50264
[  5] local 10.10.10.70 port 5205 connected to 10.10.10.70 port 50276
[ ID] Interval           Transfer     Bitrate         Retr  Cwnd
[  5]   0.00-1.00   sec  1.07 GBytes  9.15 Gbits/sec    0   1023 KBytes       
[  5]   1.00-2.00   sec  1.09 GBytes  9.40 Gbits/sec    0   1023 KBytes       
[  5]   2.00-3.00   sec  1.09 GBytes  9.40 Gbits/sec    0   1023 KBytes       
[  5]   3.00-4.00   sec  1.09 GBytes  9.39 Gbits/sec    0   1023 KBytes       
[  5]   4.00-5.00   sec  1.09 GBytes  9.40 Gbits/sec    0   1023 KBytes       
[  5]   5.00-6.00   sec  1.09 GBytes  9.39 Gbits/sec    0   1023 KBytes       
[  5]   6.00-7.00   sec  1.09 GBytes  9.38 Gbits/sec    0   1023 KBytes       
[  5]   7.00-8.00   sec  1.09 GBytes  9.39 Gbits/sec    0   1023 KBytes       
[  5]   8.00-8.04   sec  41.2 MBytes  9.17 Gbits/sec    0   1023 KBytes       
- - - - - - - - - - - - - - - - - - - - - - - - -
[ ID] Interval           Transfer     Bitrate         Retr
[  5]   0.00-8.04   sec  8.76 GBytes  9.36 Gbits/sec    0            sender
-----------------------------------------------------------
Server listening on 5205 (test #5)
-----------------------------------------------------------
Accepted connection from 10.10.10.70, port 49612
[  5] local 10.10.10.70 port 5205 connected to 10.10.10.70 port 49618
[ ID] Interval           Transfer     Bitrate         Retr  Cwnd
[  5]   0.00-1.00   sec  1.07 GBytes  9.14 Gbits/sec    0   1023 KBytes       
[  5]   1.00-2.00   sec  1.09 GBytes  9.40 Gbits/sec    0   1023 KBytes       
[  5]   2.00-3.00   sec  1.09 GBytes  9.39 Gbits/sec    0   1023 KBytes       
[  5]   3.00-4.00   sec  1.09 GBytes  9.36 Gbits/sec    0   1023 KBytes       
[  5]   4.00-5.00   sec  1.09 GBytes  9.40 Gbits/sec    0   1023 KBytes       
[  5]   5.00-6.00   sec  1.09 GBytes  9.38 Gbits/sec    0   1023 KBytes       
[  5]   6.00-7.00   sec  1.09 GBytes  9.39 Gbits/sec    0   1023 KBytes       
[  5]   7.00-8.00   sec  1.09 GBytes  9.39 Gbits/sec    0   1023 KBytes       
[  5]   8.00-8.04   sec  43.6 MBytes  9.53 Gbits/sec    0   1023 KBytes       
- - - - - - - - - - - - - - - - - - - - - - - - -
[ ID] Interval           Transfer     Bitrate         Retr
[  5]   0.00-8.04   sec  8.76 GBytes  9.36 Gbits/sec    0            sender
-----------------------------------------------------------
Server listening on 5205 (test #6)
-----------------------------------------------------------
Accepted connection from 10.10.10.70, port 49634
[  5] local 10.10.10.70 port 5205 connected to 10.10.10.70 port 49644
[ ID] Interval           Transfer     Bitrate         Retr  Cwnd
[  5]   0.00-1.00   sec  1.07 GBytes  9.14 Gbits/sec    1   1023 KBytes       
[  5]   1.00-2.00   sec  1.09 GBytes  9.39 Gbits/sec    0   1023 KBytes       
[  5]   2.00-3.00   sec  1.09 GBytes  9.40 Gbits/sec    0   1023 KBytes       
[  5]   3.00-4.00   sec  1.09 GBytes  9.39 Gbits/sec    0   1023 KBytes       
[  5]   4.00-5.00   sec  1.09 GBytes  9.40 Gbits/sec    0   1023 KBytes       
[  5]   5.00-6.00   sec  1.09 GBytes  9.38 Gbits/sec    0   1023 KBytes       
[  5]   6.00-7.00   sec  1.09 GBytes  9.39 Gbits/sec    0   1023 KBytes       
[  5]   7.00-8.00   sec  1.09 GBytes  9.40 Gbits/sec    0   1023 KBytes       
[  5]   8.00-9.00   sec  1.09 GBytes  9.37 Gbits/sec    0   1023 KBytes       
[  5]   9.00-10.00  sec  1.09 GBytes  9.38 Gbits/sec    0   1023 KBytes       
[  5]  10.00-11.00  sec  1.09 GBytes  9.38 Gbits/sec    0   1023 KBytes       
[  5]  11.00-12.00  sec  1.09 GBytes  9.38 Gbits/sec    0   1023 KBytes       
[  5]  12.00-13.00  sec  1.09 GBytes  9.40 Gbits/sec    0   1023 KBytes       
[  5]  13.00-14.00  sec  1.09 GBytes  9.34 Gbits/sec    0   1023 KBytes       
[  5]  14.00-15.00  sec  1.09 GBytes  9.40 Gbits/sec    0   1023 KBytes       
[  5]  15.00-16.00  sec  1.09 GBytes  9.38 Gbits/sec    0   1023 KBytes       
[  5]  16.00-17.00  sec  1.09 GBytes  9.37 Gbits/sec    0   1023 KBytes       
[  5]  17.00-18.00  sec  1.09 GBytes  9.38 Gbits/sec    0   1023 KBytes       
[  5]  18.00-19.00  sec  1.09 GBytes  9.40 Gbits/sec    0   1023 KBytes       
[  5]  19.00-20.00  sec  1.09 GBytes  9.37 Gbits/sec    0   1023 KBytes       
[  5]  20.00-21.00  sec  1.09 GBytes  9.37 Gbits/sec    0   1023 KBytes       
[  5]  21.00-22.00  sec  1.09 GBytes  9.40 Gbits/sec    0   1023 KBytes       
[  5]  22.00-23.00  sec  1.09 GBytes  9.40 Gbits/sec    0   1023 KBytes       
[  5]  23.00-24.00  sec  1.09 GBytes  9.38 Gbits/sec    0   1023 KBytes       
[  5]  24.00-25.00  sec  1.09 GBytes  9.39 Gbits/sec    0   1023 KBytes       
[  5]  25.00-26.00  sec  1.09 GBytes  9.40 Gbits/sec    0   1023 KBytes       
[  5]  26.00-27.00  sec  1.09 GBytes  9.40 Gbits/sec    0   1023 KBytes       
[  5]  27.00-28.00  sec  1.09 GBytes  9.38 Gbits/sec    0   1023 KBytes       
[  5]  28.00-29.00  sec  1.09 GBytes  9.40 Gbits/sec    0   1023 KBytes       
[  5]  29.00-30.00  sec  1.09 GBytes  9.39 Gbits/sec    0   1023 KBytes       
[  5]  30.00-31.00  sec  1.09 GBytes  9.38 Gbits/sec    0   1023 KBytes       
[  5]  31.00-32.00  sec  1.09 GBytes  9.40 Gbits/sec    0   1023 KBytes       
[  5]  32.00-33.00  sec  1.09 GBytes  9.37 Gbits/sec    0   1023 KBytes       
[  5]  33.00-34.00  sec  1.09 GBytes  9.36 Gbits/sec    0   1023 KBytes       
[  5]  34.00-35.00  sec  1.09 GBytes  9.38 Gbits/sec    0   1023 KBytes       
[  5]  35.00-36.00  sec  1.09 GBytes  9.38 Gbits/sec    0   1023 KBytes       
[  5]  36.00-37.00  sec  1.10 GBytes  9.41 Gbits/sec    0   1023 KBytes       
[  5]  37.00-38.00  sec  1.09 GBytes  9.38 Gbits/sec    0   1023 KBytes       
[  5]  38.00-39.00  sec  1.09 GBytes  9.40 Gbits/sec    0   1023 KBytes       
[  5]  39.00-40.00  sec  1.09 GBytes  9.38 Gbits/sec    0   1023 KBytes       
[  5]  40.00-41.00  sec  1.09 GBytes  9.40 Gbits/sec    0   1023 KBytes       
[  5]  41.00-42.00  sec  1.09 GBytes  9.39 Gbits/sec    0   1023 KBytes       
[  5]  42.00-43.00  sec  1.09 GBytes  9.40 Gbits/sec    0   1023 KBytes       
[  5]  43.00-44.00  sec  1.09 GBytes  9.39 Gbits/sec    0   1023 KBytes       
[  5]  44.00-45.00  sec  1.08 GBytes  9.30 Gbits/sec    0   1023 KBytes       
[  5]  45.00-46.00  sec  1.09 GBytes  9.37 Gbits/sec    0   1023 KBytes       
[  5]  46.00-47.00  sec  1.09 GBytes  9.39 Gbits/sec    0   1023 KBytes       
[  5]  47.00-48.00  sec  1.09 GBytes  9.37 Gbits/sec    0   1023 KBytes       
[  5]  48.00-49.00  sec  1.09 GBytes  9.40 Gbits/sec    0   1023 KBytes       
[  5]  49.00-50.00  sec  1.09 GBytes  9.38 Gbits/sec    0   1023 KBytes       
[  5]  50.00-51.00  sec  1.09 GBytes  9.38 Gbits/sec    0   1023 KBytes       
[  5]  51.00-52.00  sec  1.09 GBytes  9.39 Gbits/sec    0   1023 KBytes       
[  5]  52.00-53.00  sec  1.09 GBytes  9.40 Gbits/sec    0   1023 KBytes       
[  5]  53.00-54.00  sec  1.09 GBytes  9.38 Gbits/sec    0   1023 KBytes       
[  5]  54.00-55.00  sec  1.09 GBytes  9.39 Gbits/sec    0   1023 KBytes       
[  5]  55.00-56.00  sec  1.09 GBytes  9.40 Gbits/sec    0   1023 KBytes       
[  5]  56.00-57.00  sec  1.09 GBytes  9.39 Gbits/sec    0   1023 KBytes       
[  5]  57.00-57.04  sec  42.8 MBytes  9.38 Gbits/sec    0   1023 KBytes       
- - - - - - - - - - - - - - - - - - - - - - - - -
[ ID] Interval           Transfer     Bitrate         Retr
[  5]   0.00-57.04  sec  62.3 GBytes  9.38 Gbits/sec    1            sender
-----------------------------------------------------------
Server listening on 5205 (test #7)
-----------------------------------------------------------
Accepted connection from 10.10.10.70, port 42426
[  5] local 10.10.10.70 port 5205 connected to 10.10.10.70 port 39653
[ ID] Interval           Transfer     Bitrate         Total Datagrams
[  5]   0.00-1.00   sec   899 MBytes  7.54 Gbits/sec  785889  
[  5]   1.00-2.00   sec   925 MBytes  7.76 Gbits/sec  808163  
[  5]   2.00-3.00   sec   927 MBytes  7.77 Gbits/sec  809902  
[  5]   3.00-4.00   sec   930 MBytes  7.80 Gbits/sec  812630  
[  5]   4.00-5.00   sec   939 MBytes  7.88 Gbits/sec  820537  
[  5]   5.00-6.00   sec   933 MBytes  7.82 Gbits/sec  814906  
[  5]   6.00-7.00   sec   925 MBytes  7.76 Gbits/sec  808607  
[  5]   7.00-8.00   sec   909 MBytes  7.63 Gbits/sec  794322  
[  5]   8.00-8.04   sec  38.0 MBytes  7.90 Gbits/sec  33165  
- - - - - - - - - - - - - - - - - - - - - - - - -
[ ID] Interval           Transfer     Bitrate         Jitter    Lost/Total Datagrams
[  5]   0.00-8.04   sec  7.25 GBytes  7.75 Gbits/sec  0.000 ms  0/6488121 (0%)  sender
-----------------------------------------------------------
Server listening on 5205 (test #8)
-----------------------------------------------------------
Accepted connection from 10.10.10.70, port 39192
[  5] local 10.10.10.70 port 5205 connected to 10.10.10.70 port 39198
[ ID] Interval           Transfer     Bitrate         Retr  Cwnd
[  5]   0.00-1.00   sec  1.10 GBytes  9.41 Gbits/sec    0   1023 KBytes       
[  5]   1.00-2.00   sec  1.09 GBytes  9.36 Gbits/sec    0   1023 KBytes       
[  5]   2.00-3.00   sec  1.10 GBytes  9.42 Gbits/sec    0   1023 KBytes       
[  5]   3.00-4.00   sec  1.09 GBytes  9.39 Gbits/sec    0   1023 KBytes       
[  5]   4.00-5.00   sec  1.09 GBytes  9.38 Gbits/sec    0   1023 KBytes       
[  5]   5.00-6.00   sec  1.09 GBytes  9.36 Gbits/sec    0   1023 KBytes       
[  5]   6.00-7.00   sec  1.09 GBytes  9.39 Gbits/sec    0   1023 KBytes       
[  5]   7.00-8.00   sec  1.09 GBytes  9.39 Gbits/sec    0   1023 KBytes       
[  5]   8.00-8.00   sec  1.12 MBytes  11.7 Gbits/sec    0   1023 KBytes       
- - - - - - - - - - - - - - - - - - - - - - - - -
[ ID] Interval           Transfer     Bitrate         Retr
[  5]   0.00-8.00   sec  8.75 GBytes  9.39 Gbits/sec    0            sender
-----------------------------------------------------------
Server listening on 5205 (test #9)
-----------------------------------------------------------
Accepted connection from 10.10.10.70, port 45456
[  5] local 10.10.10.70 port 5205 connected to 10.10.10.70 port 45466
[ ID] Interval           Transfer     Bitrate         Retr  Cwnd
[  5]   0.00-1.00   sec  1.10 GBytes  9.41 Gbits/sec    0   1023 KBytes       
[  5]   1.00-2.00   sec  1.09 GBytes  9.39 Gbits/sec    0   1023 KBytes       
[  5]   2.00-3.00   sec  1.09 GBytes  9.38 Gbits/sec    0   1023 KBytes       
[  5]   3.00-4.00   sec  1.09 GBytes  9.39 Gbits/sec    0   1023 KBytes       
[  5]   4.00-5.00   sec  1.09 GBytes  9.39 Gbits/sec    0   1023 KBytes       
[  5]   5.00-6.00   sec  1.09 GBytes  9.39 Gbits/sec    0   1023 KBytes       
[  5]   6.00-7.00   sec  1.09 GBytes  9.36 Gbits/sec    0   1023 KBytes       
[  5]   7.00-8.00   sec  1.09 GBytes  9.37 Gbits/sec    0   1023 KBytes       
- - - - - - - - - - - - - - - - - - - - - - - - -
[ ID] Interval           Transfer     Bitrate         Retr
[  5]   0.00-8.00   sec  8.74 GBytes  9.39 Gbits/sec    0            sender
-----------------------------------------------------------
Server listening on 5205 (test #10)
-----------------------------------------------------------
Accepted connection from 10.10.10.70, port 57996
[  5] local 10.10.10.70 port 5205 connected to 10.10.10.70 port 58010
[ ID] Interval           Transfer     Bitrate         Retr  Cwnd
[  5]   0.00-1.00   sec  1.10 GBytes  9.42 Gbits/sec    0   1023 KBytes       
[  5]   1.00-2.00   sec  1.09 GBytes  9.39 Gbits/sec    0   1023 KBytes       
[  5]   2.00-3.00   sec  1.09 GBytes  9.36 Gbits/sec    0   1023 KBytes       
[  5]   3.00-4.00   sec  1.09 GBytes  9.40 Gbits/sec    0   1023 KBytes       
[  5]   4.00-5.00   sec  1.09 GBytes  9.40 Gbits/sec    0   1023 KBytes       
[  5]   5.00-6.00   sec  1.09 GBytes  9.39 Gbits/sec    0   1023 KBytes       
[  5]   6.00-7.00   sec  1.09 GBytes  9.40 Gbits/sec    0   1023 KBytes       
[  5]   7.00-8.00   sec  1.09 GBytes  9.39 Gbits/sec    0   1023 KBytes       
[  5]   8.00-8.00   sec  1.88 MBytes  16.8 Gbits/sec    0   1023 KBytes       
- - - - - - - - - - - - - - - - - - - - - - - - -
[ ID] Interval           Transfer     Bitrate         Retr
[  5]   0.00-8.00   sec  8.75 GBytes  9.40 Gbits/sec    0            sender
-----------------------------------------------------------
Server listening on 5205 (test #11)
-----------------------------------------------------------
Accepted connection from 10.10.10.70, port 33058
[  5] local 10.10.10.70 port 5205 connected to 10.10.10.70 port 33060
[ ID] Interval           Transfer     Bitrate         Retr  Cwnd
[  5]   0.00-1.00   sec  1.10 GBytes  9.41 Gbits/sec    0   1.06 MBytes       
[  5]   1.00-2.00   sec  1.09 GBytes  9.38 Gbits/sec    0   1.06 MBytes       
[  5]   2.00-3.00   sec  1.09 GBytes  9.40 Gbits/sec    0   1.06 MBytes       
[  5]   3.00-4.00   sec  1.09 GBytes  9.40 Gbits/sec    0   1.06 MBytes       
[  5]   4.00-5.00   sec  1.09 GBytes  9.37 Gbits/sec    0   1.06 MBytes       
[  5]   5.00-6.00   sec  1.09 GBytes  9.40 Gbits/sec    0   1.06 MBytes       
[  5]   6.00-7.00   sec  1.09 GBytes  9.39 Gbits/sec    0   1.06 MBytes       
[  5]   7.00-8.00   sec  1.09 GBytes  9.39 Gbits/sec    0   1.06 MBytes       
[  5]   8.00-9.00   sec  1.09 GBytes  9.38 Gbits/sec    0   1.06 MBytes       
[  5]   9.00-10.00  sec  1.09 GBytes  9.38 Gbits/sec    0   1.06 MBytes       
[  5]  10.00-11.00  sec  1.09 GBytes  9.39 Gbits/sec    0   1.06 MBytes       
[  5]  11.00-12.00  sec  1.09 GBytes  9.39 Gbits/sec    0   1.06 MBytes       
[  5]  12.00-13.00  sec  1.09 GBytes  9.38 Gbits/sec    0   1.06 MBytes       
[  5]  13.00-14.00  sec  1.09 GBytes  9.32 Gbits/sec    0   1.06 MBytes       
[  5]  14.00-15.00  sec  1.09 GBytes  9.38 Gbits/sec    0   1.06 MBytes       
[  5]  15.00-16.00  sec  1.09 GBytes  9.38 Gbits/sec    0   1.06 MBytes       
[  5]  16.00-17.00  sec  1.09 GBytes  9.39 Gbits/sec    0   1.06 MBytes       
[  5]  17.00-18.00  sec  1.09 GBytes  9.40 Gbits/sec    0   1.06 MBytes       
[  5]  18.00-19.00  sec  1.09 GBytes  9.39 Gbits/sec    0   1.06 MBytes       
[  5]  19.00-20.00  sec  1.09 GBytes  9.37 Gbits/sec    0   1.06 MBytes       
[  5]  20.00-21.00  sec  1.09 GBytes  9.37 Gbits/sec    0   1.06 MBytes       
[  5]  21.00-22.00  sec  1.09 GBytes  9.38 Gbits/sec    0   1.06 MBytes       
[  5]  22.00-23.00  sec  1.09 GBytes  9.35 Gbits/sec    0   1.06 MBytes       
[  5]  23.00-24.00  sec  1.09 GBytes  9.40 Gbits/sec    0   1.06 MBytes       
[  5]  24.00-25.00  sec  1.09 GBytes  9.33 Gbits/sec    0   1.06 MBytes       
[  5]  25.00-26.00  sec  1.09 GBytes  9.36 Gbits/sec    0   1.06 MBytes       
[  5]  26.00-27.00  sec  1.09 GBytes  9.39 Gbits/sec    0   1.06 MBytes       
[  5]  27.00-28.00  sec  1.09 GBytes  9.37 Gbits/sec    0   1.06 MBytes       
[  5]  28.00-29.00  sec  1.09 GBytes  9.39 Gbits/sec    0   1.06 MBytes       
[  5]  29.00-30.00  sec  1.09 GBytes  9.37 Gbits/sec    0   1.06 MBytes       
[  5]  30.00-31.00  sec  1.09 GBytes  9.38 Gbits/sec    0   1.06 MBytes       
[  5]  31.00-32.00  sec  1.09 GBytes  9.36 Gbits/sec    0   1.06 MBytes       
[  5]  32.00-33.00  sec  1.09 GBytes  9.38 Gbits/sec    0   1.06 MBytes       
[  5]  33.00-34.00  sec  1.09 GBytes  9.35 Gbits/sec    0   1.06 MBytes       
[  5]  34.00-35.00  sec  1.09 GBytes  9.37 Gbits/sec    0   1.06 MBytes       
[  5]  35.00-36.00  sec  1.09 GBytes  9.37 Gbits/sec    0   1.06 MBytes       
[  5]  36.00-37.00  sec  1.09 GBytes  9.36 Gbits/sec    0   1.06 MBytes       
[  5]  37.00-38.00  sec  1.10 GBytes  9.41 Gbits/sec    0   1.06 MBytes       
[  5]  38.00-39.00  sec  1.09 GBytes  9.36 Gbits/sec    0   1.06 MBytes       
[  5]  39.00-40.00  sec  1.09 GBytes  9.39 Gbits/sec    0   1.06 MBytes       
[  5]  40.00-41.00  sec  1.09 GBytes  9.38 Gbits/sec    0   1.06 MBytes       
[  5]  41.00-42.00  sec  1.09 GBytes  9.37 Gbits/sec    0   1.06 MBytes       
[  5]  42.00-43.00  sec  1.09 GBytes  9.40 Gbits/sec    0   1.06 MBytes       
[  5]  43.00-44.00  sec  1.09 GBytes  9.36 Gbits/sec    0   1.06 MBytes       
[  5]  44.00-45.00  sec  1.09 GBytes  9.36 Gbits/sec    0   1.06 MBytes       
[  5]  45.00-46.00  sec  1.09 GBytes  9.37 Gbits/sec    0   1.06 MBytes       
[  5]  46.00-47.00  sec  1.08 GBytes  9.30 Gbits/sec    0   1.06 MBytes       
[  5]  47.00-48.00  sec  1.09 GBytes  9.38 Gbits/sec    0   1.06 MBytes       
[  5]  48.00-49.00  sec  1.09 GBytes  9.34 Gbits/sec    0   1.06 MBytes       
[  5]  49.00-50.00  sec  1.09 GBytes  9.38 Gbits/sec    0   1.06 MBytes       
[  5]  50.00-51.00  sec  1.09 GBytes  9.39 Gbits/sec    0   1.06 MBytes       
[  5]  51.00-52.00  sec  1.09 GBytes  9.39 Gbits/sec    0   1.06 MBytes       
[  5]  52.00-53.00  sec  1.10 GBytes  9.41 Gbits/sec    0   1.06 MBytes       
[  5]  53.00-54.00  sec  1.09 GBytes  9.37 Gbits/sec    0   1.06 MBytes       
[  5]  54.00-55.00  sec  1.09 GBytes  9.40 Gbits/sec    0   1.06 MBytes       
[  5]  55.00-56.00  sec  1.09 GBytes  9.38 Gbits/sec    0   1.06 MBytes       
[  5]  56.00-57.00  sec  1.09 GBytes  9.39 Gbits/sec    0   1.06 MBytes       
[  5]  57.00-57.00  sec  2.25 MBytes  12.2 Gbits/sec    0   1.06 MBytes       
- - - - - - - - - - - - - - - - - - - - - - - - -
[ ID] Interval           Transfer     Bitrate         Retr
[  5]   0.00-57.00  sec  62.2 GBytes  9.38 Gbits/sec    0            sender
-----------------------------------------------------------
Server listening on 5205 (test #12)
-----------------------------------------------------------
Accepted connection from 10.10.10.70, port 49168
[  5] local 10.10.10.70 port 5205 connected to 10.10.10.70 port 38450
[ ID] Interval           Transfer     Bitrate         Total Datagrams
[  5]   0.00-1.00   sec   929 MBytes  7.79 Gbits/sec  812122  
[  5]   1.00-2.00   sec   931 MBytes  7.81 Gbits/sec  813827  
[  5]   2.00-3.00   sec   947 MBytes  7.95 Gbits/sec  827763  
[  5]   3.00-4.00   sec   943 MBytes  7.91 Gbits/sec  823892  
[  5]   4.00-5.00   sec   946 MBytes  7.94 Gbits/sec  826766  
[  5]   5.00-6.00   sec   933 MBytes  7.83 Gbits/sec  815658  
[  5]   6.00-7.00   sec   943 MBytes  7.91 Gbits/sec  824383  
[  5]   7.00-8.00   sec   925 MBytes  7.76 Gbits/sec  807845  
[  5]   8.00-8.00   sec   485 KBytes  7.90 Gbits/sec  415  
- - - - - - - - - - - - - - - - - - - - - - - - -
[ ID] Interval           Transfer     Bitrate         Jitter    Lost/Total Datagrams
[  5]   0.00-8.00   sec  7.32 GBytes  7.86 Gbits/sec  0.000 ms  0/6552671 (0%)  sender
-----------------------------------------------------------
Server listening on 5205 (test #13)
-----------------------------------------------------------
Accepted connection from 10.10.10.70, port 58120
[  5] local 10.10.10.70 port 5205 connected to 10.10.10.70 port 58128
[ ID] Interval           Transfer     Bitrate         Retr  Cwnd
[  5]   0.00-1.00   sec  1.10 GBytes  9.42 Gbits/sec    0   1023 KBytes       
[  5]   1.00-2.00   sec  1.09 GBytes  9.39 Gbits/sec    0   1023 KBytes       
[  5]   2.00-3.00   sec  1.09 GBytes  9.39 Gbits/sec    0   1023 KBytes       
[  5]   3.00-4.00   sec  1.09 GBytes  9.38 Gbits/sec    0   1023 KBytes       
[  5]   4.00-5.00   sec  1.09 GBytes  9.40 Gbits/sec    0   1023 KBytes       
[  5]   5.00-6.00   sec  1.09 GBytes  9.38 Gbits/sec    0   1023 KBytes       
[  5]   6.00-7.00   sec  1.09 GBytes  9.39 Gbits/sec    0   1023 KBytes       
[  5]   7.00-8.00   sec  1.09 GBytes  9.39 Gbits/sec    0   1023 KBytes       
[  5]   8.00-8.00   sec  1.75 MBytes  17.1 Gbits/sec    0   1023 KBytes       
- - - - - - - - - - - - - - - - - - - - - - - - -
[ ID] Interval           Transfer     Bitrate         Retr
[  5]   0.00-8.00   sec  8.75 GBytes  9.40 Gbits/sec    0            sender
-----------------------------------------------------------
Server listening on 5205 (test #14)
-----------------------------------------------------------
Accepted connection from 10.10.10.70, port 58136
[  5] local 10.10.10.70 port 5205 connected to 10.10.10.70 port 58140
[ ID] Interval           Transfer     Bitrate         Retr  Cwnd
[  5]   0.00-1.00   sec  1.10 GBytes  9.43 Gbits/sec    0   1023 KBytes       
[  5]   1.00-2.00   sec  1.08 GBytes  9.32 Gbits/sec    0   1023 KBytes       
[  5]   2.00-3.00   sec  1.09 GBytes  9.39 Gbits/sec    0   1023 KBytes       
[  5]   3.00-4.00   sec  1.09 GBytes  9.38 Gbits/sec    0   1023 KBytes       
[  5]   4.00-5.00   sec  1.09 GBytes  9.37 Gbits/sec    0   1023 KBytes       
[  5]   5.00-6.00   sec  1.09 GBytes  9.38 Gbits/sec    0   1023 KBytes       
[  5]   6.00-7.00   sec  1.09 GBytes  9.38 Gbits/sec    0   1023 KBytes       
[  5]   7.00-8.00   sec  1.09 GBytes  9.40 Gbits/sec    0   1023 KBytes       
[  5]   8.00-8.00   sec  3.38 MBytes  17.2 Gbits/sec    0   1023 KBytes       
- - - - - - - - - - - - - - - - - - - - - - - - -
[ ID] Interval           Transfer     Bitrate         Retr
[  5]   0.00-8.00   sec  8.74 GBytes  9.38 Gbits/sec    0            sender
-----------------------------------------------------------
Server listening on 5205 (test #15)
-----------------------------------------------------------
Accepted connection from 10.10.10.70, port 54174
[  5] local 10.10.10.70 port 5205 connected to 10.10.10.70 port 54188
[ ID] Interval           Transfer     Bitrate         Retr  Cwnd
[  5]   0.00-1.00   sec  1.10 GBytes  9.42 Gbits/sec    0   1023 KBytes       
[  5]   1.00-2.00   sec  1.09 GBytes  9.37 Gbits/sec    0   1023 KBytes       
[  5]   2.00-3.00   sec  1.09 GBytes  9.40 Gbits/sec    0   1023 KBytes       
[  5]   3.00-4.00   sec  1.09 GBytes  9.40 Gbits/sec    0   1023 KBytes       
[  5]   4.00-5.00   sec  1.09 GBytes  9.38 Gbits/sec    0   1023 KBytes       
[  5]   5.00-6.00   sec  1.09 GBytes  9.38 Gbits/sec    0   1023 KBytes       
[  5]   6.00-7.00   sec  1.09 GBytes  9.39 Gbits/sec    0   1023 KBytes       
[  5]   7.00-8.00   sec  1.09 GBytes  9.38 Gbits/sec    0   1023 KBytes       
[  5]   8.00-8.01   sec  6.38 MBytes  6.83 Gbits/sec    0   1023 KBytes       
- - - - - - - - - - - - - - - - - - - - - - - - -
[ ID] Interval           Transfer     Bitrate         Retr
[  5]   0.00-8.01   sec  8.76 GBytes  9.39 Gbits/sec    0            sender
-----------------------------------------------------------
Server listening on 5205 (test #16)
-----------------------------------------------------------
Accepted connection from 10.10.10.70, port 42996
[  5] local 10.10.10.70 port 5205 connected to 10.10.10.70 port 43010
[ ID] Interval           Transfer     Bitrate         Retr  Cwnd
[  5]   0.00-1.00   sec  1.08 GBytes  9.31 Gbits/sec    0   1023 KBytes       
[  5]   1.00-2.00   sec  1.09 GBytes  9.36 Gbits/sec    0   1023 KBytes       
[  5]   2.00-3.00   sec  1.10 GBytes  9.41 Gbits/sec    0   1023 KBytes       
[  5]   3.00-4.00   sec  1.09 GBytes  9.36 Gbits/sec    0   1023 KBytes       
[  5]   4.00-5.00   sec  1.09 GBytes  9.39 Gbits/sec    0   1023 KBytes       
[  5]   5.00-6.00   sec  1.09 GBytes  9.33 Gbits/sec    0   1023 KBytes       
[  5]   6.00-7.00   sec  1.09 GBytes  9.39 Gbits/sec    0   1023 KBytes       
[  5]   7.00-8.00   sec  1.09 GBytes  9.38 Gbits/sec    0   1023 KBytes       
[  5]   8.00-9.00   sec  1.09 GBytes  9.37 Gbits/sec    0   1023 KBytes       
[  5]   9.00-10.00  sec  1.09 GBytes  9.40 Gbits/sec    0   1023 KBytes       
[  5]  10.00-11.00  sec  1.09 GBytes  9.38 Gbits/sec    0   1023 KBytes       
[  5]  11.00-12.00  sec  1.09 GBytes  9.36 Gbits/sec    0   1023 KBytes       
[  5]  12.00-13.00  sec  1.09 GBytes  9.38 Gbits/sec    0   1023 KBytes       
[  5]  13.00-14.00  sec  1.09 GBytes  9.38 Gbits/sec    0   1023 KBytes       
[  5]  14.00-15.00  sec  1.09 GBytes  9.34 Gbits/sec    0   1023 KBytes       
[  5]  15.00-16.00  sec  1.09 GBytes  9.37 Gbits/sec    0   1023 KBytes       
[  5]  16.00-17.00  sec  1.09 GBytes  9.38 Gbits/sec    0   1023 KBytes       
[  5]  17.00-18.00  sec  1.09 GBytes  9.39 Gbits/sec    0   1023 KBytes       
[  5]  18.00-19.00  sec  1.09 GBytes  9.38 Gbits/sec    0   1023 KBytes       
[  5]  19.00-20.00  sec  1.09 GBytes  9.38 Gbits/sec    0   1023 KBytes       
[  5]  20.00-21.00  sec  1.09 GBytes  9.38 Gbits/sec    0   1023 KBytes       
[  5]  21.00-22.00  sec  1.08 GBytes  9.32 Gbits/sec    0   1023 KBytes       
[  5]  22.00-23.00  sec  1.09 GBytes  9.35 Gbits/sec    0   1023 KBytes       
[  5]  23.00-24.00  sec  1.09 GBytes  9.39 Gbits/sec    0   1023 KBytes       
[  5]  24.00-25.00  sec  1.09 GBytes  9.40 Gbits/sec    0   1023 KBytes       
[  5]  25.00-26.00  sec  1.09 GBytes  9.37 Gbits/sec    0   1023 KBytes       
[  5]  26.00-27.00  sec  1.09 GBytes  9.39 Gbits/sec    0   1023 KBytes       
[  5]  27.00-28.00  sec  1.08 GBytes  9.32 Gbits/sec    0   1023 KBytes       
[  5]  28.00-29.00  sec  1.09 GBytes  9.39 Gbits/sec    0   1023 KBytes       
[  5]  29.00-30.00  sec  1.09 GBytes  9.34 Gbits/sec    0   1023 KBytes       
[  5]  30.00-31.00  sec  1.09 GBytes  9.37 Gbits/sec    0   1023 KBytes       
[  5]  31.00-32.00  sec  1.09 GBytes  9.36 Gbits/sec    0   1023 KBytes       
[  5]  32.00-33.00  sec  1.09 GBytes  9.36 Gbits/sec    0   1023 KBytes       
[  5]  33.00-34.00  sec  1.09 GBytes  9.39 Gbits/sec    0   1023 KBytes       
[  5]  34.00-35.00  sec  1.09 GBytes  9.36 Gbits/sec    0   1023 KBytes       
[  5]  35.00-36.00  sec  1.09 GBytes  9.38 Gbits/sec    0   1023 KBytes       
[  5]  36.00-37.00  sec  1.03 GBytes  8.86 Gbits/sec    0   1023 KBytes       
[  5]  37.00-38.00  sec  1.09 GBytes  9.39 Gbits/sec    0   1023 KBytes       
[  5]  38.00-39.00  sec  1.09 GBytes  9.37 Gbits/sec    0   1023 KBytes       
[  5]  39.00-40.00  sec  1.09 GBytes  9.38 Gbits/sec    0   1023 KBytes       
[  5]  40.00-41.00  sec  1.09 GBytes  9.35 Gbits/sec    0   1023 KBytes       
[  5]  41.00-42.00  sec  1.09 GBytes  9.36 Gbits/sec    0   1023 KBytes       
[  5]  42.00-43.00  sec  1.10 GBytes  9.41 Gbits/sec    0   1023 KBytes       
[  5]  43.00-44.00  sec  1.09 GBytes  9.38 Gbits/sec    0   1023 KBytes       
[  5]  44.00-45.00  sec  1.08 GBytes  9.31 Gbits/sec    0   1023 KBytes       
[  5]  45.00-46.00  sec  1.09 GBytes  9.39 Gbits/sec    0   1023 KBytes       
[  5]  46.00-47.00  sec  1.09 GBytes  9.37 Gbits/sec    0   1023 KBytes       
[  5]  47.00-48.00  sec  1.09 GBytes  9.33 Gbits/sec    0   1023 KBytes       
[  5]  48.00-49.00  sec  1.10 GBytes  9.40 Gbits/sec    0   1023 KBytes       
[  5]  49.00-50.00  sec  1.09 GBytes  9.38 Gbits/sec    0   1023 KBytes       
[  5]  50.00-51.00  sec  1.09 GBytes  9.39 Gbits/sec    0   1023 KBytes       
[  5]  51.00-52.00  sec  1.09 GBytes  9.39 Gbits/sec    0   1023 KBytes       
[  5]  52.00-53.00  sec  1.09 GBytes  9.38 Gbits/sec    0   1023 KBytes       
[  5]  53.00-54.00  sec  1.09 GBytes  9.39 Gbits/sec    0   1023 KBytes       
[  5]  54.00-55.00  sec  1.09 GBytes  9.39 Gbits/sec    0   1023 KBytes       
[  5]  55.00-56.00  sec  1.09 GBytes  9.38 Gbits/sec    0   1023 KBytes       
[  5]  56.00-57.00  sec  1.09 GBytes  9.39 Gbits/sec    0   1023 KBytes       
[  5]  57.00-57.00  sec  2.88 MBytes  15.1 Gbits/sec    0   1023 KBytes       
- - - - - - - - - - - - - - - - - - - - - - - - -
[ ID] Interval           Transfer     Bitrate         Retr
[  5]   0.00-57.00  sec  62.1 GBytes  9.36 Gbits/sec    0            sender
-----------------------------------------------------------
Server listening on 5205 (test #17)
-----------------------------------------------------------
Accepted connection from 10.10.10.70, port 55172
[  5] local 10.10.10.70 port 5205 connected to 10.10.10.70 port 49973
[ ID] Interval           Transfer     Bitrate         Total Datagrams
[  5]   0.00-1.00   sec   916 MBytes  7.68 Gbits/sec  800297  
[  5]   1.00-2.00   sec   932 MBytes  7.82 Gbits/sec  814233  
[  5]   2.00-3.00   sec   932 MBytes  7.82 Gbits/sec  814627  
[  5]   3.00-4.00   sec   934 MBytes  7.83 Gbits/sec  815875  
[  5]   4.00-5.00   sec   946 MBytes  7.94 Gbits/sec  826581  
[  5]   5.00-6.00   sec   948 MBytes  7.95 Gbits/sec  827962  
[  5]   6.00-7.00   sec   922 MBytes  7.73 Gbits/sec  805566  
[  5]   7.00-8.00   sec   953 MBytes  7.99 Gbits/sec  832787  
[  5]   8.00-8.00   sec  1.57 MBytes  7.83 Gbits/sec  1372  
- - - - - - - - - - - - - - - - - - - - - - - - -
[ ID] Interval           Transfer     Bitrate         Jitter    Lost/Total Datagrams
[  5]   0.00-8.00   sec  7.31 GBytes  7.85 Gbits/sec  0.000 ms  0/6539300 (0%)  sender