AbcIperf5300 [service] — ready — up 1h2m — pid 821193
ready=true persist=false detached=false
iperf3: error - unable to receive cookie at server: Transport endpoint is not connected
-----------------------------------------------------------
Server listening on 5300 (test #1)
-----------------------------------------------------------
iperf3: error - unable to receive cookie at server: Transport endpoint is not connected
-----------------------------------------------------------
Server listening on 5300 (test #2)
-----------------------------------------------------------
-----------------------------------------------------------
Server listening on 5300 (test #3)
-----------------------------------------------------------
Accepted connection from 10.10.10.49, port 43432
[  5] local 10.10.10.70 port 5300 connected to 10.10.10.49 port 43434
[ ID] Interval           Transfer     Bitrate         Retr  Cwnd
[  5]   0.00-1.00   sec  1.09 GBytes  9.40 Gbits/sec    0   2.81 MBytes       
[  5]   1.00-2.00   sec  1.09 GBytes  9.41 Gbits/sec  411   2.22 MBytes       
[  5]   2.00-3.00   sec  1.09 GBytes  9.40 Gbits/sec    6   2.46 MBytes       
[  5]   3.00-4.00   sec  1.10 GBytes  9.42 Gbits/sec    6   2.46 MBytes       
[  5]   4.00-5.00   sec  1.10 GBytes  9.41 Gbits/sec    6   2.66 MBytes       
[  5]   5.00-6.00   sec  1.10 GBytes  9.41 Gbits/sec    6   2.76 MBytes       
[  5]   6.00-7.00   sec  1.09 GBytes  9.41 Gbits/sec    6   2.24 MBytes       
[  5]   7.00-8.00   sec  1.10 GBytes  9.42 Gbits/sec    6   2.54 MBytes       
- - - - - - - - - - - - - - - - - - - - - - - - -
[ ID] Interval           Transfer     Bitrate         Retr
[  5]   0.00-8.00   sec  8.76 GBytes  9.41 Gbits/sec  447            sender
-----------------------------------------------------------
Server listening on 5300 (test #4)
-----------------------------------------------------------
Accepted connection from 10.10.10.49, port 53644
[  5] local 10.10.10.70 port 5300 connected to 10.10.10.49 port 53648
[ ID] Interval           Transfer     Bitrate         Retr  Cwnd
[  5]   0.00-1.00   sec  1.09 GBytes  9.40 Gbits/sec    0   2.95 MBytes       
[  5]   1.00-2.00   sec  1.10 GBytes  9.40 Gbits/sec   31   2.34 MBytes       
[  5]   2.00-3.00   sec  1.09 GBytes  9.41 Gbits/sec    0   2.50 MBytes       
[  5]   3.00-4.00   sec  1.10 GBytes  9.42 Gbits/sec    9   1.30 MBytes       
[  5]   4.00-5.00   sec  1.09 GBytes  9.41 Gbits/sec    6   1.82 MBytes       
[  5]   5.00-6.00   sec  1.10 GBytes  9.41 Gbits/sec    4   1.44 MBytes       
[  5]   6.00-7.00   sec  1.10 GBytes  9.41 Gbits/sec    5   1.92 MBytes       
[  5]   7.00-8.00   sec  1.09 GBytes  9.41 Gbits/sec    1   1.77 MBytes       
- - - - - - - - - - - - - - - - - - - - - - - - -
[ ID] Interval           Transfer     Bitrate         Retr
[  5]   0.00-8.00   sec  8.76 GBytes  9.41 Gbits/sec   56            sender
-----------------------------------------------------------
Server listening on 5300 (test #5)
-----------------------------------------------------------
Accepted connection from 10.10.10.49, port 57454
[  5] local 10.10.10.70 port 5300 connected to 10.10.10.49 port 57468
[ ID] Interval           Transfer     Bitrate         Retr  Cwnd
[  5]   0.00-1.00   sec  1.10 GBytes  9.41 Gbits/sec    0   2.75 MBytes       
[  5]   1.00-2.00   sec  1.10 GBytes  9.41 Gbits/sec    0   3.19 MBytes       
[  5]   2.00-3.00   sec  1.10 GBytes  9.41 Gbits/sec   10   1.80 MBytes       
[  5]   3.00-4.00   sec  1.10 GBytes  9.41 Gbits/sec    0   2.21 MBytes       
[  5]   4.00-5.00   sec  1.10 GBytes  9.42 Gbits/sec    8   1.93 MBytes       
[  5]   5.00-6.00   sec  1.09 GBytes  9.40 Gbits/sec    6   2.23 MBytes       
[  5]   6.00-7.00   sec  1.09 GBytes  9.41 Gbits/sec    6   2.37 MBytes       
[  5]   7.00-8.00   sec  1.10 GBytes  9.41 Gbits/sec    6   2.53 MBytes       
- - - - - - - - - - - - - - - - - - - - - - - - -
[ ID] Interval           Transfer     Bitrate         Retr
[  5]   0.00-8.00   sec  8.77 GBytes  9.41 Gbits/sec   36            sender
-----------------------------------------------------------
Server listening on 5300 (test #6)
-----------------------------------------------------------
Accepted connection from 10.10.10.49, port 54430
[  5] local 10.10.10.70 port 5300 connected to 10.10.10.49 port 54444
[ ID] Interval           Transfer     Bitrate         Retr  Cwnd
[  5]   0.00-1.00   sec  1.10 GBytes  9.42 Gbits/sec    0   2.96 MBytes       
[  5]   1.00-2.00   sec  1.09 GBytes  9.40 Gbits/sec   41   2.22 MBytes       
[  5]   2.00-3.00   sec  1.09 GBytes  9.34 Gbits/sec    6   2.46 MBytes       
[  5]   3.00-4.00   sec  1.10 GBytes  9.41 Gbits/sec    6   2.46 MBytes       
[  5]   4.00-5.00   sec  1.09 GBytes  9.39 Gbits/sec  742   1.99 MBytes       
[  5]   5.00-6.00   sec  1.10 GBytes  9.41 Gbits/sec    4   2.27 MBytes       
[  5]   6.00-7.00   sec  1.09 GBytes  9.39 Gbits/sec   96   1.92 MBytes       
[  5]   7.00-8.00   sec  1.10 GBytes  9.41 Gbits/sec    1   1.71 MBytes       
[  5]   8.00-9.00   sec  1.09 GBytes  9.36 Gbits/sec    6   2.11 MBytes       
[  5]   9.00-10.00  sec  1.10 GBytes  9.41 Gbits/sec    7   1.52 MBytes       
[  5]  10.00-11.00  sec  1.10 GBytes  9.41 Gbits/sec    5   1.97 MBytes       
[  5]  11.00-12.00  sec  1.09 GBytes  9.40 Gbits/sec    6   1.49 MBytes       
[  5]  12.00-13.00  sec  1.10 GBytes  9.41 Gbits/sec    0   1.98 MBytes       
[  5]  13.00-14.00  sec  1.09 GBytes  9.40 Gbits/sec   96   1.78 MBytes       
[  5]  14.00-15.00  sec  1.10 GBytes  9.41 Gbits/sec  141   1.70 MBytes       
[  5]  15.00-16.00  sec  1.10 GBytes  9.41 Gbits/sec  116   2.12 MBytes       
[  5]  16.00-17.00  sec  1.09 GBytes  9.41 Gbits/sec  186   1.86 MBytes       
[  5]  17.00-18.00  sec  1.09 GBytes  9.40 Gbits/sec  321   1.73 MBytes       
[  5]  18.00-19.00  sec  1.09 GBytes  9.40 Gbits/sec    5   1.47 MBytes       
[  5]  19.00-20.00  sec  1.09 GBytes  9.40 Gbits/sec  130   1.94 MBytes       
[  5]  20.00-21.00  sec  1.10 GBytes  9.41 Gbits/sec  276   1.81 MBytes       
[  5]  21.00-22.00  sec  1.10 GBytes  9.41 Gbits/sec   23   1.49 MBytes       
[  5]  22.00-23.00  sec  1.09 GBytes  9.40 Gbits/sec    0   1.97 MBytes       
[  5]  23.00-24.00  sec  1.10 GBytes  9.41 Gbits/sec  369   1.44 MBytes       
[  5]  24.00-25.00  sec  1.09 GBytes  9.38 Gbits/sec   64   1.60 MBytes       
[  5]  25.00-26.00  sec  1.10 GBytes  9.41 Gbits/sec    5   2.04 MBytes       
[  5]  26.00-27.00  sec  1.10 GBytes  9.41 Gbits/sec   19   1.86 MBytes       
[  5]  27.00-28.00  sec  1.10 GBytes  9.41 Gbits/sec   12   1.30 MBytes       
[  5]  28.00-29.00  sec  1.10 GBytes  9.42 Gbits/sec    3   1.82 MBytes       
[  5]  29.00-30.00  sec  1.09 GBytes  9.40 Gbits/sec    6   1.44 MBytes       
[  5]  30.00-31.00  sec  1.10 GBytes  9.42 Gbits/sec   10   1.92 MBytes       
[  5]  31.00-32.00  sec  1.10 GBytes  9.41 Gbits/sec   27   1.55 MBytes       
[  5]  32.00-33.00  sec  1.10 GBytes  9.41 Gbits/sec    8   2.00 MBytes       
[  5]  33.00-34.00  sec  1.10 GBytes  9.41 Gbits/sec  134   1.74 MBytes       
[  5]  34.00-35.00  sec  1.10 GBytes  9.41 Gbits/sec    4   1.40 MBytes       
[  5]  35.00-36.00  sec  1.09 GBytes  9.40 Gbits/sec    0   1.91 MBytes       
[  5]  36.00-37.00  sec  1.09 GBytes  9.41 Gbits/sec   11   2.28 MBytes       
[  5]  37.00-38.00  sec  1.10 GBytes  9.40 Gbits/sec  473   2.55 MBytes       
[  5]  38.00-39.00  sec  1.09 GBytes  9.40 Gbits/sec  635   2.65 MBytes       
[  5]  39.00-40.00  sec  1.09 GBytes  9.40 Gbits/sec  103   2.10 MBytes       
[  5]  40.00-41.00  sec  1.10 GBytes  9.41 Gbits/sec  451   2.44 MBytes       
[  5]  41.00-42.00  sec  1.09 GBytes  9.40 Gbits/sec  530   2.66 MBytes       
[  5]  42.00-43.00  sec  1.10 GBytes  9.41 Gbits/sec    5   1.62 MBytes       
[  5]  43.00-44.00  sec  1.10 GBytes  9.41 Gbits/sec  173   1.30 MBytes       
[  5]  44.00-45.00  sec  1.10 GBytes  9.41 Gbits/sec   11   1.13 MBytes       
[  5]  45.00-46.00  sec  1.10 GBytes  9.41 Gbits/sec   18   1.26 MBytes       
[  5]  46.00-47.00  sec  1.10 GBytes  9.41 Gbits/sec    0   1.81 MBytes       
[  5]  47.00-48.00  sec  1.09 GBytes  9.41 Gbits/sec    8   1.49 MBytes       
[  5]  48.00-49.00  sec  1.10 GBytes  9.41 Gbits/sec    3   1.96 MBytes       
[  5]  49.00-50.00  sec  1.10 GBytes  9.41 Gbits/sec   14   2.34 MBytes       
[  5]  50.00-51.00  sec  1.10 GBytes  9.42 Gbits/sec    8   1.52 MBytes       
[  5]  51.00-52.00  sec  1.10 GBytes  9.41 Gbits/sec    0   1.99 MBytes       
[  5]  52.00-53.00  sec  1.10 GBytes  9.41 Gbits/sec    8   1.83 MBytes       
[  5]  53.00-54.00  sec  1.10 GBytes  9.41 Gbits/sec    0   2.25 MBytes       
[  5]  54.00-55.00  sec  1.09 GBytes  9.39 Gbits/sec  532   1.96 MBytes       
[  5]  55.00-56.00  sec  1.10 GBytes  9.42 Gbits/sec    0   2.34 MBytes       
[  5]  56.00-57.00  sec  1.10 GBytes  9.41 Gbits/sec    5   2.07 MBytes       
[  5]  57.00-57.00  sec  1.25 MBytes  7.42 Gbits/sec    0   2.07 MBytes       
- - - - - - - - - - - - - - - - - - - - - - - - -
[ ID] Interval           Transfer     Bitrate         Retr
[  5]   0.00-57.00  sec  62.4 GBytes  9.41 Gbits/sec  5863            sender
-----------------------------------------------------------
Server listening on 5300 (test #7)
-----------------------------------------------------------
Accepted connection from 10.10.10.49, port 55560
[  5] local 10.10.10.70 port 5300 connected to 10.10.10.49 port 55570
[ ID] Interval           Transfer     Bitrate         Retr  Cwnd
[  5]   0.00-1.00   sec  1.10 GBytes  9.42 Gbits/sec    0   2.96 MBytes       
[  5]   1.00-2.00   sec  1.10 GBytes  9.41 Gbits/sec    0   3.16 MBytes       
[  5]   2.00-3.00   sec  1.09 GBytes  9.40 Gbits/sec   16   2.42 MBytes       
[  5]   3.00-4.00   sec  1.10 GBytes  9.41 Gbits/sec    8   2.02 MBytes       
[  5]   4.00-5.00   sec  1.10 GBytes  9.41 Gbits/sec    7   1.82 MBytes       
[  5]   5.00-6.00   sec  1.09 GBytes  9.40 Gbits/sec   10   1.35 MBytes       
[  5]   6.00-7.00   sec  1.09 GBytes  9.41 Gbits/sec   19   1.28 MBytes       
[  5]   7.00-8.00   sec  1.09 GBytes  9.40 Gbits/sec   10   1.27 MBytes       
- - - - - - - - - - - - - - - - - - - - - - - - -
[ ID] Interval           Transfer     Bitrate         Retr
[  5]   0.00-8.00   sec  8.77 GBytes  9.41 Gbits/sec   70            sender
-----------------------------------------------------------
Server listening on 5300 (test #8)
-----------------------------------------------------------
Accepted connection from 10.10.10.49, port 50788
[  5] local 10.10.10.70 port 5300 connected to 10.10.10.49 port 50800
[ ID] Interval           Transfer     Bitrate         Retr  Cwnd
[  5]   0.00-1.00   sec  1.10 GBytes  9.42 Gbits/sec    0   2.95 MBytes       
[  5]   1.00-2.00   sec  1.10 GBytes  9.41 Gbits/sec    3   1.36 MBytes       
[  5]   2.00-3.00   sec  1.10 GBytes  9.41 Gbits/sec    1   1.86 MBytes       
[  5]   3.00-4.00   sec  1.10 GBytes  9.41 Gbits/sec    2   1.38 MBytes       
[  5]   4.00-5.00   sec  1.10 GBytes  9.41 Gbits/sec    0   1.89 MBytes       
[  5]   5.00-6.00   sec  1.10 GBytes  9.41 Gbits/sec   11   1.05 MBytes       
[  5]   6.00-7.00   sec  1.09 GBytes  9.40 Gbits/sec    6   1.65 MBytes       
[  5]   7.00-8.00   sec  1.09 GBytes  9.39 Gbits/sec    5   1.14 MBytes       
- - - - - - - - - - - - - - - - - - - - - - - - -
[ ID] Interval           Transfer     Bitrate         Retr
[  5]   0.00-8.00   sec  8.76 GBytes  9.41 Gbits/sec   28            sender
-----------------------------------------------------------
Server listening on 5300 (test #9)
-----------------------------------------------------------
Accepted connection from 10.10.10.49, port 54120
[  5] local 10.10.10.70 port 5300 connected to 10.10.10.49 port 54124
[ ID] Interval           Transfer     Bitrate         Retr  Cwnd
[  5]   0.00-1.00   sec  1.09 GBytes  9.39 Gbits/sec   65   1.14 MBytes       
[  5]   1.00-2.00   sec  1.10 GBytes  9.41 Gbits/sec    3   1.22 MBytes       
[  5]   2.00-3.00   sec  1.09 GBytes  9.40 Gbits/sec    1   1.30 MBytes       
[  5]   3.00-4.00   sec  1.09 GBytes  9.41 Gbits/sec    4   1.07 MBytes       
[  5]   4.00-5.00   sec  1.09 GBytes  9.40 Gbits/sec  110   1.66 MBytes       
[  5]   5.00-6.00   sec  1.09 GBytes  9.39 Gbits/sec    2   1.70 MBytes       
[  5]   6.00-7.00   sec  1.09 GBytes  9.41 Gbits/sec    6   2.13 MBytes       
[  5]   7.00-8.00   sec  1.10 GBytes  9.42 Gbits/sec   14   1.20 MBytes       
- - - - - - - - - - - - - - - - - - - - - - - - -
[ ID] Interval           Transfer     Bitrate         Retr
[  5]   0.00-8.00   sec  8.76 GBytes  9.41 Gbits/sec  205            sender
-----------------------------------------------------------
Server listening on 5300 (test #10)
-----------------------------------------------------------
Accepted connection from 10.10.10.49, port 54932
[  5] local 10.10.10.70 port 5300 connected to 10.10.10.49 port 54940
[ ID] Interval           Transfer     Bitrate         Retr  Cwnd
[  5]   0.00-1.00   sec  1.10 GBytes  9.41 Gbits/sec    9   1.47 MBytes       
[  5]   1.00-2.00   sec  1.09 GBytes  9.40 Gbits/sec    3   1.22 MBytes       
[  5]   2.00-3.00   sec  1.09 GBytes  9.41 Gbits/sec    4   1.05 MBytes       
[  5]   3.00-4.00   sec  1.10 GBytes  9.42 Gbits/sec    7   1.18 MBytes       
[  5]   4.00-5.00   sec  1.09 GBytes  9.40 Gbits/sec    6   1.13 MBytes       
[  5]   5.00-6.00   sec  1.09 GBytes  9.40 Gbits/sec    4   1.41 MBytes       
[  5]   6.00-7.00   sec  1.09 GBytes  9.40 Gbits/sec    6   1.12 MBytes       
[  5]   7.00-8.00   sec  1.10 GBytes  9.41 Gbits/sec    1   1.25 MBytes       
[  5]   8.00-9.00   sec  1.10 GBytes  9.41 Gbits/sec    3   1.49 MBytes       
[  5]   9.00-10.00  sec  1.09 GBytes  9.41 Gbits/sec    1   1.60 MBytes       
[  5]  10.00-11.00  sec  1.09 GBytes  9.40 Gbits/sec  534   2.04 MBytes       
[  5]  11.00-12.00  sec  1.10 GBytes  9.42 Gbits/sec    9   1.12 MBytes       
[  5]  12.00-13.00  sec  1.10 GBytes  9.41 Gbits/sec    0   1.70 MBytes       
[  5]  13.00-14.00  sec  1.10 GBytes  9.42 Gbits/sec    6   2.12 MBytes       
[  5]  14.00-15.00  sec  1.09 GBytes  9.40 Gbits/sec   21   1.24 MBytes       
[  5]  15.00-16.00  sec  1.09 GBytes  9.41 Gbits/sec    5   1.77 MBytes       
[  5]  16.00-17.00  sec  1.10 GBytes  9.40 Gbits/sec    4   1.09 MBytes       
[  5]  17.00-18.00  sec  1.09 GBytes  9.40 Gbits/sec    2   1.05 MBytes       
[  5]  18.00-19.00  sec  1.09 GBytes  9.40 Gbits/sec    2   1.15 MBytes       
[  5]  19.00-20.00  sec  1.10 GBytes  9.41 Gbits/sec    5    892 KBytes       
[  5]  20.00-21.00  sec  1.09 GBytes  9.39 Gbits/sec    7   1008 KBytes       
[  5]  21.00-22.00  sec  1.09 GBytes  9.39 Gbits/sec    0   1.60 MBytes       
[  5]  22.00-23.00  sec  1.10 GBytes  9.40 Gbits/sec    2   1.22 MBytes       
[  5]  23.00-24.00  sec  1.09 GBytes  9.36 Gbits/sec   30   1.41 MBytes       
[  5]  24.00-25.00  sec  1.10 GBytes  9.41 Gbits/sec    9   1.36 MBytes       
[  5]  25.00-26.00  sec  1.10 GBytes  9.41 Gbits/sec   14   1.41 MBytes       
[  5]  26.00-27.00  sec  1.10 GBytes  9.41 Gbits/sec   18   1.14 MBytes       
[  5]  27.00-28.00  sec  1.10 GBytes  9.41 Gbits/sec    1   1.48 MBytes       
[  5]  28.00-29.00  sec  1.09 GBytes  9.40 Gbits/sec    2   1.64 MBytes       
[  5]  29.00-30.00  sec  1.09 GBytes  9.40 Gbits/sec    9   1.50 MBytes       
[  5]  30.00-31.00  sec  1.10 GBytes  9.40 Gbits/sec   15   1.37 MBytes       
[  5]  31.00-32.00  sec  1.10 GBytes  9.42 Gbits/sec    1   1.60 MBytes       
[  5]  32.00-33.00  sec  1.09 GBytes  9.41 Gbits/sec    6   2.04 MBytes       
[  5]  33.00-34.00  sec  1.10 GBytes  9.40 Gbits/sec   12   1.44 MBytes       
[  5]  34.00-35.00  sec  1.10 GBytes  9.41 Gbits/sec    3   1.22 MBytes       
[  5]  35.00-36.00  sec  1.10 GBytes  9.41 Gbits/sec    5   1.33 MBytes       
[  5]  36.00-37.00  sec  1.10 GBytes  9.41 Gbits/sec    6   1.84 MBytes       
[  5]  37.00-38.00  sec  1.10 GBytes  9.41 Gbits/sec    2   1.35 MBytes       
[  5]  38.00-39.00  sec  1.09 GBytes  9.41 Gbits/sec    6   1.86 MBytes       
[  5]  39.00-40.00  sec  1.10 GBytes  9.41 Gbits/sec    4   1.48 MBytes       
[  5]  40.00-41.00  sec  1.09 GBytes  9.40 Gbits/sec    1   1.57 MBytes       
[  5]  41.00-42.00  sec  1.09 GBytes  9.40 Gbits/sec   12   1.10 MBytes       
[  5]  42.00-43.00  sec  1.10 GBytes  9.42 Gbits/sec    6   1.19 MBytes       
[  5]  43.00-44.00  sec  1.09 GBytes  9.41 Gbits/sec    5   1.35 MBytes       
[  5]  44.00-45.00  sec  1.10 GBytes  9.41 Gbits/sec    1   1.42 MBytes       
[  5]  45.00-46.00  sec  1.09 GBytes  9.40 Gbits/sec    5   1.90 MBytes       
[  5]  46.00-47.00  sec  1.10 GBytes  9.41 Gbits/sec    4   1.32 MBytes       
[  5]  47.00-48.00  sec  1.09 GBytes  9.40 Gbits/sec    2   1.35 MBytes       
[  5]  48.00-49.00  sec  1.09 GBytes  9.39 Gbits/sec    2   1.54 MBytes       
[  5]  49.00-50.00  sec  1.09 GBytes  9.40 Gbits/sec   13    700 KBytes       
[  5]  50.00-51.00  sec  1.10 GBytes  9.42 Gbits/sec    0   1.45 MBytes       
[  5]  51.00-52.00  sec  1.09 GBytes  9.37 Gbits/sec    6   1.92 MBytes       
[  5]  52.00-53.00  sec  1.09 GBytes  9.40 Gbits/sec   51   1.78 MBytes       
[  5]  53.00-54.00  sec  1.08 GBytes  9.30 Gbits/sec    2   1.43 MBytes       
[  5]  54.00-55.00  sec  1.10 GBytes  9.40 Gbits/sec  141   1.36 MBytes       
[  5]  55.00-56.00  sec  1.09 GBytes  9.39 Gbits/sec   47   1.31 MBytes       
[  5]  56.00-57.00  sec  1.10 GBytes  9.42 Gbits/sec    5   1.83 MBytes       
[  5]  57.00-57.00  sec  1.88 MBytes  10.0 Gbits/sec    0   1.83 MBytes       
- - - - - - - - - - - - - - - - - - - - - - - - -
[ ID] Interval           Transfer     Bitrate         Retr
[  5]   0.00-57.00  sec  62.4 GBytes  9.40 Gbits/sec  1087            sender
-----------------------------------------------------------
Server listening on 5300 (test #11)
-----------------------------------------------------------
Accepted connection from 10.10.10.49, port 48452
[  5] local 10.10.10.70 port 5300 connected to 10.10.10.49 port 48462
[ ID] Interval           Transfer     Bitrate         Retr  Cwnd
[  5]   0.00-1.00   sec  1.09 GBytes  9.38 Gbits/sec  249   2.07 MBytes       
[  5]   1.00-2.00   sec  1.09 GBytes  9.41 Gbits/sec  218    897 KBytes       
[  5]   2.00-3.00   sec  1.09 GBytes  9.40 Gbits/sec    3   1.15 MBytes       
[  5]   3.00-4.00   sec  1.10 GBytes  9.41 Gbits/sec   13   1.22 MBytes       
[  5]   4.00-5.00   sec  1.09 GBytes  9.40 Gbits/sec    5    994 KBytes       
[  5]   5.00-6.00   sec  1.10 GBytes  9.41 Gbits/sec    0   1.61 MBytes       
[  5]   6.00-7.00   sec  1.10 GBytes  9.41 Gbits/sec   18   1.11 MBytes       
[  5]   7.00-8.00   sec  1.09 GBytes  9.40 Gbits/sec    1   1.32 MBytes       
- - - - - - - - - - - - - - - - - - - - - - - - -
[ ID] Interval           Transfer     Bitrate         Retr
[  5]   0.00-8.00   sec  8.76 GBytes  9.40 Gbits/sec  507            sender
-----------------------------------------------------------
Server listening on 5300 (test #12)
-----------------------------------------------------------
Accepted connection from 10.10.10.49, port 56166
[  5] local 10.10.10.70 port 5300 connected to 10.10.10.49 port 56172
[ ID] Interval           Transfer     Bitrate         Retr  Cwnd
[  5]   0.00-1.00   sec  1.10 GBytes  9.40 Gbits/sec    0   2.79 MBytes       
[  5]   1.00-2.00   sec  1.10 GBytes  9.41 Gbits/sec  934   1.23 MBytes       
[  5]   2.00-3.00   sec  1.09 GBytes  9.41 Gbits/sec    2   1.05 MBytes       
[  5]   3.00-4.00   sec  1.09 GBytes  9.41 Gbits/sec    6   1.02 MBytes       
[  5]   4.00-5.00   sec  1.10 GBytes  9.41 Gbits/sec    3   1005 KBytes       
[  5]   5.00-6.00   sec  1.09 GBytes  9.40 Gbits/sec    6    911 KBytes       
[  5]   6.00-7.00   sec  1.10 GBytes  9.41 Gbits/sec    2   1.09 MBytes       
[  5]   7.00-8.00   sec  1.09 GBytes  9.40 Gbits/sec    5   1.02 MBytes       
[  5]   8.00-8.00   sec  1.62 MBytes  23.8 Gbits/sec    0   1.02 MBytes       
- - - - - - - - - - - - - - - - - - - - - - - - -
[ ID] Interval           Transfer     Bitrate         Retr
[  5]   0.00-8.00   sec  8.76 GBytes  9.41 Gbits/sec  958            sender
-----------------------------------------------------------
Server listening on 5300 (test #13)
-----------------------------------------------------------
Accepted connection from 10.10.10.49, port 48236
[  5] local 10.10.10.70 port 5300 connected to 10.10.10.49 port 48244
[ ID] Interval           Transfer     Bitrate         Retr  Cwnd
[  5]   0.00-1.00   sec  1.09 GBytes  9.40 Gbits/sec   12   1.13 MBytes       
[  5]   1.00-2.00   sec  1.10 GBytes  9.41 Gbits/sec    1   1.31 MBytes       
[  5]   2.00-3.00   sec  1.09 GBytes  9.39 Gbits/sec  118   1.35 MBytes       
[  5]   3.00-4.00   sec  1.10 GBytes  9.41 Gbits/sec    8   1.26 MBytes       
[  5]   4.00-5.00   sec  1.10 GBytes  9.41 Gbits/sec    5   1.38 MBytes       
[  5]   5.00-6.00   sec  1.09 GBytes  9.40 Gbits/sec    4   1.05 MBytes       
[  5]   6.00-7.00   sec  1.10 GBytes  9.41 Gbits/sec    9   1.20 MBytes       
[  5]   7.00-8.00   sec  1.09 GBytes  9.40 Gbits/sec    3   1.36 MBytes       
- - - - - - - - - - - - - - - - - - - - - - - - -
[ ID] Interval           Transfer     Bitrate         Retr
[  5]   0.00-8.00   sec  8.76 GBytes  9.40 Gbits/sec  160            sender
-----------------------------------------------------------
Server listening on 5300 (test #14)
-----------------------------------------------------------
Accepted connection from 10.10.10.49, port 46190
[  5] local 10.10.10.70 port 5300 connected to 10.10.10.49 port 46206
[ ID] Interval           Transfer     Bitrate         Retr  Cwnd
[  5]   0.00-1.00   sec  1.09 GBytes  9.40 Gbits/sec    1   2.00 MBytes       
[  5]   1.00-2.00   sec  1.09 GBytes  9.38 Gbits/sec  526   1.80 MBytes       
[  5]   2.00-3.00   sec  1.09 GBytes  9.39 Gbits/sec  573   1.65 MBytes       
[  5]   3.00-4.00   sec  1.10 GBytes  9.41 Gbits/sec   11   1.30 MBytes       
[  5]   4.00-5.00   sec  1.10 GBytes  9.41 Gbits/sec    3   1.40 MBytes       
[  5]   5.00-6.00   sec  1.09 GBytes  9.40 Gbits/sec   12   1.11 MBytes       
[  5]   6.00-7.00   sec  1.09 GBytes  9.41 Gbits/sec    1   1.38 MBytes       
[  5]   7.00-8.00   sec  1.09 GBytes  9.40 Gbits/sec    3   1.20 MBytes       
[  5]   8.00-9.00   sec  1.10 GBytes  9.41 Gbits/sec    4   1.35 MBytes       
[  5]   9.00-10.00  sec  1.09 GBytes  9.41 Gbits/sec    7   1.22 MBytes       
[  5]  10.00-11.00  sec  1.09 GBytes  9.40 Gbits/sec    5   1.45 MBytes       
[  5]  11.00-12.00  sec  1.09 GBytes  9.41 Gbits/sec    8   1.24 MBytes       
[  5]  12.00-13.00  sec  1.09 GBytes  9.39 Gbits/sec   11   1.20 MBytes       
[  5]  13.00-14.00  sec  1.10 GBytes  9.41 Gbits/sec    9   1021 KBytes       
[  5]  14.00-15.00  sec  1.09 GBytes  9.39 Gbits/sec    2   1.28 MBytes       
[  5]  15.00-16.00  sec  1.10 GBytes  9.42 Gbits/sec    4   1.15 MBytes       
[  5]  16.00-17.00  sec  1.10 GBytes  9.41 Gbits/sec    0   1.72 MBytes       
[  5]  17.00-18.00  sec  1.09 GBytes  9.41 Gbits/sec   17   1.28 MBytes       
[  5]  18.00-19.00  sec  1.09 GBytes  9.40 Gbits/sec    2   1.41 MBytes       
[  5]  19.00-20.00  sec  1.09 GBytes  9.40 Gbits/sec    7    888 KBytes       
[  5]  20.00-21.00  sec  1.09 GBytes  9.41 Gbits/sec    2    882 KBytes       
[  5]  21.00-22.00  sec  1.10 GBytes  9.41 Gbits/sec    7   1.21 MBytes       
[  5]  22.00-23.00  sec  1.09 GBytes  9.40 Gbits/sec    2   1.36 MBytes       
[  5]  23.00-24.00  sec  1.10 GBytes  9.40 Gbits/sec   11   1.10 MBytes       
[  5]  24.00-25.00  sec  1.09 GBytes  9.41 Gbits/sec    2    984 KBytes       
[  5]  25.00-26.00  sec  1.10 GBytes  9.41 Gbits/sec    3   1.25 MBytes       
[  5]  26.00-27.00  sec  1.10 GBytes  9.42 Gbits/sec    5   1.09 MBytes       
[  5]  27.00-28.00  sec  1.09 GBytes  9.40 Gbits/sec    4   1.29 MBytes       
[  5]  28.00-29.00  sec  1.09 GBytes  9.40 Gbits/sec    2   1.39 MBytes       
[  5]  29.00-30.00  sec  1.10 GBytes  9.41 Gbits/sec    5   1.06 MBytes       
[  5]  30.00-31.00  sec  1.10 GBytes  9.41 Gbits/sec    2    994 KBytes       
[  5]  31.00-32.00  sec  1.09 GBytes  9.39 Gbits/sec    1   1.20 MBytes       
[  5]  32.00-33.00  sec  1.10 GBytes  9.42 Gbits/sec    6   1.75 MBytes       
[  5]  33.00-34.00  sec  1.09 GBytes  9.41 Gbits/sec    5   1.25 MBytes       
[  5]  34.00-35.00  sec  1.09 GBytes  9.40 Gbits/sec   12   1.40 MBytes       
[  5]  35.00-36.00  sec  1.10 GBytes  9.41 Gbits/sec   10   1.42 MBytes       
[  5]  36.00-37.00  sec  1.09 GBytes  9.40 Gbits/sec   14   1.05 MBytes       
[  5]  37.00-38.00  sec  1.10 GBytes  9.41 Gbits/sec    2   1.29 MBytes       
[  5]  38.00-39.00  sec  1.09 GBytes  9.40 Gbits/sec    2   1.01 MBytes       
[  5]  39.00-40.00  sec  1.10 GBytes  9.41 Gbits/sec   10   1.27 MBytes       
[  5]  40.00-41.00  sec  1.10 GBytes  9.41 Gbits/sec    0   1.81 MBytes       
[  5]  41.00-42.00  sec  1.09 GBytes  9.41 Gbits/sec   12    707 KBytes       
[  5]  42.00-43.00  sec  1.10 GBytes  9.42 Gbits/sec    2   1.10 MBytes       
[  5]  43.00-44.00  sec  1.09 GBytes  9.40 Gbits/sec   17   1.09 MBytes       
[  5]  44.00-45.00  sec  1.10 GBytes  9.41 Gbits/sec    2   1.35 MBytes       
[  5]  45.00-46.00  sec  1.09 GBytes  9.41 Gbits/sec    6   1.86 MBytes       
[  5]  46.00-47.00  sec  1.10 GBytes  9.41 Gbits/sec   11   1.18 MBytes       
[  5]  47.00-48.00  sec  1.10 GBytes  9.41 Gbits/sec    3   1005 KBytes       
[  5]  48.00-49.00  sec  1.10 GBytes  9.41 Gbits/sec    4   1.27 MBytes       
[  5]  49.00-50.00  sec  1.09 GBytes  9.41 Gbits/sec   19   1.15 MBytes       
[  5]  50.00-51.00  sec  1.09 GBytes  9.41 Gbits/sec   13   1.21 MBytes       
[  5]  51.00-52.00  sec  1.10 GBytes  9.41 Gbits/sec    2   1.40 MBytes       
[  5]  52.00-53.00  sec  1.10 GBytes  9.41 Gbits/sec   10   1.04 MBytes       
[  5]  53.00-54.00  sec  1.10 GBytes  9.41 Gbits/sec    0   1.64 MBytes       
[  5]  54.00-55.00  sec  1.10 GBytes  9.40 Gbits/sec   10   1.43 MBytes       
[  5]  55.00-56.00  sec  1.09 GBytes  9.40 Gbits/sec   16   1.21 MBytes       
[  5]  56.00-57.00  sec  1.09 GBytes  9.40 Gbits/sec    0   1.77 MBytes       
[  5]  57.00-57.00  sec  1.25 MBytes  30.8 Gbits/sec    0   1.77 MBytes       
- - - - - - - - - - - - - - - - - - - - - - - - -
[ ID] Interval           Transfer     Bitrate         Retr
[  5]   0.00-57.00  sec  62.4 GBytes  9.41 Gbits/sec  1440            sender
-----------------------------------------------------------
Server listening on 5300 (test #15)
-----------------------------------------------------------
Accepted connection from 10.10.10.49, port 58828
[  5] local 10.10.10.70 port 5300 connected to 10.10.10.49 port 58832
[ ID] Interval           Transfer     Bitrate         Retr  Cwnd
[  5]   0.00-1.00   sec  1.10 GBytes  9.42 Gbits/sec    0   2.88 MBytes       
[  5]   1.00-2.00   sec  1.09 GBytes  9.40 Gbits/sec   41   1.47 MBytes       
[  5]   2.00-3.00   sec  1.09 GBytes  9.40 Gbits/sec    2   1.60 MBytes       
[  5]   3.00-4.00   sec  1.10 GBytes  9.41 Gbits/sec    3   1.40 MBytes       
[  5]   4.00-5.00   sec  1.09 GBytes  9.40 Gbits/sec    6   1.88 MBytes       
[  5]   5.00-6.00   sec  1.10 GBytes  9.41 Gbits/sec    2   2.15 MBytes       
[  5]   6.00-7.00   sec  1.10 GBytes  9.42 Gbits/sec    6   2.25 MBytes       
[  5]   7.00-8.00   sec  1.09 GBytes  9.41 Gbits/sec    3   1.38 MBytes       
- - - - - - - - - - - - - - - - - - - - - - - - -
[ ID] Interval           Transfer     Bitrate         Retr
[  5]   0.00-8.00   sec  8.77 GBytes  9.41 Gbits/sec   63            sender
-----------------------------------------------------------
Server listening on 5300 (test #16)
-----------------------------------------------------------
Accepted connection from 10.10.10.49, port 50796
[  5] local 10.10.10.70 port 5300 connected to 10.10.10.49 port 50798
[ ID] Interval           Transfer     Bitrate         Retr  Cwnd
[  5]   0.00-1.00   sec  1.10 GBytes  9.41 Gbits/sec    0   2.32 MBytes       
[  5]   1.00-2.00   sec  1.10 GBytes  9.41 Gbits/sec   11   2.33 MBytes       
[  5]   2.00-3.00   sec  1.09 GBytes  9.40 Gbits/sec    6   2.33 MBytes       
[  5]   3.00-4.00   sec  1.10 GBytes  9.41 Gbits/sec    6   2.34 MBytes       
[  5]   4.00-5.00   sec  1.10 GBytes  9.41 Gbits/sec   19   1.22 MBytes       
[  5]   5.00-6.00   sec  1.10 GBytes  9.41 Gbits/sec    6   1.77 MBytes       
[  5]   6.00-7.00   sec  1.10 GBytes  9.41 Gbits/sec    6   2.18 MBytes       
[  5]   7.00-8.00   sec  1.09 GBytes  9.39 Gbits/sec   15    882 KBytes       
- - - - - - - - - - - - - - - - - - - - - - - - -
[ ID] Interval           Transfer     Bitrate         Retr
[  5]   0.00-8.00   sec  8.76 GBytes  9.41 Gbits/sec   69            sender
-----------------------------------------------------------
Server listening on 5300 (test #17)
-----------------------------------------------------------
Accepted connection from 10.10.10.49, port 50814
[  5] local 10.10.10.70 port 5300 connected to 10.10.10.49 port 50830
[ ID] Interval           Transfer     Bitrate         Retr  Cwnd
[  5]   0.00-1.00   sec  1.10 GBytes  9.41 Gbits/sec    0   2.61 MBytes       
[  5]   1.00-2.00   sec  1.09 GBytes  9.40 Gbits/sec   48   1.45 MBytes       
[  5]   2.00-3.00   sec  1.10 GBytes  9.40 Gbits/sec   10   1.37 MBytes       
[  5]   3.00-4.00   sec  1.09 GBytes  9.39 Gbits/sec    5    902 KBytes       
[  5]   4.00-5.00   sec  1.10 GBytes  9.41 Gbits/sec    0   1.55 MBytes       
[  5]   5.00-6.00   sec  1.09 GBytes  9.40 Gbits/sec    6   2.00 MBytes       
[  5]   6.00-7.00   sec  1.10 GBytes  9.42 Gbits/sec    8   1.37 MBytes       
[  5]   7.00-8.00   sec  1.09 GBytes  9.40 Gbits/sec  232    960 KBytes       
[  5]   8.00-8.00   sec  1.38 MBytes  9.16 Gbits/sec    0    960 KBytes       
- - - - - - - - - - - - - - - - - - - - - - - - -
[ ID] Interval           Transfer     Bitrate         Retr
[  5]   0.00-8.00   sec  8.76 GBytes  9.40 Gbits/sec  309            sender
-----------------------------------------------------------
Server listening on 5300 (test #18)
-----------------------------------------------------------
Accepted connection from 10.10.10.49, port 51570
[  5] local 10.10.10.70 port 5300 connected to 10.10.10.49 port 51572
[ ID] Interval           Transfer     Bitrate         Retr  Cwnd
[  5]   0.00-1.00   sec  1.09 GBytes  9.39 Gbits/sec   17   1.07 MBytes       
[  5]   1.00-2.00   sec  1.09 GBytes  9.40 Gbits/sec    0   1.68 MBytes       
[  5]   2.00-3.00   sec  1.09 GBytes  9.40 Gbits/sec    3   1.44 MBytes       
[  5]   3.00-4.00   sec  1.10 GBytes  9.41 Gbits/sec    3   1.58 MBytes       
[  5]   4.00-5.00   sec  1.09 GBytes  9.39 Gbits/sec   11   1.16 MBytes       
[  5]   5.00-6.00   sec  1.10 GBytes  9.42 Gbits/sec    2   1.40 MBytes       
[  5]   6.00-7.00   sec  1.09 GBytes  9.40 Gbits/sec    2   1.59 MBytes       
[  5]   7.00-8.00   sec  1.10 GBytes  9.41 Gbits/sec    1   2.05 MBytes       
[  5]   8.00-9.00   sec  1.10 GBytes  9.41 Gbits/sec    3   1.62 MBytes       
[  5]   9.00-10.00  sec  1.10 GBytes  9.41 Gbits/sec    6   2.05 MBytes       
[  5]  10.00-11.00  sec  1.10 GBytes  9.41 Gbits/sec    3   1.43 MBytes       
[  5]  11.00-12.00  sec  1.10 GBytes  9.41 Gbits/sec    6   1.91 MBytes       
[  5]  12.00-13.00  sec  1.09 GBytes  9.40 Gbits/sec    7   1.40 MBytes       
[  5]  13.00-14.00  sec  1.09 GBytes  9.40 Gbits/sec    4   1.08 MBytes       
[  5]  14.00-15.00  sec  1.09 GBytes  9.40 Gbits/sec    2   1.27 MBytes       
[  5]  15.00-16.00  sec  1.10 GBytes  9.41 Gbits/sec    5   1.79 MBytes       
[  5]  16.00-17.00  sec  1.09 GBytes  9.40 Gbits/sec    6   1.37 MBytes       
[  5]  17.00-18.00  sec  1.10 GBytes  9.41 Gbits/sec   26    990 KBytes       
[  5]  18.00-19.00  sec  1.10 GBytes  9.41 Gbits/sec    2   1.19 MBytes       
[  5]  19.00-20.00  sec  1.09 GBytes  9.40 Gbits/sec    1   1.36 MBytes       
[  5]  20.00-21.00  sec  1.09 GBytes  9.40 Gbits/sec   10   1.12 MBytes       
[  5]  21.00-22.00  sec  1.10 GBytes  9.42 Gbits/sec    2   1.26 MBytes       
[  5]  22.00-23.00  sec  1.09 GBytes  9.40 Gbits/sec    7   1.02 MBytes       
[  5]  23.00-24.00  sec  1.10 GBytes  9.41 Gbits/sec    3   1.17 MBytes       
[  5]  24.00-25.00  sec  1.09 GBytes  9.41 Gbits/sec    1   1.27 MBytes       
[  5]  25.00-26.00  sec  1.10 GBytes  9.41 Gbits/sec    2   1.35 MBytes       
[  5]  26.00-27.00  sec  1.10 GBytes  9.41 Gbits/sec   13   1.08 MBytes       
[  5]  27.00-28.00  sec  1.10 GBytes  9.41 Gbits/sec    0   1.68 MBytes       
[  5]  28.00-29.00  sec  1.10 GBytes  9.41 Gbits/sec    7   1.24 MBytes       
[  5]  29.00-30.00  sec  1.09 GBytes  9.40 Gbits/sec    9   1.02 MBytes       
[  5]  30.00-31.00  sec  1.10 GBytes  9.41 Gbits/sec    1   1.24 MBytes       
[  5]  31.00-32.00  sec  1.10 GBytes  9.42 Gbits/sec    3   1.33 MBytes       
[  5]  32.00-33.00  sec  1.10 GBytes  9.41 Gbits/sec    3   1.38 MBytes       
[  5]  33.00-34.00  sec  1.10 GBytes  9.41 Gbits/sec   12   1.10 MBytes       
[  5]  34.00-35.00  sec  1.10 GBytes  9.41 Gbits/sec    1   1.26 MBytes       
[  5]  35.00-36.00  sec  1.09 GBytes  9.40 Gbits/sec    5   1.34 MBytes       
[  5]  36.00-37.00  sec  1.09 GBytes  9.40 Gbits/sec  102    986 KBytes       
[  5]  37.00-38.00  sec  1.10 GBytes  9.41 Gbits/sec    0   1.61 MBytes       
[  5]  38.00-39.00  sec  1.10 GBytes  9.40 Gbits/sec  324   1.20 MBytes       
[  5]  39.00-40.00  sec  1.09 GBytes  9.41 Gbits/sec    1   1.34 MBytes       
[  5]  40.00-41.00  sec  1.10 GBytes  9.41 Gbits/sec  186   1.38 MBytes       
[  5]  41.00-42.00  sec  1.10 GBytes  9.41 Gbits/sec    6   1.32 MBytes       
[  5]  42.00-43.00  sec  1.10 GBytes  9.41 Gbits/sec    6   1.83 MBytes       
[  5]  43.00-44.00  sec  1.09 GBytes  9.40 Gbits/sec    1   1.71 MBytes       
[  5]  44.00-45.00  sec  1.09 GBytes  9.39 Gbits/sec    6   2.12 MBytes       
[  5]  45.00-46.00  sec  1.10 GBytes  9.41 Gbits/sec   16   1.33 MBytes       
[  5]  46.00-47.00  sec  1.10 GBytes  9.41 Gbits/sec    4   1.48 MBytes       
[  5]  47.00-48.00  sec  1.10 GBytes  9.41 Gbits/sec    6   1.94 MBytes       
[  5]  48.00-49.00  sec  1.10 GBytes  9.41 Gbits/sec    6   2.32 MBytes       
[  5]  49.00-50.00  sec  1.10 GBytes  9.41 Gbits/sec    1   2.02 MBytes       
[  5]  50.00-51.00  sec  1.10 GBytes  9.42 Gbits/sec   19   1.67 MBytes       
[  5]  51.00-52.00  sec  1.10 GBytes  9.41 Gbits/sec  141   1.47 MBytes       
[  5]  52.00-53.00  sec  1.09 GBytes  9.40 Gbits/sec    0   1.94 MBytes       
[  5]  53.00-54.00  sec  1.09 GBytes  9.38 Gbits/sec    8   1.19 MBytes       
[  5]  54.00-55.00  sec  1.09 GBytes  9.40 Gbits/sec   96   1.25 MBytes       
[  5]  55.00-56.00  sec  1.09 GBytes  9.41 Gbits/sec    6   1.78 MBytes       
[  5]  56.00-57.00  sec  1.09 GBytes  9.40 Gbits/sec    3    867 KBytes       
- - - - - - - - - - - - - - - - - - - - - - - - -
[ ID] Interval           Transfer     Bitrate         Retr
[  5]   0.00-57.00  sec  62.4 GBytes  9.41 Gbits/sec  1127            sender