cd crates/honk-ebpf && CARGO_TARGET_DIR=target/routing-test env -u RUSTFLAGS -u CARGO_ENCODED_RUSTFLAGS cargo +nightly build --release -Zbuild-std=core --target bpfel-unknown-none --features routing-test
    Blocking waiting for file lock on package cache
    Blocking waiting for file lock on package cache
    Blocking waiting for file lock on package cache
    Finished `release` profile [optimized] target(s) in 0.59s
HONK_ROUTING_TEST_OBJECT="/root/.herdr/worktrees/honk/perf-ir/crates/honk-ebpf/target/routing-test/bpfel-unknown-none/release/honk-ebpf" CARGO_BUILD_JOBS=1 CARGO_PROFILE_TEST_DEBUG=0 cargo +stable test -p honk-core --features ebpf --lib ebpf::real::routing::tests -- --ignored --test-threads=1
    Blocking waiting for file lock on build directory
warning: honk-core@0.0.1-alpha: eBPF object embedded (1473056 bytes)
   Compiling honk-core v0.0.1-alpha (/root/.herdr/worktrees/honk/perf-ir/crates/honk-core)
    Finished `test` profile [unoptimized] target(s) in 2m 00s
     Running unittests src/lib.rs (target/debug/deps/honk_core-26ecd7f903c4fc54)

running 7 tests
test ebpf::real::routing::tests::four_mode_golden_policies ... ok
test ebpf::real::routing::tests::large_prefix_fact_policy ... ok
test ebpf::real::routing::tests::lazy_fact_cache_ipv6_host_overlap_and_default_prefix ... ok
test ebpf::real::routing::tests::lazy_fact_cache_null_zero_mac_presence_and_invalid_family ... ok
test ebpf::real::routing::tests::lazy_fact_cache_short_circuit_reuse_and_alternating_inputs ... ok
test ebpf::real::routing::tests::predicate_bits_and_capacity_limits ... ok
test ebpf::real::routing::tests::publication_failure_recovery_and_frozen_root ... ok

test result: ok. 7 passed; 0 failed; 0 ignored; 0 measured; 1012 filtered out; finished in 4.04s

CARGO_BUILD_JOBS=1 CARGO_PROFILE_TEST_DEBUG=0 cargo +stable test -p honk-nfqueue --lib nfqueue_service_isolated_netns_kernel_contract -- --ignored --test-threads=1
    Blocking waiting for file lock on build directory
   Compiling syn v3.0.4
   Compiling smallvec v1.15.2
   Compiling parking_lot_core v0.9.12
   Compiling errno v0.3.14
   Compiling signal-hook-registry v1.4.8
   Compiling parking_lot v0.12.5
   Compiling tokio-macros v2.7.2
   Compiling thiserror-impl v2.0.20
   Compiling mio v1.2.2
   Compiling socket2 v0.6.5
   Compiling tokio v1.53.1
   Compiling thiserror v2.0.20
   Compiling honk-nfqueue v0.0.1-alpha (/root/.herdr/worktrees/honk/perf-ir/crates/honk-nfqueue)
    Finished `test` profile [unoptimized] target(s) in 2m 36s
     Running unittests src/lib.rs (target/debug/deps/honk_nfqueue-db1a5383016435fc)

running 1 test
test kernel_tests::nfqueue_service_isolated_netns_kernel_contract ... ok

test result: ok. 1 passed; 0 failed; 0 ignored; 0 measured; 19 filtered out; finished in 1.09s

CARGO_BUILD_JOBS=1 CARGO_PROFILE_TEST_DEBUG=0 cargo +stable test -p honk-core --features ebpf --lib netns -- --ignored --test-threads=1
    Blocking waiting for file lock on build directory
warning: honk-core@0.0.1-alpha: eBPF object embedded (1473056 bytes)
    Finished `test` profile [unoptimized] target(s) in 18.79s
     Running unittests src/lib.rs (target/debug/deps/honk_core-26ecd7f903c4fc54)

running 2 tests
test control::tests::nfqueue_tc_netns_direct_proxy_contract ... ok
test netlink::tests::netns_link_addr_route_rule_neigh_roundtrip ... ok

test result: ok. 2 passed; 0 failed; 0 ignored; 0 measured; 1017 filtered out; finished in 1.77s

CARGO_BUILD_JOBS=1 CARGO_PROFILE_TEST_DEBUG=0 cargo +stable test -p honk-core --features ebpf --lib ebpf::real::tests -- --ignored --test-threads=1
warning: honk-core@0.0.1-alpha: eBPF object embedded (1473056 bytes)
    Finished `test` profile [unoptimized] target(s) in 0.59s
     Running unittests src/lib.rs (target/debug/deps/honk_core-26ecd7f903c4fc54)

running 4 tests
test ebpf::real::tests::cleanup_leaves_foreign_pins_under_a_shared_pin_root ... ok
test ebpf::real::tests::link_lifecycle_holds_links_and_rebinds_primary_wan ... ok
test ebpf::real::tests::pinned_raw_udp_decision_sequence_survives_reload ... ok
test ebpf::real::tests::pname_is_ready_before_first_packet ... ok

test result: ok. 4 passed; 0 failed; 0 ignored; 0 measured; 1015 filtered out; finished in 2.42s

CARGO_BUILD_JOBS=1 CARGO_PROFILE_TEST_DEBUG=0 cargo +stable test -p honk-core --features ebpf --test ebpf_datapath_test -- --ignored --test-threads=1
warning: honk-core@0.0.1-alpha: eBPF object embedded (1473056 bytes)
   Compiling honk-core v0.0.1-alpha (/root/.herdr/worktrees/honk/perf-ir/crates/honk-core)
    Finished `test` profile [unoptimized] target(s) in 30.98s
     Running tests/ebpf_datapath_test.rs (target/debug/deps/ebpf_datapath_test-75d60dae597fea75)

running 4 tests
test cached_route_health_and_pending_marks ... ok
test ndp_redirect_l2_contract ... ok
test ndp_redirect_l3_on_real_tun ... ok
test reply_rx_counters_require_exact_reverse_tuple ... ok

test result: ok. 4 passed; 0 failed; 0 ignored; 0 measured; 0 filtered out; finished in 1.65s
