[2m2026-08-09T18:52:05.626430Z[0m [32m INFO[0m [2mhonk_core[0m[2m:[0m honk-core v0.0.1-alpha starting
[2m2026-08-09T18:52:05.626445Z[0m [32m INFO[0m [2mhonk_core[0m[2m:[0m Config: /root/nfq-bench-1c06f44/honk-nfq-off.dae
[2m2026-08-09T18:52:05.626447Z[0m [32m INFO[0m [2mhonk_core[0m[2m:[0m Runtime data directory configured [3mdirectory[0m[2m=[0m/var/share/honk
[2m2026-08-09T18:52:05.626453Z[0m [32m INFO[0m [2mhonk_core[0m[2m:[0m Raised NOFILE rlimit to 524288 (hard=524288)
[2m2026-08-09T18:52:05.626465Z[0m [32m INFO[0m [2mhonk_core[0m[2m:[0m Subscription store ready [3mdirectory[0m[2m=[0m/var/share/honk/.sub
[2m2026-08-09T18:52:05.626593Z[0m [32m INFO[0m [2mhonk_core[0m[2m:[0m Group 'hy2' resolved 1 node(s)
[2m2026-08-09T18:52:05.626595Z[0m [32m INFO[0m [2mhonk_core[0m[2m:[0m Group 'tuic' resolved 1 node(s)
[2m2026-08-09T18:52:05.626595Z[0m [32m INFO[0m [2mhonk_core[0m[2m:[0m Group 'ss2022' resolved 1 node(s)
[2m2026-08-09T18:52:05.626596Z[0m [32m INFO[0m [2mhonk_core[0m[2m:[0m Group 'trojan' resolved 1 node(s)
[2m2026-08-09T18:52:05.626597Z[0m [32m INFO[0m [2mhonk_core[0m[2m:[0m Group 'anytls-sb' resolved 1 node(s)
[2m2026-08-09T18:52:05.626598Z[0m [32m INFO[0m [2mhonk_core[0m[2m:[0m Group 'anytls-go' resolved 1 node(s)
[2m2026-08-09T18:52:05.626599Z[0m [32m INFO[0m [2mhonk_core[0m[2m:[0m Loaded 8 nodes, 6 groups, 13 routing rules
[2m2026-08-09T18:52:05.626982Z[0m [32m INFO[0m [2mhonk_core[0m[2m:[0m daens FD source: /proc/thread-self/ns/net -> net:[4026532277]
[2m2026-08-09T18:52:05.627618Z[0m [32m INFO[0m [2mhonk_core[0m[2m:[0m Created daens network namespace (FD-owned)
[2m2026-08-09T18:52:05.629155Z[0m [32m INFO[0m [2mhonk_core[0m[2m:[0m Created dae0/dae0peer veth pair
[2m2026-08-09T18:52:05.629201Z[0m [32m INFO[0m [2mhonk_core[0m[2m:[0m net.ipv4.conf.dae0.rp_filter = 0
[2m2026-08-09T18:52:05.629206Z[0m [32m INFO[0m [2mhonk_core[0m[2m:[0m net.ipv4.conf.dae0.accept_local = 1
[2m2026-08-09T18:52:05.629250Z[0m [32m INFO[0m [2mhonk_core[0m[2m:[0m dae0 veth created before eBPF load (ifindex=284)
[2m2026-08-09T18:52:05.629251Z[0m [32m INFO[0m [2mhonk_core[0m[2m:[0m Loading real eBPF backend from built-in object
[2m2026-08-09T18:52:05.629543Z[0m [32m INFO[0m [2mhonk_core::ebpf::real::attach[0m[2m:[0m Loading eBPF programs (1483968 bytes)
[2m2026-08-09T18:52:05.629577Z[0m [32m INFO[0m [2mhonk_core::ebpf::real::attach[0m[2m:[0m Kernel 6.12.0 supports bpf_redirect_peer, enabling
[2m2026-08-09T18:52:05.643001Z[0m [32m INFO[0m [2mhonk_core::ebpf::real::attach[0m[2m:[0m Attached 6 cgroup programs to /sys/fs/cgroup
[2m2026-08-09T18:52:05.643397Z[0m [32m INFO[0m [2mhonk_core::ebpf::real::attach[0m[2m:[0m Attaching eBPF TC programs to LAN interface: veth-lab (configured: veth-lab)
[2m2026-08-09T18:52:05.725864Z[0m [32m INFO[0m [2mhonk_core::ebpf::real::attach[0m[2m:[0m attached 'lan_ingress_l2' to veth-lab (Ingress) link_id=SchedClassifierLinkId(FdLinkId(FdLinkId(55)))
[2m2026-08-09T18:52:05.741856Z[0m [32m INFO[0m [2mhonk_core::ebpf::real::attach[0m[2m:[0m attached 'lan_egress_l2' to veth-lab (Egress) link_id=SchedClassifierLinkId(FdLinkId(FdLinkId(57)))
[2m2026-08-09T18:52:05.769860Z[0m [32m INFO[0m [2mhonk_core::ebpf::real::attach[0m[2m:[0m attached 'wan_egress_l2' to ens3 (Egress) link_id=SchedClassifierLinkId(FdLinkId(FdLinkId(59)))
[2m2026-08-09T18:52:05.793939Z[0m [32m INFO[0m [2mhonk_core::ebpf::real::attach[0m[2m:[0m attached 'wan_ingress_l2' to ens3 (Ingress) link_id=SchedClassifierLinkId(FdLinkId(FdLinkId(61)))
[2m2026-08-09T18:52:05.794044Z[0m [32m INFO[0m [2mhonk_core::ebpf::real::attach[0m[2m:[0m eBPF loaded and attached
[2m2026-08-09T18:52:05.796606Z[0m [32m INFO[0m [2mhonk_core::ebpf::real[0m[2m:[0m PARAM defaults in effect (tproxy_port=12345, tproxy_mark=0x8000000)
[2m2026-08-09T18:52:05.796615Z[0m [32m INFO[0m [2mhonk_core[0m[2m:[0m eBPF backend initialized with tproxy_port=12345
[2m2026-08-09T18:52:05.796649Z[0m [32m INFO[0m [2mhonk_core[0m[2m:[0m eBPF parameters set
[2m2026-08-09T18:52:05.841884Z[0m [32m INFO[0m [2mhonk_core::ebpf::real::attach[0m[2m:[0m attached 'dae0_ingress' to dae0 (Ingress) link_id=SchedClassifierLinkId(FdLinkId(FdLinkId(64)))
[2m2026-08-09T18:52:05.841924Z[0m [32m INFO[0m [2mhonk_core::ebpf::real[0m[2m:[0m dae0_ingress attached and link held
[2m2026-08-09T18:52:05.841930Z[0m [32m INFO[0m [2mhonk_core[0m[2m:[0m dae0 programs attached
[2m2026-08-09T18:52:05.882717Z[0m [32m INFO[0m [2mhonk_core[0m[2m:[0m Moved dae0peer to daens
[2m2026-08-09T18:52:05.883744Z[0m [32m INFO[0m [2mhonk_core[0m[2m:[0m Configured daens namespace (mark=0x8000000)
[2m2026-08-09T18:52:05.883760Z[0m [32m INFO[0m [2mhonk_core[0m[2m:[0m dae0peer moved to daens netns
[2m2026-08-09T18:52:05.884236Z[0m [32m INFO[0m [2mhonk_core::ebpf::real[0m[2m:[0m tproxy_sk_lookup attached to daens namespace
[2m2026-08-09T18:52:05.884248Z[0m [32m INFO[0m [2mhonk_core[0m[2m:[0m tproxy_sk_lookup attached in daens
[2m2026-08-09T18:52:05.901978Z[0m [32m INFO[0m [2mhonk_core::ebpf::real::attach[0m[2m:[0m attached 'dae0peer_ingress' to dae0peer (Ingress) link_id=SchedClassifierLinkId(FdLinkId(FdLinkId(69)))
[2m2026-08-09T18:52:05.902012Z[0m [32m INFO[0m [2mhonk_core::ebpf::real[0m[2m:[0m dae0peer_ingress attached and link held
[2m2026-08-09T18:52:05.902039Z[0m [32m INFO[0m [2mhonk_core[0m[2m:[0m dae0peer_ingress attached in daens
[2m2026-08-09T18:52:05.902044Z[0m [32m INFO[0m [2mhonk_core[0m[2m:[0m Using eBPF TC redirect datapath (tproxy_mark=0x8000000)
[2m2026-08-09T18:52:05.902136Z[0m [32m INFO[0m [2mhonk_core[0m[2m:[0m Router ready with 13 compiled routes
[2m2026-08-09T18:52:05.902175Z[0m [32m INFO[0m [2mhonk_core[0m[2m:[0m Proxy registry ready (11 handlers)
[2m2026-08-09T18:52:05.902218Z[0m [32m INFO[0m [2mhonk_core[0m[2m:[0m DNS upstream config: name=alidns addr=223.5.5.5:53 proto=Udp outbound=None
[2m2026-08-09T18:52:05.902247Z[0m [32m INFO[0m [2mhonk_core[0m[2m:[0m DNS forwarder ready
[2m2026-08-09T18:52:05.902304Z[0m [32m INFO[0m [2mhonk_core::control[0m[2m:[0m Registered 6/8 nodes for health check (2 skipped: not in any group)
[2m2026-08-09T18:52:05.902369Z[0m [32m INFO[0m [2mhonk_core::control[0m[2m:[0m Control-plane descriptor budget [3mnofile[0m[2m=[0m16384 [3mfixed[0m[2m=[0m256 [3mtcp_flows[0m[2m=[0m672 [3mtcp_pool[0m[2m=[0m2016 [3mdials[0m[2m=[0m64 [3mdial_ceiling[0m[2m=[0m1008 [3mudp_endpoints[0m[2m=[0m3024 [3mudp_slow[0m[2m=[0m256 [3mdns_slow[0m[2m=[0m256
[2m2026-08-09T18:52:05.902436Z[0m [32m INFO[0m [2mhonk_core::control::routing_matcher[0m[2m:[0m rule 'rule-0' outbound='direct' -> id=0 (cp=false)
[2m2026-08-09T18:52:05.902443Z[0m [32m INFO[0m [2mhonk_core::control::routing_matcher[0m[2m:[0m rule '__local_direct_10.10.10.49/32' outbound='direct' -> id=0 (cp=false)
[2m2026-08-09T18:52:05.902458Z[0m [32m INFO[0m [2mhonk_core::control::routing_matcher[0m[2m:[0m Planned 1 destination IP routes for rule 7
[2m2026-08-09T18:52:05.902463Z[0m [32m INFO[0m [2mhonk_core::control::routing_matcher[0m[2m:[0m rule '__local_direct_192.168.222.1/32' outbound='direct' -> id=0 (cp=false)
[2m2026-08-09T18:52:05.902469Z[0m [32m INFO[0m [2mhonk_core::control::routing_matcher[0m[2m:[0m Planned 1 destination IP routes for rule 8
[2m2026-08-09T18:52:05.902473Z[0m [32m INFO[0m [2mhonk_core::control::routing_matcher[0m[2m:[0m rule '__local_direct_240e:3b6:32b2:e6d0:2a0:98ff:fe04:2a4b/128' outbound='direct' -> id=0 (cp=false)
[2m2026-08-09T18:52:05.902482Z[0m [32m INFO[0m [2mhonk_core::control::routing_matcher[0m[2m:[0m Planned 1 destination IP routes for rule 9
[2m2026-08-09T18:52:05.902486Z[0m [32m INFO[0m [2mhonk_core::control::routing_matcher[0m[2m:[0m rule '__local_direct_240e:3b6:32b2:e6d0:b49d:572d:37b4:a16c/128' outbound='direct' -> id=0 (cp=false)
[2m2026-08-09T18:52:05.902494Z[0m [32m INFO[0m [2mhonk_core::control::routing_matcher[0m[2m:[0m Planned 1 destination IP routes for rule 10
[2m2026-08-09T18:52:05.902510Z[0m [32m INFO[0m [2mhonk_core::control::routing_matcher[0m[2m:[0m rule '__local_direct_fd00:abab::2a0:98ff:fe04:2a4b/128' outbound='direct' -> id=0 (cp=false)
[2m2026-08-09T18:52:05.902518Z[0m [32m INFO[0m [2mhonk_core::control::routing_matcher[0m[2m:[0m Planned 1 destination IP routes for rule 11
[2m2026-08-09T18:52:05.902522Z[0m [32m INFO[0m [2mhonk_core::control::routing_matcher[0m[2m:[0m rule '__local_direct_fd00:abab::8630:2b:16a3:c069/128' outbound='direct' -> id=0 (cp=false)
[2m2026-08-09T18:52:05.902528Z[0m [32m INFO[0m [2mhonk_core::control::routing_matcher[0m[2m:[0m Planned 1 destination IP routes for rule 12
[2m2026-08-09T18:52:05.902533Z[0m [32m INFO[0m [2mhonk_core::control::routing_matcher[0m[2m:[0m rule 'rule-1' outbound='hy2' -> id=2 (cp=false)
[2m2026-08-09T18:52:05.902538Z[0m [32m INFO[0m [2mhonk_core::control::routing_matcher[0m[2m:[0m rule 'rule-2' outbound='tuic' -> id=3 (cp=false)
[2m2026-08-09T18:52:05.902542Z[0m [32m INFO[0m [2mhonk_core::control::routing_matcher[0m[2m:[0m rule 'rule-3' outbound='ss2022' -> id=4 (cp=false)
[2m2026-08-09T18:52:05.902546Z[0m [32m INFO[0m [2mhonk_core::control::routing_matcher[0m[2m:[0m rule 'rule-4' outbound='trojan' -> id=5 (cp=false)
[2m2026-08-09T18:52:05.902550Z[0m [32m INFO[0m [2mhonk_core::control::routing_matcher[0m[2m:[0m rule 'rule-5' outbound='anytls-sb' -> id=6 (cp=false)
[2m2026-08-09T18:52:05.902555Z[0m [32m INFO[0m [2mhonk_core::control::routing_matcher[0m[2m:[0m rule 'rule-6' outbound='anytls-go' -> id=7 (cp=false)
[2m2026-08-09T18:52:05.902767Z[0m [32m INFO[0m [2mhonk_core[0m[2m:[0m DNS upstream pool attached to SharedGroupManager + traffic Router
[2m2026-08-09T18:52:05.902788Z[0m [32m INFO[0m [2mhonk_core[0m[2m:[0m Starting control plane listeners and accept loop
[2m2026-08-09T18:52:05.902794Z[0m [32m INFO[0m [2mhonk_core[0m[2m:[0m honk-core is running. Press Ctrl+C to stop.
[2m2026-08-09T18:52:05.902883Z[0m [32m INFO[0m [2mhonk_core::control[0m[2m:[0m Control plane listening for TPROXY TCPv4 on 0.0.0.0:12345
[2m2026-08-09T18:52:05.902926Z[0m [32m INFO[0m [2mhonk_core::control[0m[2m:[0m Control plane listening for TPROXY TCPv6 on [::]:12345
[2m2026-08-09T18:52:05.903001Z[0m [32m INFO[0m [2mhonk_core::control[0m[2m:[0m Control plane listening for TPROXY UDPv4 x4 on 0.0.0.0:12345
[2m2026-08-09T18:52:05.903099Z[0m [32m INFO[0m [2mhonk_core::control[0m[2m:[0m Control plane listening for TPROXY UDPv6 x4 on [::]:12345
[2m2026-08-09T18:52:05.903115Z[0m [32m INFO[0m [2mhonk_core::ebpf::real[0m[2m:[0m Published listener socket to LISTEN_SOCKET_MAP [3mfd[0m[2m=[0m71 [3mkey[0m[2m=[0m0
[2m2026-08-09T18:52:05.903131Z[0m [32m INFO[0m [2mhonk_core::ebpf::real[0m[2m:[0m Published listener socket to LISTEN_SOCKET_MAP [3mfd[0m[2m=[0m73 [3mkey[0m[2m=[0m1
[2m2026-08-09T18:52:05.903138Z[0m [32m INFO[0m [2mhonk_core::ebpf::real[0m[2m:[0m Published listener socket to LISTEN_SOCKET_MAP [3mfd[0m[2m=[0m74 [3mkey[0m[2m=[0m2
[2m2026-08-09T18:52:05.903145Z[0m [32m INFO[0m [2mhonk_core::ebpf::real[0m[2m:[0m Published listener socket to LISTEN_SOCKET_MAP [3mfd[0m[2m=[0m70 [3mkey[0m[2m=[0m3
[2m2026-08-09T18:52:05.903151Z[0m [32m INFO[0m [2mhonk_core::ebpf::real[0m[2m:[0m Published listener socket to LISTEN_SOCKET_MAP [3mfd[0m[2m=[0m75 [3mkey[0m[2m=[0m4
[2m2026-08-09T18:52:05.903162Z[0m [32m INFO[0m [2mhonk_core::ebpf::real[0m[2m:[0m Published listener socket to LISTEN_SOCKET_MAP [3mfd[0m[2m=[0m77 [3mkey[0m[2m=[0m5
[2m2026-08-09T18:52:05.903169Z[0m [32m INFO[0m [2mhonk_core::ebpf::real[0m[2m:[0m Published listener socket to LISTEN_SOCKET_MAP [3mfd[0m[2m=[0m78 [3mkey[0m[2m=[0m6
[2m2026-08-09T18:52:05.903176Z[0m [32m INFO[0m [2mhonk_core::ebpf::real[0m[2m:[0m Published listener socket to LISTEN_SOCKET_MAP [3mfd[0m[2m=[0m79 [3mkey[0m[2m=[0m7
[2m2026-08-09T18:52:05.903191Z[0m [32m INFO[0m [2mhonk_core::ebpf::real[0m[2m:[0m Published listener socket to LISTEN_SOCKET_MAP [3mfd[0m[2m=[0m80 [3mkey[0m[2m=[0m8
[2m2026-08-09T18:52:05.903186Z[0m [32m INFO[0m [2mhonk_core::clash_api[0m[2m:[0m clash API listening on http://127.0.0.1:9090
[2m2026-08-09T18:52:05.903197Z[0m [32m INFO[0m [2mhonk_core::ebpf::real[0m[2m:[0m Published listener socket to LISTEN_SOCKET_MAP [3mfd[0m[2m=[0m81 [3mkey[0m[2m=[0m9
[2m2026-08-09T18:52:05.903325Z[0m [32m INFO[0m [2mhonk_core::control::routing_matcher[0m[2m:[0m Pushed 32 MatchSet entries to eBPF ROUTING_MAP
[2m2026-08-09T18:52:05.903336Z[0m [32m INFO[0m [2mhonk_core::control[0m[2m:[0m BPF map janitor started
[2m2026-08-09T18:52:05.903345Z[0m [32m INFO[0m [2mhonk_outbound::tls[0m[2m:[0m TLS mode: tls (Chrome fingerprint=false)
[2m2026-08-09T18:52:05.904457Z[0m [32m INFO[0m [2mhonk_core::control::janitor[0m[2m:[0m BPF janitor: started (tick=2s; conn-state sweep is watermark-driven)
[2m2026-08-09T18:52:05.904563Z[0m [32m INFO[0m [2mhonk_outbound::alive[0m[2m:[0m Health check DNS resolved 'cp.cloudflare.com' → 4 IPs
[2m2026-08-09T18:52:05.904571Z[0m [32m INFO[0m [2mhonk_core::control[0m[2m:[0m HTTP health check enabled (url=http://cp.cloudflare.com, method=HEAD)
[2m2026-08-09T18:52:05.904581Z[0m [32m INFO[0m [2mhonk_core::control[0m[2m:[0m UDP health check enabled (dns=8.8.8.8:53)
[2m2026-08-09T18:52:05.904586Z[0m [32m INFO[0m [2mhonk_core::control[0m[2m:[0m Starting health check loop (interval=3600s, timeout=5s)
[2m2026-08-09T18:52:05.904593Z[0m [32m INFO[0m [2mhonk_core::control[0m[2m:[0m Outbound health check loop started (interval=3600s)
[2m2026-08-09T18:52:05.904606Z[0m [32m INFO[0m [2mhonk_core::control[0m[2m:[0m Connection pool janitor started
[2m2026-08-09T18:52:05.904628Z[0m [32m INFO[0m [2mhonk_core::control[0m[2m:[0m Preconnect warmup started for 2 nodes (max 4 concurrent)
[2m2026-08-09T18:52:05.904650Z[0m [32m INFO[0m [2mhonk_core::control[0m[2m:[0m eBPF datapath admission opened after listener publication
[2m2026-08-09T18:52:10.209127Z[0m [32m INFO[0m [2mhonk_outbound::alive::probe[0m[2m:[0m Node 'anytls-sb' is alive after HTTP health check
[2m2026-08-09T18:52:10.209703Z[0m [32m INFO[0m [2mhonk_outbound::alive::probe[0m[2m:[0m Node 'hy2' is alive after HTTP health check
[2m2026-08-09T18:52:10.210319Z[0m [32m INFO[0m [2mhonk_outbound::alive::probe[0m[2m:[0m Node 'hy2' is alive after HTTP health check
[2m2026-08-09T18:52:10.210321Z[0m [32m INFO[0m [2mhonk_outbound::alive::probe[0m[2m:[0m Node 'tuic' is alive after HTTP health check
[2m2026-08-09T18:52:10.211176Z[0m [32m INFO[0m [2mhonk_outbound::alive::probe[0m[2m:[0m Node 'tuic' is alive after HTTP health check
[2m2026-08-09T18:52:10.212220Z[0m [32m INFO[0m [2mhonk_outbound::alive::probe[0m[2m:[0m Node 'ss2022' is alive after HTTP health check
[2m2026-08-09T18:52:10.213213Z[0m [32m INFO[0m [2mhonk_outbound::alive::probe[0m[2m:[0m Node 'ss2022' is alive after HTTP health check
[2m2026-08-09T18:52:10.214675Z[0m [32m INFO[0m [2mhonk_outbound::alive::probe[0m[2m:[0m Node 'anytls-go' is alive after HTTP health check
[2m2026-08-09T18:52:10.214681Z[0m [32m INFO[0m [2mhonk_outbound::alive::probe[0m[2m:[0m Node 'anytls-go' is alive after HTTP health check
[2m2026-08-09T18:52:10.216891Z[0m [32m INFO[0m [2mhonk_outbound::alive::probe[0m[2m:[0m Node 'trojan' is alive after HTTP health check
[2m2026-08-09T18:52:10.510771Z[0m [32m INFO[0m [2mhonk_outbound::alive::probe[0m[2m:[0m Node 'anytls-sb' is alive after HTTP health check
[2m2026-08-09T18:52:10.523136Z[0m [32m INFO[0m [2mhonk_outbound::alive::probe[0m[2m:[0m Node 'trojan' is alive after HTTP health check
[2m2026-08-09T18:52:39.263497Z[0m [32m INFO[0m [2mhonk_core[0m[2m:[0m Received SIGTERM, shutting down...
[2m2026-08-09T18:52:39.264081Z[0m [32m INFO[0m [2mhonk_core::control::drain[0m[2m:[0m DrainTracker: rejecting new connections
[2m2026-08-09T18:52:39.264092Z[0m [32m INFO[0m [2mhonk_core::control[0m[2m:[0m Control plane shutting down, draining 0 active connections
[2m2026-08-09T18:52:39.264176Z[0m [32m INFO[0m [2mhonk_core::control[0m[2m:[0m shutdown: detaching eBPF hooks
[2m2026-08-09T18:52:39.264178Z[0m [32m INFO[0m [2mhonk_core::ebpf::real[0m[2m:[0m Detaching BPF hooks (lan_ingress, lan_egress, wan_egress, wan_ingress, bond slaves, bridge slaves, cgroup, dae0, sk_lookup)
[2m2026-08-09T18:52:39.401986Z[0m [32m INFO[0m [2mhonk_core::ebpf::real[0m[2m:[0m BPF hooks detached, network restored
[2m2026-08-09T18:52:39.402001Z[0m [32m INFO[0m [2mhonk_core::control[0m[2m:[0m shutdown: draining connections
[2m2026-08-09T18:52:39.402003Z[0m [32m INFO[0m [2mhonk_core::control::drain[0m[2m:[0m DrainTracker: rejecting new connections
[2m2026-08-09T18:52:39.402004Z[0m [32m INFO[0m [2mhonk_core::control::drain[0m[2m:[0m DrainTracker: no active connections to drain
[2m2026-08-09T18:52:39.402006Z[0m [32m INFO[0m [2mhonk_core::control[0m[2m:[0m shutdown: retiring outbound runtime generation
[2m2026-08-09T18:52:39.402035Z[0m [32m INFO[0m [2mhonk_core::control[0m[2m:[0m shutdown: stopping DNS controller
[2m2026-08-09T18:52:39.402425Z[0m [32m INFO[0m [2mhonk_core::control[0m[2m:[0m shutdown: cleaning up eBPF backend
[2m2026-08-09T18:52:39.402430Z[0m [32m INFO[0m [2mhonk_core::ebpf::real[0m[2m:[0m Detaching BPF hooks (lan_ingress, lan_egress, wan_egress, wan_ingress, bond slaves, bridge slaves, cgroup, dae0, sk_lookup)
[2m2026-08-09T18:52:39.402431Z[0m [32m INFO[0m [2mhonk_core::ebpf::real[0m[2m:[0m BPF hooks detached, network restored
[2m2026-08-09T18:52:39.603934Z[0m [32m INFO[0m [2mhonk_core::control[0m[2m:[0m Control plane stopped
[2m2026-08-09T18:52:39.603982Z[0m [32m INFO[0m [2mhonk_core[0m[2m:[0m honk-core stopped
[2m2026-08-09T18:52:39.603990Z[0m [32m INFO[0m [2mhonk_core[0m[2m:[0m Cleaning up dae0 side effects
