
running 1 test
test control::routing_matcher::tests::canonical_prefixes_inherit_without_cross_family_matches ... ok

test result: ok. 1 passed; 0 failed; 0 ignored; 0 measured; 951 filtered out; finished in 0.00s


running 0 tests

test result: ok. 0 passed; 0 failed; 0 ignored; 0 measured; 6 filtered out; finished in 0.00s


running 0 tests

test result: ok. 0 passed; 0 failed; 0 ignored; 0 measured; 31 filtered out; finished in 0.00s


running 0 tests

test result: ok. 0 passed; 0 failed; 0 ignored; 0 measured; 1 filtered out; finished in 0.00s


running 0 tests

test result: ok. 0 passed; 0 failed; 0 ignored; 0 measured; 5 filtered out; finished in 0.00s


running 0 tests

test result: ok. 0 passed; 0 failed; 0 ignored; 0 measured; 0 filtered out; finished in 0.00s


running 0 tests

test result: ok. 0 passed; 0 failed; 0 ignored; 0 measured; 27 filtered out; finished in 0.00s

    Blocking waiting for file lock on package cache
    Blocking waiting for file lock on package cache
    Blocking waiting for file lock on package cache
   Compiling cfg-if v1.0.4
   Compiling typenum v1.20.1
   Compiling itoa v1.0.18
   Compiling rand_core v0.10.1
   Compiling log v0.4.34
   Compiling memchr v2.8.3
   Compiling bytes v1.12.1
   Compiling smallvec v1.15.2
   Compiling pin-project-lite v0.2.17
   Compiling once_cell v1.21.4
   Compiling scopeguard v1.2.0
   Compiling futures-core v0.3.34
   Compiling libc v0.2.189
   Compiling serde_core v1.0.229
   Compiling futures-sink v0.3.34
   Compiling zmij v1.0.23
   Compiling thiserror v2.0.20
   Compiling slab v0.4.12
   Compiling foldhash v0.2.0
   Compiling cmov v0.5.4
   Compiling zerofrom v0.1.8
   Compiling lock_api v0.4.14
   Compiling cpufeatures v0.3.0
   Compiling zeroize v1.9.0
   Compiling stable_deref_trait v1.2.1
   Compiling subtle v2.6.1
   Compiling yoke v0.8.3
   Compiling futures-channel v0.3.34
   Compiling futures-io v0.3.34
   Compiling tracing-core v0.1.36
   Compiling futures-task v0.3.34
   Compiling aws-lc-sys v0.44.0
   Compiling allocator-api2 v0.2.21
   Compiling rustls-pki-types v1.15.1
   Compiling ctutils v0.4.2
   Compiling bitflags v2.13.1
   Compiling equivalent v1.0.2
   Compiling untrusted v0.9.0
   Compiling glob v0.3.4
   Compiling anyhow v1.0.104
   Compiling const-oid v0.10.2
   Compiling litemap v0.8.3
   Compiling writeable v0.6.4
   Compiling strsim v0.11.1
   Compiling zerovec v0.11.8
   Compiling percent-encoding v2.3.2
   Compiling zerotrie v0.2.5
   Compiling serde_json v1.0.151
   Compiling zerocopy v0.8.56
   Compiling httparse v1.10.1
   Compiling utf8_iter v1.0.4
   Compiling hashbrown v0.17.1
   Compiling http v1.5.0
   Compiling rustc-hash v2.1.3
   Compiling icu_properties_data v2.3.0
   Compiling tracing v0.1.44
   Compiling futures-util v0.3.34
   Compiling icu_normalizer_data v2.3.0
   Compiling libloading v0.8.9
   Compiling tower-service v0.3.3
   Compiling darling_core v0.23.0
   Compiling aho-corasick v1.1.5
   Compiling num-traits v0.2.19
   Compiling clang-sys v1.9.1
   Compiling crc32fast v1.5.1
   Compiling form_urlencoded v1.2.2
   Compiling hybrid-array v0.4.14
   Compiling generic-array v0.14.7
   Compiling atomic-waker v1.1.2
   Compiling openssl-probe v0.2.1
   Compiling tinystr v0.8.4
   Compiling potential_utf v0.1.6
   Compiling regex-syntax v0.8.11
   Compiling rustls-native-certs v0.8.4
   Compiling crossbeam-utils v0.8.22
   Compiling cpufeatures v0.2.17
   Compiling icu_collections v2.3.0
   Compiling bindgen v0.72.1
   Compiling icu_locale_core v2.3.0
   Compiling httpdate v1.0.3
   Compiling indexmap v2.14.0
   Compiling block-buffer v0.12.1
   Compiling inout v0.2.2
   Compiling tower-layer v0.3.3
   Compiling http-body v1.1.0
   Compiling base64 v0.22.1
   Compiling ipnet v2.12.1
   Compiling getrandom v0.4.3
   Compiling parking_lot_core v0.9.12
   Compiling errno v0.3.14
   Compiling socket2 v0.6.5
   Compiling mio v1.2.2
   Compiling signal-hook-registry v1.4.8
   Compiling crypto-common v0.2.2
   Compiling parking_lot v0.12.5
   Compiling getrandom v0.2.17
   Compiling cargo_metadata v0.23.1
   Compiling block-buffer v0.10.4
   Compiling crypto-common v0.1.7
   Compiling ring v0.17.14
   Compiling getrandom v0.3.4
   Compiling digest v0.10.7
   Compiling try-lock v0.2.5
   Compiling tokio v1.53.1
   Compiling icu_provider v2.3.1
   Compiling data-encoding v2.11.1
   Compiling rand_core v0.9.5
   Compiling want v0.3.1
   Compiling libm v0.2.16
   Compiling portable-atomic v1.15.0
   Compiling sync_wrapper v1.0.2
   Compiling serde v1.0.229
   Compiling icu_normalizer v2.3.0
   Compiling icu_properties v2.3.0
   Compiling cpubits v0.1.1
   Compiling utf8parse v0.2.2
   Compiling ryu v1.0.23
   Compiling cipher v0.5.2
   Compiling digest v0.11.3
   Compiling universal-hash v0.6.1
   Compiling regex-automata v0.4.18
   Compiling chacha20 v0.10.1
   Compiling siphasher v1.0.3
   Compiling aya-build v0.2.0
   Compiling tinyvec_macros v0.1.1
   Compiling tinyvec v1.12.0
   Compiling anstyle-parse v1.0.0
   Compiling object v0.39.1
   Compiling rand v0.10.2
   Compiling fastbloom v0.17.0
   Compiling http-body-util v0.1.5
   Compiling rand_pcg v0.10.2
   Compiling aya-ebpf-cty v0.3.0
   Compiling aya-ebpf-bindings v0.2.0
   Compiling is_terminal_polyfill v1.70.2
   Compiling idna_adapter v1.2.2
   Compiling mime v0.3.17
   Compiling idna v1.1.0
   Compiling colorchoice v1.0.5
   Compiling foreign-types-shared v0.3.1
   Compiling unicase v2.9.0
   Compiling lru-slab v0.1.2
   Compiling winnow v1.0.4
   Compiling anstyle v1.0.14
   Compiling sha1_smol v1.0.1
   Compiling alloc-no-stdlib v2.0.4
   Compiling anstyle-query v1.1.5
   Compiling mime_guess v2.0.5
   Compiling uuid v1.26.0
   Compiling alloc-stdlib v0.2.4
   Compiling anstream v1.0.0
   Compiling foreign-types v0.5.0
   Compiling url v2.5.8
   Compiling quinn-udp v0.5.15 (https://github.com/Glassyiris/quinn?rev=7f13718a#7f13718a)
   Compiling memoffset v0.9.1
   Compiling polyval v0.7.3
   Compiling toml_parser v1.1.3+spec-1.1.0
   Compiling sha1 v0.11.0
   Compiling aead v0.6.1
   Compiling darling_macro v0.23.0
   Compiling toml_datetime v1.1.1+spec-1.1.0
   Compiling serde_spanned v1.1.1
   Compiling sha1 v0.10.7
   Compiling keccak v0.2.2
   Compiling clap_lex v1.1.0
   Compiling assert_matches v1.5.0
   Compiling fastrand v2.5.0
   Compiling unsafe-libyaml v0.2.11
   Compiling sponge-cursor v0.1.0
   Compiling toml_writer v1.1.2+spec-1.1.0
   Compiling iana-time-zone v0.1.65
   Compiling clap_builder v4.6.6
   Compiling tungstenite v0.30.0
   Compiling ghash v0.6.0
   Compiling darling v0.23.0
   Compiling wincode-derive v0.4.6
   Compiling chrono v0.4.45
   Compiling toml v1.1.4+spec-1.1.0
   Compiling futures-executor v0.3.34
   Compiling crossbeam-epoch v0.9.20
   Compiling brotli-decompressor v5.0.3
   Compiling poly1305 v0.9.1
   Compiling ppv-lite86 v0.2.21
   Compiling aes v0.9.2
   Compiling ctr v0.10.1
   Compiling hmac v0.13.0
   Compiling constant_time_eq v0.4.2
   Compiling simd-adler32 v0.3.10
   Compiling fnv v1.0.7
   Compiling serde_yaml v0.9.34+deprecated
   Compiling cty v0.2.2
   Compiling zlib-rs v0.6.7
   Compiling bumpalo v3.20.3
   Compiling arrayvec v0.7.8
   Compiling rand_chacha v0.9.0
   Compiling either v1.18.0
   Compiling lazy_static v1.5.0
   Compiling base64 v0.23.1
   Compiling rand v0.9.5
   Compiling blake3 v1.8.7
   Compiling zopfli v0.8.3
   Compiling sharded-slab v0.1.7
   Compiling brotli v8.0.4
   Compiling aes-gcm v0.11.1
   Compiling libmimalloc-sys v0.1.49
   Compiling hkdf v0.13.0
   Compiling regex v1.13.1
   Compiling matchers v0.2.0
   Compiling chacha20poly1305 v0.11.0
   Compiling tungstenite v0.29.0
   Compiling crossbeam-deque v0.8.7
   Compiling half v2.7.1
   Compiling futures v0.3.34
   Compiling libsqlite3-sys v0.38.2
   Compiling nix v0.29.0
   Compiling sha3 v0.12.0
   Compiling wincode v0.5.5
   Compiling shake v0.1.0
   Compiling axum-core v0.5.6
   Compiling md-5 v0.11.0
   Compiling sha2 v0.11.0
   Compiling serde_urlencoded v0.7.1
   Compiling tracing-serde v0.2.0
   Compiling serde_path_to_error v0.1.20
   Compiling sha2 v0.10.9
   Compiling hmac v0.12.1
   Compiling clap v4.6.6
   Compiling honk-config v0.0.1-alpha (/root/.herdr/worktrees/honk/perf-ir/crates/honk-config)
   Compiling lru v0.18.2
   Compiling hashlink v0.12.1
   Compiling honk-core v0.0.1-alpha (/root/.herdr/worktrees/honk/perf-ir/crates/honk-core)
   Compiling webpki-root-certs v1.0.9
   Compiling nom v8.0.0
   Compiling tracing-log v0.2.0
   Compiling thread_local v1.1.10
   Compiling matchit v0.8.4
   Compiling nu-ansi-term v0.50.3
   Compiling powerfmt v0.2.0
   Compiling typed-path v0.12.3
   Compiling http-range-header v0.4.2
   Compiling hashbrown v0.14.5
   Compiling ciborium-io v0.2.2
   Compiling time-core v0.1.9
   Compiling fallible-streaming-iterator v0.1.9
   Compiling num-conv v0.2.2
   Compiling fallible-iterator v0.3.0
   Compiling deranged v0.5.8
   Compiling plotters-backend v0.3.7
   Compiling ciborium-ll v0.2.2
   Compiling tracing-subscriber v0.3.23
   Compiling rayon-core v1.13.0
   Compiling rusqlite v0.40.2
   Compiling network-types v0.2.0
   Compiling dashmap v6.2.1
   Compiling plotters-svg v0.3.7
   Compiling nix v0.31.3
   Compiling tokio-util v0.7.19
   Compiling hyper v1.11.0
   Compiling tower v0.5.3
   Compiling aya-obj v0.3.0
   Compiling h2 v0.4.19
   Compiling tokio-tungstenite v0.30.0
   Compiling tower-http v0.6.11
   Compiling h3 v0.0.8
   Compiling flate2 v1.1.9
   Compiling tokio-tungstenite v0.29.0
   Compiling tower-http v0.7.0
   Compiling hyper-util v0.1.20
   Compiling time v0.3.55
   Compiling mimalloc v0.1.52
   Compiling itertools v0.13.0
   Compiling linux-raw-sys v0.12.1
   Compiling same-file v1.0.6
   Compiling cast v0.3.0
   Compiling zip v8.6.0
   Compiling walkdir v2.5.0
   Compiling rayon v1.12.0
   Compiling plotters v0.3.7
   Compiling libsystemd v0.7.2
   Compiling rustix v1.1.4
   Compiling alloca v0.4.0
   Compiling ciborium v0.2.2
   Compiling tinytemplate v1.2.1
   Compiling boring-sys v5.2.0 (https://github.com/Glassyiris/boring-sys?rev=3beb573b65ecaa69b7eefe3c2fecd074b97facd2#3beb573b)
   Compiling aya v0.14.0
   Compiling yasna v0.6.0
   Compiling pem v3.0.6
   Compiling page_size v0.6.0
   Compiling oorandom v11.1.5
   Compiling anes v0.1.6
   Compiling webpki-roots v1.0.9
   Compiling rustls-pemfile v2.2.0
   Compiling stats_alloc v0.1.10
   Compiling criterion-plot v0.8.2
   Compiling rcgen v0.14.9
   Compiling axum v0.8.9
   Compiling tempfile v3.27.0
   Compiling criterion v0.8.2
   Compiling honk-ebpf-common v0.0.1-alpha (/root/.herdr/worktrees/honk/perf-ir/crates/honk-ebpf-common)
   Compiling aws-lc-rs v1.18.0
   Compiling rustls v0.23.43
   Compiling rustls-webpki v0.103.15
   Compiling rustls-platform-verifier v0.7.0
   Compiling tokio-rustls v0.26.4
   Compiling quinn-proto v0.11.17 (https://github.com/Glassyiris/quinn?rev=7f13718a#7f13718a)
   Compiling hyper-rustls v0.27.9
   Compiling reqwest v0.13.4
   Compiling quinn v0.11.11 (https://github.com/Glassyiris/quinn?rev=7f13718a#7f13718a)
   Compiling h3-quinn v0.0.10
   Compiling boring v5.2.0
   Compiling tokio-boring v5.2.0
   Compiling honk-outbound v0.0.1-alpha (/root/.herdr/worktrees/honk/perf-ir/crates/honk-outbound)
    Finished `test` profile [unoptimized + debuginfo] target(s) in 1m 35s
     Running unittests src/lib.rs (target/debug/deps/honk_core-9dd86c27ee75f779)
     Running unittests src/main.rs (target/debug/deps/honk_core-7bed8636c7f251b6)
     Running tests/clash_api_test.rs (target/debug/deps/clash_api_test-84d7dd9d57313420)
     Running tests/config_dae_routing_test.rs (target/debug/deps/config_dae_routing_test-386debc76a5a3911)
     Running tests/dns_runtime_test.rs (target/debug/deps/dns_runtime_test-e4ee5547bcfb7a01)
     Running tests/ebpf_datapath_test.rs (target/debug/deps/ebpf_datapath_test-65e44fc7ce782bf9)
     Running tests/integration_test.rs (target/debug/deps/integration_test-85b8ae47c6af2696)
