time="Aug 08 11:35:52" level=info msg="Include config files: [/root/dae-benchmark-20260808.dae]"
time="Aug 08 11:35:52" level=warning msg="so_mark_from_dae is unset; using internal socket mark 0x100 to prevent dae UDP self-capture"
time="Aug 08 11:35:52" level=info msg="purging stale TC filters before startup"
time="Aug 08 11:35:52" level=info msg="Waiting for network..."
time="Aug 08 11:35:57" level=info msg="Network online."
time="Aug 08 11:35:57" level=info msg="Building control plane and routing rules..."
time="Aug 08 11:35:57" level=info msg="Kernel v6.18.41 supports Netkit, attempting to create Netkit device pair"
time="Aug 08 11:35:57" level=info msg="Successfully created Netkit device pair dae0 <-> dae0peer via netlink API (scrub=false)"
time="Aug 08 11:35:57" level=info msg="Successfully created Netkit device pair dae0 <-> dae0peer using netlink API"
time="Aug 08 11:35:57" level=info msg="Successfully created Netkit device pair (performance mode)"
time="Aug 08 11:35:57" level=info msg="Loading eBPF programs and maps into the kernel..."
time="Aug 08 11:35:57" level=info msg="The loading process takes about 120MB free memory, which will be released after loading. Insufficient memory will cause loading failure."
time="Aug 08 11:35:57" level=info msg="Safely enabled bpf_redirect_peer() (kernel v6.18.41, netkit+scrub=NONE)"
time="Aug 08 11:35:59" level=info msg="Loaded eBPF programs and maps"
time="Aug 08 11:35:59" level=warning msg="AllowInsecure is enabled, but it is not recommended. Please make sure you have to turn it on."
time="Aug 08 11:35:59" level=info msg="Optimizing and loading routing rules (this may take a while for large rule sets)..."
time="Aug 08 11:35:59" level=info msg="Building routing matcher..."
time="Aug 08 11:35:59" level=info msg="Loading routing rules into kernel space (BPF)..."
time="Aug 08 11:35:59" level=info msg="Routing match set len: 17/1024"
time="Aug 08 11:35:59" level=info msg="Building userspace routing matcher..."
time="Aug 08 11:35:59" level=info msg="Health check will only verify 5 outbounds referenced by routing rules: [direct hy2 tuic ss2022 trojan]"
time="Aug 08 11:35:59" level=info msg="Memory usage after routing build: Alloc=4MiB, Sys=26MiB, HeapObjects=11222"
time="Aug 08 11:35:59" level=info msg="Bind to LAN: veth-lab"
time="Aug 08 11:35:59" level=info msg="TCP relay eBPF offload is disabled due to kernel panic issues; falling back to userspace relay"
time="Aug 08 11:35:59" level=info msg="Bind to WAN: enxbada2e0076a1"
time="Aug 08 11:35:59" level=info msg="Control plane built in 1.948061374s"
time="Aug 08 11:35:59" level=info msg="Total startup time: 7.122695605s"
